<html>
<body>
<pre>
<h1>µVision Build Log</h1>
<h2>Tool Versions:</h2>
IDE-Version: µVision V5.28.0.0
Copyright (C) 2019 ARM Ltd and ARM Germany GmbH. All rights reserved.
License Information: Gerd Kaiser, via traffic, LIC=50D5Z-3MTR1-R0JHL-YL7PF-NJ0C2-Q16LU
 
Tool Versions:
Toolchain:       MDK-ARM Professional  Version: 5.28.0.0
Toolchain Path:  C:\Keil_v5\ARM\ARMCC_504u2\Bin
C Compiler:      Armcc.exe V5.04 update 2 (build 82)
Assembler:       Armasm.exe V5.04 update 2 (build 82)
Linker/Locator:  ArmLink.exe V5.04 update 2 (build 82)
Library Manager: ArmAr.exe V5.04 update 2 (build 82)
Hex Converter:   FromElf.exe V5.04 update 2 (build 82)
CPU DLL:         SARMCM3.DLL V5.28.0.0
Dialog DLL:      DARMP1.DLL V1.27.0.0
Target DLL:      ULP2CM3.DLL V2.211.20.0
Dialog DLL:      TARMP1.DLL V1.26.0.0
 
<h2>Project:</h2>
C:\viaTraffic\GitHub\Projects\sism555\sism.uvprojx
Project File Date:  04/22/2026

<h2>Output:</h2>
*** Using Compiler 'V5.04 update 2 (build 82)', folder: 'C:\Keil_v5\ARM\ARMCC_504u2\Bin'
Rebuild target 'sism'
compiling fio.c...
compiling sictxt.c...
compiling i2cm.c...
compiling sictst.c...
compiling flash.c...
compiling ramcode.c...
compiling libtool.c...
compiling hard.c...
compiling main.c...
compiling sio.c...
compiling sicom.c...
compiling rtc.c...
compiling xmodem.c...
compiling USB_tools.c...
compiling btio.c...
compiling sictxt_d-f-i.c...
compiling sictxt_d-f-pl.c...
compiling sictxt_e-cz-sl.c...
compiling measure.c...
compiling gpsio.c...
compiling gsmio.c...
compiling mqtt.c...
compiling sictxt_e-es-i.c...
compiling sictxt_e-es-pt.c...
compiling RTX_Conf_CM.c...
compiling sictxt_e-f-nl.c...
compiling OTG_LPC17xx.c...
compiling USBH_LPC17xx.c...
compiling GPDMA_LPC17xx.c...
assembling startup_LPC17xx.s...
compiling I2C_LPC17xx.c...
compiling USBD_LPC17xx.c...
compiling PIN_LPC17xx.c...
compiling GPIO_LPC17xx.c...
compiling FS_Config.c...
compiling USBH_Config_0.c...
compiling USBD_Config_0.c...
compiling system_LPC17xx.c...
linking...
Program Size: Code=128130 RO-data=18858 RW-data=396 ZI-data=29384  
After Build - User command #1: C:\Keil_v5\ARM\ARMCC\bin\fromelf.exe --bin --output sism.bin .\Objects\sism.axf
After Build - User command #2: C:\Keil_v5\ARM\ARMCC\bin\fromelf.exe --i32 --output sism.hex .\Objects\sism.axf
".\Objects\sism.axf" - 0 Error(s), 0 Warning(s).

<h2>Software Packages used:</h2>

Package Vendor: ARM
                http://www.keil.com/pack/ARM.CMSIS.4.2.0.pack
                ARM.CMSIS.4.2.0
                CMSIS (Cortex Microcontroller Software Interface Standard)
   * Component: I2C Version: 2.02
   * Component: USB Device Version: 2.01
   * Component: USB Host Version: 2.01
   * Component: RTOS Version: 1.0
   * Component: CORE Version: 3.40.0
   * Component: Keil RTX Version: 4.75.0

Package Vendor: Keil
                http://www.keil.com/pack/Keil.LPC1700_DFP.2.0.0.pack
                Keil.LPC1700_DFP.2.0.0
                NXP LPC1700 Series Device Support, Drivers and Examples for MCB1700
   * Component: I2C Version: 2.01
   * Component: USB Device Version: 2.00
   * Component: USB Host Version: 2.00
   * Component: GPDMA Version: 1.00
   * Component: GPIO Version: 1.00
   * Component: PIN Version: 1.00
   * Component: Startup Version: 1.0.0

Package Vendor: Keil
                http://www.keil.com/pack/Keil.MDK-Middleware.6.2.0.pack
                Keil.MDK-Middleware.6.2.0
                Keil MDK-ARM Professional Middleware for ARM Cortex-M based devices
   * Component: CORE Variant: LFN Version: 6.2.0
   * Component: USB Version: 6.2.0
   * Component: CORE Version: 6.2.0
   * Component: Device Version: 6.2.0
   * Component: CDC Version: 6.2.0
   * Component: Host Version: 6.2.0
   * Component: MSC Version: 6.2.0

<h2>Collection of Component include folders:</h2>
  .\RTE\Device\LPC1768
  .\RTE\_sism
  C:\Users\Kaiser\AppData\Local\Arm\Packs\ARM\CMSIS\4.2.0\CMSIS\Driver\Include
  C:\Users\Kaiser\AppData\Local\Arm\Packs\ARM\CMSIS\4.2.0\CMSIS\Include
  C:\Users\Kaiser\AppData\Local\Arm\Packs\ARM\CMSIS\4.2.0\CMSIS_RTX\INC
  C:\Users\Kaiser\AppData\Local\Arm\Packs\Keil\LPC1700_DFP\2.0.0\Device\Include
  C:\Users\Kaiser\AppData\Local\Arm\Packs\Keil\LPC1700_DFP\2.0.0\RTE_Driver
  C:\Users\Kaiser\AppData\Local\Arm\Packs\Keil\MDK-Middleware\6.2.0\FileSystem\Include
  C:\Users\Kaiser\AppData\Local\Arm\Packs\Keil\MDK-Middleware\6.2.0\USB\Include

<h2>Collection of Component Files used:</h2>

   * Component: ::CMSIS Driver:I2C:2.02 (API)
      Include file:  CMSIS\Driver\Include\Driver_I2C.h

   * Component: ::CMSIS Driver:USB Device:2.01 (API)
      Include file:  CMSIS\Driver\Include\Driver_USBD.h

   * Component: ::CMSIS Driver:USB Host:2.01 (API)
      Include file:  CMSIS\Driver\Include\Driver_USBH.h

   * Component: ::CMSIS:RTOS:1.0 (API)

   * Component: ARM::CMSIS:CORE:3.40.0
      Source file:   CMSIS\UserCodeTemplates\ARM\ITM_Retarget.c

   * Component: ARM::CMSIS:RTOS:Keil RTX:4.75.0
      Source file:   CMSIS_RTX\UserCodeTemplates\MemPool.c
      Include file:  CMSIS_RTX\UserCodeTemplates\osObjects.h
      Source file:   CMSIS_RTX\Templates\RTX_Conf_CM.c
      Source file:   CMSIS_RTX\UserCodeTemplates\main.c
      Source file:   CMSIS_RTX\UserCodeTemplates\Mutex.c
      Source file:   CMSIS_RTX\UserCodeTemplates\Timer.c
      Source file:   CMSIS_RTX\UserCodeTemplates\MsgQueue.c
      Source file:   CMSIS_RTX\SRC\ARM\SVC_Table.s
      Source file:   CMSIS_RTX\UserCodeTemplates\Thread.c
      Source file:   CMSIS_RTX\UserCodeTemplates\MailQueue.c
      Library file:  CMSIS_RTX\LIB\ARM\RTX_CM3.lib
      Source file:   CMSIS_RTX\UserCodeTemplates\Semaphore.c
      Include file:  CMSIS_RTX\INC\cmsis_os.h

   * Component: Keil.MDK-Pro::File System:CORE:LFN:6.2.0
      Include file:  FileSystem\Include\rl_fs.h
      Library file:  FileSystem\Lib\ARM\FS_LFN_CM3_L.lib
      Source file:   FileSystem\Config\FS_Config.c

   * Component: Keil.MDK-Pro::File System:Drive:USB:6.2.0
      Source file:   FileSystem\Config\FS_Config_USB.h

   * Component: Keil.MDK-Pro::USB:CORE:6.2.0
      Include file:  USB\Include\rl_usb.h
      Library file:  USB\Lib\ARM\USB_CM3_L.lib

   * Component: Keil.MDK-Pro::USB:Device:6.2.0
      Source file:   USB\Config\USBD_Config.c

   * Component: Keil.MDK-Pro::USB:Device:CDC:6.2.0
      Source file:   USB\Config\USBD_Config_CDC.h
      Source file:   USB\Template\USBD_User_CDC.c

   * Component: Keil.MDK-Pro::USB:Host:6.2.0
      Source file:   USB\Config\USBH_Config.c

   * Component: Keil.MDK-Pro::USB:Host:MSC:6.2.0
      Source file:   USB\Config\USBH_Config_MSC.h
      Source file:   USB\Template\USBH_MSC.c
      Source file:   USB\Template\USBH_MSC.h

   * Component: Keil::CMSIS Driver:I2C:2.01
      Source file:   RTE_Driver\I2C_LPC17xx.c

   * Component: Keil::CMSIS Driver:USB Device:2.00
      Source file:   RTE_Driver\OTG_LPC17xx.c
      Source file:   RTE_Driver\USBD_LPC17xx.c

   * Component: Keil::CMSIS Driver:USB Host:2.00
      Source file:   RTE_Driver\OTG_LPC17xx.c
      Source file:   RTE_Driver\USBH_LPC17xx.c

   * Component: Keil::Device:GPDMA:1.00
      Source file:   RTE_Driver\GPDMA_LPC17xx.c
      Include file:  RTE_Driver\GPDMA_LPC17xx.h

   * Component: Keil::Device:GPIO:1.00
      Include file:  RTE_Driver\GPIO_LPC17xx.h
      Source file:   RTE_Driver\GPIO_LPC17xx.c

   * Component: Keil::Device:PIN:1.00
      Source file:   RTE_Driver\PIN_LPC17xx.c
      Include file:  RTE_Driver\PIN_LPC17xx.h

   * Component: Keil::Device:Startup:1.0.0
      Include file:  Device\Include\LPC17xx.h
      Source file:   Device\Source\ARM\startup_LPC17xx.s
      Include file:  RTE_Driver\Config\RTE_Device.h
      Source file:   Device\Source\system_LPC17xx.c
Build Time Elapsed:  00:00:11
</pre>
</body>
</html>
