<!doctype html public "-//w3c//dtd html 4.0 transitional//en">
<html><head>
<title>Static Call Graph - [.\Objects\sism.axf]</title></head>
<body><HR>
<H1>Static Call Graph for image .\Objects\sism.axf</H1><HR>
<BR><P>#&#060CALLGRAPH&#062# ARM Linker, 5040081: Last Updated: Mon Jun 22 09:55:28 2026
<BR><P>
<H3>Maximum Stack Usage =        816 bytes + Unknown(Functions without stacksize, Cycles, Untraceable Function Pointers)</H3><H3>
Call chain for Maximum Stack Depth:</H3>
main &rArr; runcycle &rArr; mainmenu &rArr; get_server_config &rArr; sendmail &rArr; email_messdaten &rArr; messdaten &rArr; send_vtf_file &rArr; open_vtf_file &rArr; fopen &rArr; _freopen_locked &rArr; _sys_open &rArr; __sys_open &rArr; fat_open &rArr; path_create &rArr; frec_find &rArr; entry_pos_inc &rArr; alloc_table_read &rArr; cache_fat
<P>
<H3>
Functions with no stack information
</H3><UL>
 <LI><a href="#[297]">__user_initial_stackheap</a>
</UL>
</UL>
<P>
<H3>
Mutually Recursive functions
</H3> <LI><a href="#[3a]">rt_alloc_box</a>&nbsp;&nbsp;&nbsp;&rArr;&nbsp;&nbsp;&nbsp;<a href="#[3a]">rt_alloc_box</a><BR>
 <LI><a href="#[53]">os_idle_demon</a>&nbsp;&nbsp;&nbsp;&rArr;&nbsp;&nbsp;&nbsp;<a href="#[53]">os_idle_demon</a><BR>
 <LI><a href="#[a]">NMI_Handler</a>&nbsp;&nbsp;&nbsp;&rArr;&nbsp;&nbsp;&nbsp;<a href="#[a]">NMI_Handler</a><BR>
 <LI><a href="#[b]">HardFault_Handler</a>&nbsp;&nbsp;&nbsp;&rArr;&nbsp;&nbsp;&nbsp;<a href="#[b]">HardFault_Handler</a><BR>
 <LI><a href="#[c]">MemManage_Handler</a>&nbsp;&nbsp;&nbsp;&rArr;&nbsp;&nbsp;&nbsp;<a href="#[c]">MemManage_Handler</a><BR>
 <LI><a href="#[d]">BusFault_Handler</a>&nbsp;&nbsp;&nbsp;&rArr;&nbsp;&nbsp;&nbsp;<a href="#[d]">BusFault_Handler</a><BR>
 <LI><a href="#[e]">UsageFault_Handler</a>&nbsp;&nbsp;&nbsp;&rArr;&nbsp;&nbsp;&nbsp;<a href="#[e]">UsageFault_Handler</a><BR>
 <LI><a href="#[10]">DebugMon_Handler</a>&nbsp;&nbsp;&nbsp;&rArr;&nbsp;&nbsp;&nbsp;<a href="#[10]">DebugMon_Handler</a><BR>
 <LI><a href="#[29]">ADC_IRQHandler</a>&nbsp;&nbsp;&nbsp;&rArr;&nbsp;&nbsp;&nbsp;<a href="#[29]">ADC_IRQHandler</a><BR>
 <LI><a href="#[ab]">os_error</a>&nbsp;&nbsp;&nbsp;&rArr;&nbsp;&nbsp;&nbsp;<a href="#[ab]">os_error</a><BR>
 <LI><a href="#[c0]">_sys_exit</a>&nbsp;&nbsp;&nbsp;&rArr;&nbsp;&nbsp;&nbsp;<a href="#[c0]">_sys_exit</a><BR>
</UL>
<P>
<H3>
Function Pointers
</H3><UL>
 <LI><a href="#[29]">ADC_IRQHandler</a> from startup_lpc17xx.o(.text) referenced from startup_lpc17xx.o(RESET)
 <LI><a href="#[7b]">ARM_USBH_HCI_GetCapabilities</a> from usbh_lpc17xx.o(.text) referenced from usbh_lpc17xx.o(.constdata)
 <LI><a href="#[7a]">ARM_USBH_HCI_GetVersion</a> from usbh_lpc17xx.o(.text) referenced from usbh_lpc17xx.o(.constdata)
 <LI><a href="#[7c]">ARM_USBH_HCI_Initialize</a> from usbh_lpc17xx.o(.text) referenced from usbh_lpc17xx.o(.constdata)
 <LI><a href="#[7f]">ARM_USBH_HCI_PortVbusOnOff</a> from usbh_lpc17xx.o(.text) referenced from usbh_lpc17xx.o(.constdata)
 <LI><a href="#[7e]">ARM_USBH_HCI_PowerControl</a> from usbh_lpc17xx.o(.text) referenced from usbh_lpc17xx.o(.constdata)
 <LI><a href="#[7d]">ARM_USBH_HCI_Uninitialize</a> from usbh_lpc17xx.o(.text) referenced from usbh_lpc17xx.o(.constdata)
 <LI><a href="#[2a]">BOD_IRQHandler</a> from startup_lpc17xx.o(.text) referenced from startup_lpc17xx.o(RESET)
 <LI><a href="#[d]">BusFault_Handler</a> from startup_lpc17xx.o(.text) referenced from startup_lpc17xx.o(RESET)
 <LI><a href="#[35]">CANActivity_IRQHandler</a> from startup_lpc17xx.o(.text) referenced from startup_lpc17xx.o(RESET)
 <LI><a href="#[2c]">CAN_IRQHandler</a> from startup_lpc17xx.o(.text) referenced from startup_lpc17xx.o(RESET)
 <LI><a href="#[2d]">DMA_IRQHandler</a> from gpdma_lpc17xx.o(.text) referenced from startup_lpc17xx.o(RESET)
 <LI><a href="#[10]">DebugMon_Handler</a> from startup_lpc17xx.o(.text) referenced from startup_lpc17xx.o(RESET)
 <LI><a href="#[25]">EINT0_IRQHandler</a> from flash.o(.text) referenced from startup_lpc17xx.o(RESET)
 <LI><a href="#[26]">EINT1_IRQHandler</a> from hard.o(.text) referenced from startup_lpc17xx.o(RESET)
 <LI><a href="#[27]">EINT2_IRQHandler</a> from hard.o(.text) referenced from startup_lpc17xx.o(RESET)
 <LI><a href="#[28]">EINT3_IRQHandler</a> from startup_lpc17xx.o(.text) referenced from startup_lpc17xx.o(RESET)
 <LI><a href="#[2f]">ENET_IRQHandler</a> from startup_lpc17xx.o(.text) referenced from startup_lpc17xx.o(RESET)
 <LI><a href="#[59]">GSM_Registration</a> from gsmio.o(.text) referenced from measure.o(.constdata)
 <LI><a href="#[b]">HardFault_Handler</a> from startup_lpc17xx.o(.text) referenced from startup_lpc17xx.o(RESET)
 <LI><a href="#[66]">I2C0_Control</a> from i2c_lpc17xx.o(.text) referenced from i2c_lpc17xx.o(.constdata)
 <LI><a href="#[65]">I2C0_GetDataCount</a> from i2c_lpc17xx.o(.text) referenced from i2c_lpc17xx.o(.constdata)
 <LI><a href="#[67]">I2C0_GetStatus</a> from i2c_lpc17xx.o(.text) referenced from i2c_lpc17xx.o(.constdata)
 <LI><a href="#[1d]">I2C0_IRQHandler</a> from i2c_lpc17xx.o(.text) referenced from startup_lpc17xx.o(RESET)
 <LI><a href="#[5e]">I2C0_Initialize</a> from i2c_lpc17xx.o(.text) referenced from i2c_lpc17xx.o(.constdata)
 <LI><a href="#[62]">I2C0_MasterReceive</a> from i2c_lpc17xx.o(.text) referenced from i2c_lpc17xx.o(.constdata)
 <LI><a href="#[61]">I2C0_MasterTransmit</a> from i2c_lpc17xx.o(.text) referenced from i2c_lpc17xx.o(.constdata)
 <LI><a href="#[60]">I2C0_PowerControl</a> from i2c_lpc17xx.o(.text) referenced from i2c_lpc17xx.o(.constdata)
 <LI><a href="#[64]">I2C0_SlaveReceive</a> from i2c_lpc17xx.o(.text) referenced from i2c_lpc17xx.o(.constdata)
 <LI><a href="#[63]">I2C0_SlaveTransmit</a> from i2c_lpc17xx.o(.text) referenced from i2c_lpc17xx.o(.constdata)
 <LI><a href="#[5f]">I2C0_Uninitialize</a> from i2c_lpc17xx.o(.text) referenced from i2c_lpc17xx.o(.constdata)
 <LI><a href="#[1e]">I2C1_IRQHandler</a> from startup_lpc17xx.o(.text) referenced from startup_lpc17xx.o(RESET)
 <LI><a href="#[1f]">I2C2_IRQHandler</a> from startup_lpc17xx.o(.text) referenced from startup_lpc17xx.o(RESET)
 <LI><a href="#[5d]">I2C_GetCapabilities</a> from i2c_lpc17xx.o(.text) referenced from i2c_lpc17xx.o(.constdata)
 <LI><a href="#[5c]">I2C_GetVersion</a> from i2c_lpc17xx.o(.text) referenced from i2c_lpc17xx.o(.constdata)
 <LI><a href="#[2e]">I2S_IRQHandler</a> from startup_lpc17xx.o(.text) referenced from startup_lpc17xx.o(RESET)
 <LI><a href="#[31]">MCPWM_IRQHandler</a> from startup_lpc17xx.o(.text) referenced from startup_lpc17xx.o(RESET)
 <LI><a href="#[5a]">MQTT_Connect</a> from mqtt.o(.text) referenced from measure.o(.constdata)
 <LI><a href="#[c]">MemManage_Handler</a> from startup_lpc17xx.o(.text) referenced from startup_lpc17xx.o(RESET)
 <LI><a href="#[a]">NMI_Handler</a> from startup_lpc17xx.o(.text) referenced from startup_lpc17xx.o(RESET)
 <LI><a href="#[23]">PLL0_IRQHandler</a> from startup_lpc17xx.o(.text) referenced from startup_lpc17xx.o(RESET)
 <LI><a href="#[33]">PLL1_IRQHandler</a> from startup_lpc17xx.o(.text) referenced from startup_lpc17xx.o(RESET)
 <LI><a href="#[1c]">PWM1_IRQHandler</a> from hard.o(.text) referenced from startup_lpc17xx.o(RESET)
 <LI><a href="#[11]">PendSV_Handler</a> from hal_cm3.o(.emb_text) referenced from startup_lpc17xx.o(RESET)
 <LI><a href="#[32]">QEI_IRQHandler</a> from startup_lpc17xx.o(.text) referenced from startup_lpc17xx.o(RESET)
 <LI><a href="#[30]">RIT_IRQHandler</a> from startup_lpc17xx.o(.text) referenced from startup_lpc17xx.o(RESET)
 <LI><a href="#[24]">RTC_IRQHandler</a> from rtc.o(.text) referenced from startup_lpc17xx.o(RESET)
 <LI><a href="#[9]">Reset_Handler</a> from startup_lpc17xx.o(.text) referenced from startup_lpc17xx.o(RESET)
 <LI><a href="#[20]">SPI_IRQHandler</a> from startup_lpc17xx.o(.text) referenced from startup_lpc17xx.o(RESET)
 <LI><a href="#[21]">SSP0_IRQHandler</a> from startup_lpc17xx.o(.text) referenced from startup_lpc17xx.o(RESET)
 <LI><a href="#[22]">SSP1_IRQHandler</a> from startup_lpc17xx.o(.text) referenced from startup_lpc17xx.o(RESET)
 <LI><a href="#[f]">SVC_Handler</a> from hal_cm3.o(.emb_text) referenced from startup_lpc17xx.o(RESET)
 <LI><a href="#[12]">SysTick_Handler</a> from hal_cm3.o(.emb_text) referenced from startup_lpc17xx.o(RESET)
 <LI><a href="#[38]">SystemInit</a> from system_lpc17xx.o(.text) referenced from startup_lpc17xx.o(.text)
 <LI><a href="#[14]">TIMER0_IRQHandler</a> from startup_lpc17xx.o(.text) referenced from startup_lpc17xx.o(RESET)
 <LI><a href="#[15]">TIMER1_IRQHandler</a> from hard.o(.text) referenced from startup_lpc17xx.o(RESET)
 <LI><a href="#[16]">TIMER2_IRQHandler</a> from hard.o(.text) referenced from startup_lpc17xx.o(RESET)
 <LI><a href="#[17]">TIMER3_IRQHandler</a> from hard.o(.text) referenced from startup_lpc17xx.o(RESET)
 <LI><a href="#[18]">UART0_IRQHandler</a> from hard.o(.text) referenced from startup_lpc17xx.o(RESET)
 <LI><a href="#[19]">UART1_IRQHandler</a> from hard.o(.text) referenced from startup_lpc17xx.o(RESET)
 <LI><a href="#[1a]">UART2_IRQHandler</a> from hard.o(.text) referenced from startup_lpc17xx.o(RESET)
 <LI><a href="#[1b]">UART3_IRQHandler</a> from startup_lpc17xx.o(.text) referenced from startup_lpc17xx.o(RESET)
 <LI><a href="#[34]">USBActivity_IRQHandler</a> from startup_lpc17xx.o(.text) referenced from startup_lpc17xx.o(RESET)
 <LI><a href="#[86]">USBD0_CoreThread</a> from usbd_core.o(i.USBD0_CoreThread) referenced from usbd_config_0.o(.constdata)
 <LI><a href="#[89]">USBD0_SignalDeviceEvent</a> from usbd_config_0.o(.text) referenced from usbd_config_0.o(.constdata)
 <LI><a href="#[8a]">USBD0_SignalEndpointEvent</a> from usbd_config_0.o(.text) referenced from usbd_config_0.o(.constdata)
 <LI><a href="#[91]">USBD_CDC0_ACM_DataReceived</a> from usbd_config_0.o(.text) referenced from usbd_config_0.o(.constdata)
 <LI><a href="#[92]">USBD_CDC0_ACM_DataSent</a> from usbd_config_0.o(.text) referenced from usbd_config_0.o(.constdata)
 <LI><a href="#[8f]">USBD_CDC0_ACM_GetLineCoding</a> from usb_tools.o(.text) referenced from usbd_config_0.o(.constdata)
 <LI><a href="#[8b]">USBD_CDC0_ACM_Initialize</a> from usb_tools.o(.text) referenced from usbd_config_0.o(.constdata)
 <LI><a href="#[8d]">USBD_CDC0_ACM_Reset</a> from usb_tools.o(.text) referenced from usbd_config_0.o(.constdata)
 <LI><a href="#[90]">USBD_CDC0_ACM_SetControlLineState</a> from usb_tools.o(.text) referenced from usbd_config_0.o(.constdata)
 <LI><a href="#[8e]">USBD_CDC0_ACM_SetLineCoding</a> from usb_tools.o(.text) referenced from usbd_config_0.o(.constdata)
 <LI><a href="#[8c]">USBD_CDC0_ACM_Uninitialize</a> from usb_tools.o(.text) referenced from usbd_config_0.o(.constdata)
 <LI><a href="#[88]">USBD_CDC0_Bulk_Thread</a> from usbd_cdc.o(i.USBD_CDC0_Bulk_Thread) referenced from usbd_config_0.o(.constdata)
 <LI><a href="#[87]">USBD_CDC0_Int_Thread</a> from usbd_cdc.o(i.USBD_CDC0_Int_Thread) referenced from usbd_config_0.o(.constdata)
 <LI><a href="#[6d]">USBD_DeviceConnect</a> from usbd_lpc17xx.o(.text) referenced from usbd_lpc17xx.o(.constdata)
 <LI><a href="#[6e]">USBD_DeviceDisconnect</a> from usbd_lpc17xx.o(.text) referenced from usbd_lpc17xx.o(.constdata)
 <LI><a href="#[6f]">USBD_DeviceGetState</a> from usbd_lpc17xx.o(.text) referenced from usbd_lpc17xx.o(.constdata)
 <LI><a href="#[70]">USBD_DeviceRemoteWakeup</a> from usbd_lpc17xx.o(.text) referenced from usbd_lpc17xx.o(.constdata)
 <LI><a href="#[71]">USBD_DeviceSetAddress</a> from usbd_lpc17xx.o(.text) referenced from usbd_lpc17xx.o(.constdata)
 <LI><a href="#[73]">USBD_EndpointConfigure</a> from usbd_lpc17xx.o(.text) referenced from usbd_lpc17xx.o(.constdata)
 <LI><a href="#[75]">USBD_EndpointStall</a> from usbd_lpc17xx.o(.text) referenced from usbd_lpc17xx.o(.constdata)
 <LI><a href="#[76]">USBD_EndpointTransfer</a> from usbd_lpc17xx.o(.text) referenced from usbd_lpc17xx.o(.constdata)
 <LI><a href="#[78]">USBD_EndpointTransferAbort</a> from usbd_lpc17xx.o(.text) referenced from usbd_lpc17xx.o(.constdata)
 <LI><a href="#[77]">USBD_EndpointTransferGetResult</a> from usbd_lpc17xx.o(.text) referenced from usbd_lpc17xx.o(.constdata)
 <LI><a href="#[74]">USBD_EndpointUnconfigure</a> from usbd_lpc17xx.o(.text) referenced from usbd_lpc17xx.o(.constdata)
 <LI><a href="#[69]">USBD_GetCapabilities</a> from usbd_lpc17xx.o(.text) referenced from usbd_lpc17xx.o(.constdata)
 <LI><a href="#[79]">USBD_GetFrameNumber</a> from usbd_lpc17xx.o(.text) referenced from usbd_lpc17xx.o(.constdata)
 <LI><a href="#[68]">USBD_GetVersion</a> from usbd_lpc17xx.o(.text) referenced from usbd_lpc17xx.o(.constdata)
 <LI><a href="#[6a]">USBD_Initialize</a> from usbd_lpc17xx.o(.text) referenced from usbd_lpc17xx.o(.constdata)
 <LI><a href="#[6c]">USBD_PowerControl</a> from usbd_lpc17xx.o(.text) referenced from usbd_lpc17xx.o(.constdata)
 <LI><a href="#[72]">USBD_ReadSetupPacket</a> from usbd_lpc17xx.o(.text) referenced from usbd_lpc17xx.o(.constdata)
 <LI><a href="#[6b]">USBD_Uninitialize</a> from usbd_lpc17xx.o(.text) referenced from usbd_lpc17xx.o(.constdata)
 <LI><a href="#[93]">USBH0_CoreThread</a> from usbh_core.o(i.USBH0_CoreThread) referenced from usbh_config_0.o(.constdata)
 <LI><a href="#[99]">USBH0_HW_GetCapabilities</a> from usbh_ohci.o(i.USBH0_HW_GetCapabilities) referenced from usbh_ohci.o(.constdata)
 <LI><a href="#[a9]">USBH0_HW_GetFrameNumber</a> from usbh_ohci.o(i.USBH0_HW_GetFrameNumber) referenced from usbh_ohci.o(.constdata)
 <LI><a href="#[98]">USBH0_HW_GetVersion</a> from usbh_ohci.o(i.USBH0_HW_GetVersion) referenced from usbh_ohci.o(.constdata)
 <LI><a href="#[9a]">USBH0_HW_Initialize</a> from usbh_ohci.o(i.USBH0_HW_Initialize) referenced from usbh_ohci.o(.constdata)
 <LI><a href="#[a2]">USBH0_HW_PipeCreate</a> from usbh_ohci.o(i.USBH0_HW_PipeCreate) referenced from usbh_ohci.o(.constdata)
 <LI><a href="#[a4]">USBH0_HW_PipeDelete</a> from usbh_ohci.o(i.USBH0_HW_PipeDelete) referenced from usbh_ohci.o(.constdata)
 <LI><a href="#[a3]">USBH0_HW_PipeModify</a> from usbh_ohci.o(i.USBH0_HW_PipeModify) referenced from usbh_ohci.o(.constdata)
 <LI><a href="#[a5]">USBH0_HW_PipeReset</a> from usbh_ohci.o(i.USBH0_HW_PipeReset) referenced from usbh_ohci.o(.constdata)
 <LI><a href="#[a6]">USBH0_HW_PipeTransfer</a> from usbh_ohci.o(i.USBH0_HW_PipeTransfer) referenced from usbh_ohci.o(.constdata)
 <LI><a href="#[a8]">USBH0_HW_PipeTransferAbort</a> from usbh_ohci.o(i.USBH0_HW_PipeTransferAbort) referenced from usbh_ohci.o(.constdata)
 <LI><a href="#[a7]">USBH0_HW_PipeTransferGetResult</a> from usbh_ohci.o(i.USBH0_HW_PipeTransferGetResult) referenced from usbh_ohci.o(.constdata)
 <LI><a href="#[a1]">USBH0_HW_PortGetState</a> from usbh_ohci.o(i.USBH0_HW_PortGetState) referenced from usbh_ohci.o(.constdata)
 <LI><a href="#[9e]">USBH0_HW_PortReset</a> from usbh_ohci.o(i.USBH0_HW_PortReset) referenced from usbh_ohci.o(.constdata)
 <LI><a href="#[a0]">USBH0_HW_PortResume</a> from usbh_ohci.o(i.USBH0_HW_PortResume) referenced from usbh_ohci.o(.constdata)
 <LI><a href="#[9f]">USBH0_HW_PortSuspend</a> from usbh_ohci.o(i.USBH0_HW_PortSuspend) referenced from usbh_ohci.o(.constdata)
 <LI><a href="#[9d]">USBH0_HW_PortVbusOnOff</a> from usbh_ohci.o(i.USBH0_HW_PortVbusOnOff) referenced from usbh_ohci.o(.constdata)
 <LI><a href="#[9c]">USBH0_HW_PowerControl</a> from usbh_ohci.o(i.USBH0_HW_PowerControl) referenced from usbh_ohci.o(.constdata)
 <LI><a href="#[9b]">USBH0_HW_Uninitialize</a> from usbh_ohci.o(i.USBH0_HW_Uninitialize) referenced from usbh_ohci.o(.constdata)
 <LI><a href="#[97]">USBH0_IRQ_Handler</a> from usbh_ohci.o(i.USBH0_IRQ_Handler) referenced from usbh_ohci.o(.constdata)
 <LI><a href="#[96]">USBH0_SignalPipeEvent</a> from usbh_config_0.o(.text) referenced from usbh_config_0.o(.constdata)
 <LI><a href="#[95]">USBH0_SignalPortEvent</a> from usbh_config_0.o(.text) referenced from usbh_config_0.o(.constdata)
 <LI><a href="#[94]">USBH_ConnectDebounce</a> from usbh_core.o(i.USBH_ConnectDebounce) referenced from usbh_config_0.o(.constdata)
 <LI><a href="#[58]">USB_HostService</a> from usb_tools.o(.text) referenced from measure.o(.constdata)
 <LI><a href="#[2b]">USB_IRQHandler</a> from otg_lpc17xx.o(.text) referenced from startup_lpc17xx.o(RESET)
 <LI><a href="#[e]">UsageFault_Handler</a> from startup_lpc17xx.o(.text) referenced from startup_lpc17xx.o(RESET)
 <LI><a href="#[13]">WDT_IRQHandler</a> from startup_lpc17xx.o(.text) referenced from startup_lpc17xx.o(RESET)
 <LI><a href="#[aa]">__main</a> from __main.o(!!!main) referenced from startup_lpc17xx.o(.text)
 <LI><a href="#[3e]">_get_lc_ctype</a> from lc_ctype_c.o(locale$$code) referenced from rt_ctype_table.o(.text)
 <LI><a href="#[17c]">getkey1</a> from sio.o(.text) referenced from sio.o(.text)
 <LI><a href="#[17d]">getkey2</a> from sio.o(.text) referenced from sio.o(.text)
 <LI><a href="#[55]">ledtest1</a> from sictst.o(.text) referenced from sictst.o(.constdata)
 <LI><a href="#[56]">ledtest2</a> from sictst.o(.text) referenced from sictst.o(.constdata)
 <LI><a href="#[57]">ledtest3</a> from sictst.o(.text) referenced from sictst.o(.constdata)
 <LI><a href="#[8]">main</a> from main.o(.text) referenced 2 times from rtx_conf_cm.o(.data)
 <LI><a href="#[54]">osThreadExit</a> from rt_cmsis.o(i.osThreadExit) referenced from rt_cmsis.o(i.svcThreadCreate)
 <LI><a href="#[5b]">osTimerThread</a> from rt_cmsis.o(i.osTimerThread) referenced from rtx_conf_cm.o(.constdata)
 <LI><a href="#[53]">os_idle_demon</a> from rtx_conf_cm.o(.text) referenced from rt_task.o(i.rt_sys_init)
 <LI><a href="#[3c]">putb</a> from sio.o(.text) referenced 8 times from main.o(.text)
 <LI><a href="#[3d]">putcbuf</a> from sio.o(.text) referenced 6 times from libtool.o(.text)
 <LI><a href="#[3a]">rt_alloc_box</a> from rt_membox.o(i.rt_alloc_box) referenced from hal_cm3.o(.emb_text)
 <LI><a href="#[3b]">rt_free_box</a> from rt_membox.o(i.rt_free_box) referenced from hal_cm3.o(.emb_text)
 <LI><a href="#[37]">rt_mut_release</a> from rt_mutex.o(i.rt_mut_release) referenced from rtx_conf_cm.o(.text)
 <LI><a href="#[36]">rt_mut_wait</a> from rt_mutex.o(i.rt_mut_wait) referenced from rtx_conf_cm.o(.text)
 <LI><a href="#[3f]">svcDelay</a> from rt_cmsis.o(i.svcDelay) referenced from rt_cmsis.o(i.osDelay)
 <LI><a href="#[40]">svcKernelInitialize</a> from rt_cmsis.o(i.svcKernelInitialize) referenced from rt_cmsis.o(i.osKernelInitialize)
 <LI><a href="#[41]">svcKernelStart</a> from rt_cmsis.o(i.svcKernelStart) referenced from rt_cmsis.o(i.osKernelStart)
 <LI><a href="#[42]">svcKernelSysTick</a> from rt_cmsis.o(i.svcKernelSysTick) referenced from rt_cmsis.o(i.osKernelSysTick)
 <LI><a href="#[43]">svcMessageGet</a> from rt_cmsis.o(i.svcMessageGet) referenced from rt_cmsis.o(i.osMessageGet)
 <LI><a href="#[44]">svcSemaphoreCreate</a> from rt_cmsis.o(i.svcSemaphoreCreate) referenced from rt_cmsis.o(i.osSemaphoreCreate)
 <LI><a href="#[45]">svcSemaphoreDelete</a> from rt_cmsis.o(i.svcSemaphoreDelete) referenced from rt_cmsis.o(i.osSemaphoreDelete)
 <LI><a href="#[46]">svcSemaphoreRelease</a> from rt_cmsis.o(i.svcSemaphoreRelease) referenced from rt_cmsis.o(i.osSemaphoreRelease)
 <LI><a href="#[47]">svcSemaphoreWait</a> from rt_cmsis.o(i.svcSemaphoreWait) referenced from rt_cmsis.o(i.osSemaphoreWait)
 <LI><a href="#[48]">svcSignalClear</a> from rt_cmsis.o(i.svcSignalClear) referenced from rt_cmsis.o(i.osSignalClear)
 <LI><a href="#[49]">svcSignalSet</a> from rt_cmsis.o(i.svcSignalSet) referenced from rt_cmsis.o(i.osSignalSet)
 <LI><a href="#[4a]">svcSignalWait</a> from rt_cmsis.o(i.svcSignalWait) referenced from rt_cmsis.o(i.osSignalWait)
 <LI><a href="#[4b]">svcThreadCreate</a> from rt_cmsis.o(i.svcThreadCreate) referenced from rt_cmsis.o(i.osThreadCreate)
 <LI><a href="#[4c]">svcThreadGetId</a> from rt_cmsis.o(i.svcThreadGetId) referenced from rt_cmsis.o(i.osThreadExit)
 <LI><a href="#[4c]">svcThreadGetId</a> from rt_cmsis.o(i.svcThreadGetId) referenced from rt_cmsis.o(i.osThreadGetId)
 <LI><a href="#[4d]">svcThreadTerminate</a> from rt_cmsis.o(i.svcThreadTerminate) referenced from rt_cmsis.o(i.osThreadExit)
 <LI><a href="#[4d]">svcThreadTerminate</a> from rt_cmsis.o(i.svcThreadTerminate) referenced from rt_cmsis.o(i.osThreadTerminate)
 <LI><a href="#[4e]">svcThreadYield</a> from rt_cmsis.o(i.svcThreadYield) referenced from rt_cmsis.o(i.osThreadYield)
 <LI><a href="#[4f]">svcTimerCall</a> from rt_cmsis.o(i.svcTimerCall) referenced from rt_cmsis.o(i.osTimerCall)
 <LI><a href="#[50]">svcTimerCreate</a> from rt_cmsis.o(i.svcTimerCreate) referenced from rt_cmsis.o(i.osTimerCreate)
 <LI><a href="#[51]">svcTimerDelete</a> from rt_cmsis.o(i.svcTimerDelete) referenced from rt_cmsis.o(i.osTimerDelete)
 <LI><a href="#[52]">svcTimerStart</a> from rt_cmsis.o(i.svcTimerStart) referenced from rt_cmsis.o(i.osTimerStart)
 <LI><a href="#[85]">usb0_DevCtrl</a> from fs_config.o(.text) referenced from fs_config.o(.constdata)
 <LI><a href="#[80]">usb0_Init</a> from fs_config.o(.text) referenced from fs_config.o(.constdata)
 <LI><a href="#[84]">usb0_RdInfo</a> from fs_config.o(.text) referenced from fs_config.o(.constdata)
 <LI><a href="#[82]">usb0_RdSect</a> from fs_config.o(.text) referenced from fs_config.o(.constdata)
 <LI><a href="#[81]">usb0_UnInit</a> from fs_config.o(.text) referenced from fs_config.o(.constdata)
 <LI><a href="#[83]">usb0_WrSect</a> from fs_config.o(.text) referenced from fs_config.o(.constdata)
</UL>
<P>
<H3>
Global Symbols
</H3>
<P><STRONG><a name="[aa]"></a>__main</STRONG> (Thumb, 8 bytes, Stack size 0 bytes, __main.o(!!!main))
<BR><BR>[Stack]<UL><LI>Max Depth = 76 + Unknown Stack Size
<LI>Call Chain = __main &rArr; __rt_entry &rArr; osKernelInitialize &rArr; svcKernelInitialize &rArr; svcThreadCreate &rArr; rt_tsk_create &rArr; rt_dispatch &rArr; rt_put_prio
</UL>
<BR>[Calls]<UL><LI><a href="#[b1]">&gt;&gt;</a>&nbsp;&nbsp;&nbsp;__rt_entry
<LI><a href="#[b0]">&gt;&gt;</a>&nbsp;&nbsp;&nbsp;__scatterload
</UL>

<P><STRONG><a name="[b0]"></a>__scatterload</STRONG> (Thumb, 0 bytes, Stack size unknown bytes, __scatter.o(!!!scatter))
<BR><BR>[Called By]<UL><LI><a href="#[aa]">&gt;&gt;</a>&nbsp;&nbsp;&nbsp;__main
</UL>

<P><STRONG><a name="[b2]"></a>__scatterload_rt2</STRONG> (Thumb, 44 bytes, Stack size unknown bytes, __scatter.o(!!!scatter), UNUSED)
<BR><BR>[Calls]<UL><LI><a href="#[b1]">&gt;&gt;</a>&nbsp;&nbsp;&nbsp;__rt_entry
</UL>

<P><STRONG><a name="[423]"></a>__scatterload_rt2_thumb_only</STRONG> (Thumb, 0 bytes, Stack size unknown bytes, __scatter.o(!!!scatter), UNUSED)

<P><STRONG><a name="[424]"></a>__scatterload_null</STRONG> (Thumb, 0 bytes, Stack size unknown bytes, __scatter.o(!!!scatter), UNUSED)

<P><STRONG><a name="[425]"></a>__decompress</STRONG> (Thumb, 90 bytes, Stack size unknown bytes, __dczerorl2.o(!!dczerorl2), UNUSED)

<P><STRONG><a name="[426]"></a>__decompress1</STRONG> (Thumb, 0 bytes, Stack size unknown bytes, __dczerorl2.o(!!dczerorl2), UNUSED)

<P><STRONG><a name="[b3]"></a>__scatterload_copy</STRONG> (Thumb, 26 bytes, Stack size unknown bytes, __scatter_copy.o(!!handler_copy), UNUSED)
<BR><BR>[Calls]<UL><LI><a href="#[b3]">&gt;&gt;</a>&nbsp;&nbsp;&nbsp;__scatterload_copy
</UL>
<BR>[Called By]<UL><LI><a href="#[b3]">&gt;&gt;</a>&nbsp;&nbsp;&nbsp;__scatterload_copy
</UL>

<P><STRONG><a name="[427]"></a>__scatterload_zeroinit</STRONG> (Thumb, 28 bytes, Stack size unknown bytes, __scatter_zi.o(!!handler_zi), UNUSED)

<P><STRONG><a name="[c2]"></a>__rt_lib_init</STRONG> (Thumb, 0 bytes, Stack size unknown bytes, libinit.o(.ARM.Collect$$libinit$$00000000))
<BR><BR>[Called By]<UL><LI><a href="#[b1]">&gt;&gt;</a>&nbsp;&nbsp;&nbsp;__rt_entry
</UL>

<P><STRONG><a name="[428]"></a>__rt_lib_init_fp_1</STRONG> (Thumb, 0 bytes, Stack size unknown bytes, libinit2.o(.ARM.Collect$$libinit$$00000002))

<P><STRONG><a name="[b4]"></a>__rt_lib_init_heap_2</STRONG> (Thumb, 0 bytes, Stack size unknown bytes, libinit2.o(.ARM.Collect$$libinit$$00000003))
<BR><BR>[Stack]<UL><LI>Max Depth = 64 + Unknown Stack Size
<LI>Call Chain = __rt_lib_init_heap_2 &rArr; _init_alloc &rArr; __rt_SIGRTMEM &rArr; __rt_SIGRTMEM_inner &rArr; __default_signal_display &rArr; _ttywrch
</UL>
<BR>[Calls]<UL><LI><a href="#[b5]">&gt;&gt;</a>&nbsp;&nbsp;&nbsp;_init_alloc
</UL>

<P><STRONG><a name="[429]"></a>__rt_lib_init_heap_1</STRONG> (Thumb, 0 bytes, Stack size unknown bytes, libinit2.o(.ARM.Collect$$libinit$$00000008))

<P><STRONG><a name="[b6]"></a>__rt_lib_init_lc_common</STRONG> (Thumb, 0 bytes, Stack size unknown bytes, libinit2.o(.ARM.Collect$$libinit$$0000000D))
<BR><BR>[Stack]<UL><LI>Max Depth = 8 + Unknown Stack Size
<LI>Call Chain = __rt_lib_init_lc_common &rArr; __rt_locale
</UL>
<BR>[Calls]<UL><LI><a href="#[b7]">&gt;&gt;</a>&nbsp;&nbsp;&nbsp;__rt_locale
</UL>

<P><STRONG><a name="[42a]"></a>__rt_lib_init_rand_1</STRONG> (Thumb, 0 bytes, Stack size unknown bytes, libinit2.o(.ARM.Collect$$libinit$$0000000C))

<P><STRONG><a name="[42b]"></a>__rt_lib_init_user_alloc_1</STRONG> (Thumb, 0 bytes, Stack size unknown bytes, libinit2.o(.ARM.Collect$$libinit$$0000000A))

<P><STRONG><a name="[42c]"></a>__rt_lib_init_lc_collate_1</STRONG> (Thumb, 0 bytes, Stack size unknown bytes, libinit2.o(.ARM.Collect$$libinit$$0000000F))

<P><STRONG><a name="[b8]"></a>__rt_lib_init_lc_ctype_2</STRONG> (Thumb, 0 bytes, Stack size unknown bytes, libinit2.o(.ARM.Collect$$libinit$$00000010))
<BR><BR>[Stack]<UL><LI>Max Depth = 8 + Unknown Stack Size
<LI>Call Chain = __rt_lib_init_lc_ctype_2 &rArr; _get_lc_ctype
</UL>
<BR>[Calls]<UL><LI><a href="#[3e]">&gt;&gt;</a>&nbsp;&nbsp;&nbsp;_get_lc_ctype
</UL>

<P><STRONG><a name="[42d]"></a>__rt_lib_init_atexit_1</STRONG> (Thumb, 0 bytes, Stack size unknown bytes, libinit2.o(.ARM.Collect$$libinit$$00000019))

<P><STRONG><a name="[42e]"></a>__rt_lib_init_clock_1</STRONG> (Thumb, 0 bytes, Stack size unknown bytes, libinit2.o(.ARM.Collect$$libinit$$0000001F))

<P><STRONG><a name="[42f]"></a>__rt_lib_init_fp_trap_1</STRONG> (Thumb, 0 bytes, Stack size unknown bytes, libinit2.o(.ARM.Collect$$libinit$$0000001D))

<P><STRONG><a name="[430]"></a>__rt_lib_init_getenv_1</STRONG> (Thumb, 0 bytes, Stack size unknown bytes, libinit2.o(.ARM.Collect$$libinit$$00000021))

<P><STRONG><a name="[431]"></a>__rt_lib_init_lc_ctype_1</STRONG> (Thumb, 0 bytes, Stack size unknown bytes, libinit2.o(.ARM.Collect$$libinit$$00000011))

<P><STRONG><a name="[432]"></a>__rt_lib_init_lc_monetary_1</STRONG> (Thumb, 0 bytes, Stack size unknown bytes, libinit2.o(.ARM.Collect$$libinit$$00000013))

<P><STRONG><a name="[433]"></a>__rt_lib_init_lc_numeric_1</STRONG> (Thumb, 0 bytes, Stack size unknown bytes, libinit2.o(.ARM.Collect$$libinit$$00000015))

<P><STRONG><a name="[434]"></a>__rt_lib_init_lc_time_1</STRONG> (Thumb, 0 bytes, Stack size unknown bytes, libinit2.o(.ARM.Collect$$libinit$$00000017))

<P><STRONG><a name="[435]"></a>__rt_lib_init_signal_1</STRONG> (Thumb, 0 bytes, Stack size unknown bytes, libinit2.o(.ARM.Collect$$libinit$$0000001B))

<P><STRONG><a name="[b9]"></a>__rt_lib_init_stdio_2</STRONG> (Thumb, 0 bytes, Stack size unknown bytes, libinit2.o(.ARM.Collect$$libinit$$00000022))
<BR><BR>[Stack]<UL><LI>Max Depth = 520 + Unknown Stack Size
<LI>Call Chain = __rt_lib_init_stdio_2 &rArr; _initio &rArr; freopen &rArr; _freopen_locked &rArr; _sys_open &rArr; __sys_open &rArr; fat_open &rArr; path_create &rArr; frec_find &rArr; entry_pos_inc &rArr; alloc_table_read &rArr; cache_fat
</UL>
<BR>[Calls]<UL><LI><a href="#[ba]">&gt;&gt;</a>&nbsp;&nbsp;&nbsp;_initio
</UL>

<P><STRONG><a name="[436]"></a>__rt_lib_init_alloca_1</STRONG> (Thumb, 0 bytes, Stack size unknown bytes, libinit2.o(.ARM.Collect$$libinit$$0000002C))

<P><STRONG><a name="[437]"></a>__rt_lib_init_argv_1</STRONG> (Thumb, 0 bytes, Stack size unknown bytes, libinit2.o(.ARM.Collect$$libinit$$0000002A))

<P><STRONG><a name="[438]"></a>__rt_lib_init_cpp_1</STRONG> (Thumb, 0 bytes, Stack size unknown bytes, libinit2.o(.ARM.Collect$$libinit$$00000030))

<P><STRONG><a name="[439]"></a>__rt_lib_init_exceptions_1</STRONG> (Thumb, 0 bytes, Stack size unknown bytes, libinit2.o(.ARM.Collect$$libinit$$0000002E))

<P><STRONG><a name="[43a]"></a>__rt_lib_init_return</STRONG> (Thumb, 0 bytes, Stack size unknown bytes, libinit2.o(.ARM.Collect$$libinit$$00000031))

<P><STRONG><a name="[43b]"></a>__rt_lib_init_stdio_1</STRONG> (Thumb, 0 bytes, Stack size unknown bytes, libinit2.o(.ARM.Collect$$libinit$$00000023))

<P><STRONG><a name="[be]"></a>__rt_lib_shutdown</STRONG> (Thumb, 0 bytes, Stack size unknown bytes, libshutdown.o(.ARM.Collect$$libshutdown$$00000000))
<BR><BR>[Called By]<UL><LI><a href="#[bd]">&gt;&gt;</a>&nbsp;&nbsp;&nbsp;__rt_exit_ls
</UL>

<P><STRONG><a name="[bb]"></a>__rt_lib_shutdown_stdio_2</STRONG> (Thumb, 0 bytes, Stack size unknown bytes, libshutdown2.o(.ARM.Collect$$libshutdown$$00000002))
<BR><BR>[Stack]<UL><LI>Max Depth = 272 + Unknown Stack Size
<LI>Call Chain = __rt_lib_shutdown_stdio_2 &rArr; _terminateio &rArr; _fclose_internal &rArr; _fflush &rArr; _writebuf &rArr; _sys_write &rArr; __sys_write &rArr; fat_write &rArr; alloc_clus &rArr; alloc_table_write &rArr; cache_fat
</UL>
<BR>[Calls]<UL><LI><a href="#[bc]">&gt;&gt;</a>&nbsp;&nbsp;&nbsp;_terminateio
</UL>

<P><STRONG><a name="[43c]"></a>__rt_lib_shutdown_fp_trap_1</STRONG> (Thumb, 0 bytes, Stack size unknown bytes, libshutdown2.o(.ARM.Collect$$libshutdown$$00000006))

<P><STRONG><a name="[43d]"></a>__rt_lib_shutdown_heap_1</STRONG> (Thumb, 0 bytes, Stack size unknown bytes, libshutdown2.o(.ARM.Collect$$libshutdown$$0000000E))

<P><STRONG><a name="[43e]"></a>__rt_lib_shutdown_return</STRONG> (Thumb, 0 bytes, Stack size unknown bytes, libshutdown2.o(.ARM.Collect$$libshutdown$$0000000F))

<P><STRONG><a name="[43f]"></a>__rt_lib_shutdown_signal_1</STRONG> (Thumb, 0 bytes, Stack size unknown bytes, libshutdown2.o(.ARM.Collect$$libshutdown$$00000009))

<P><STRONG><a name="[440]"></a>__rt_lib_shutdown_stdio_1</STRONG> (Thumb, 0 bytes, Stack size unknown bytes, libshutdown2.o(.ARM.Collect$$libshutdown$$00000003))

<P><STRONG><a name="[441]"></a>__rt_lib_shutdown_user_alloc_1</STRONG> (Thumb, 0 bytes, Stack size unknown bytes, libshutdown2.o(.ARM.Collect$$libshutdown$$0000000B))

<P><STRONG><a name="[c9]"></a>__rt_exit</STRONG> (Thumb, 0 bytes, Stack size unknown bytes, rtexit.o(.ARM.Collect$$rtexit$$00000000))
<BR><BR>[Called By]<UL><LI><a href="#[c6]">&gt;&gt;</a>&nbsp;&nbsp;&nbsp;exit
</UL>

<P><STRONG><a name="[bd]"></a>__rt_exit_ls</STRONG> (Thumb, 0 bytes, Stack size unknown bytes, rtexit2.o(.ARM.Collect$$rtexit$$00000003))
<BR><BR>[Calls]<UL><LI><a href="#[be]">&gt;&gt;</a>&nbsp;&nbsp;&nbsp;__rt_lib_shutdown
</UL>

<P><STRONG><a name="[442]"></a>__rt_exit_prels_1</STRONG> (Thumb, 0 bytes, Stack size unknown bytes, rtexit2.o(.ARM.Collect$$rtexit$$00000002))

<P><STRONG><a name="[bf]"></a>__rt_exit_exit</STRONG> (Thumb, 0 bytes, Stack size unknown bytes, rtexit2.o(.ARM.Collect$$rtexit$$00000004))
<BR><BR>[Calls]<UL><LI><a href="#[c0]">&gt;&gt;</a>&nbsp;&nbsp;&nbsp;_sys_exit
</UL>

<P><STRONG><a name="[b1]"></a>__rt_entry</STRONG> (Thumb, 32 bytes, Stack size 0 bytes, rtx_conf_cm.o(.emb_text))
<BR><BR>[Stack]<UL><LI>Max Depth = 76 + Unknown Stack Size
<LI>Call Chain = __rt_entry &rArr; osKernelInitialize &rArr; svcKernelInitialize &rArr; svcThreadCreate &rArr; rt_tsk_create &rArr; rt_dispatch &rArr; rt_put_prio
</UL>
<BR>[Calls]<UL><LI><a href="#[c5]">&gt;&gt;</a>&nbsp;&nbsp;&nbsp;osKernelStart
<LI><a href="#[c3]">&gt;&gt;</a>&nbsp;&nbsp;&nbsp;osKernelInitialize
<LI><a href="#[c4]">&gt;&gt;</a>&nbsp;&nbsp;&nbsp;osThreadCreate
<LI><a href="#[c6]">&gt;&gt;</a>&nbsp;&nbsp;&nbsp;exit
<LI><a href="#[c1]">&gt;&gt;</a>&nbsp;&nbsp;&nbsp;__user_setup_stackheap
<LI><a href="#[c2]">&gt;&gt;</a>&nbsp;&nbsp;&nbsp;__rt_lib_init
</UL>
<BR>[Called By]<UL><LI><a href="#[b2]">&gt;&gt;</a>&nbsp;&nbsp;&nbsp;__scatterload_rt2
<LI><a href="#[aa]">&gt;&gt;</a>&nbsp;&nbsp;&nbsp;__main
</UL>

<P><STRONG><a name="[443]"></a>_maybe_terminate_alloc</STRONG> (Thumb, 0 bytes, Stack size 0 bytes, maybetermalloc1.o(.emb_text), UNUSED)

<P><STRONG><a name="[53]"></a>os_idle_demon</STRONG> (Thumb, 2 bytes, Stack size 0 bytes, rtx_conf_cm.o(.text))
<BR><BR>[Calls]<UL><LI><a href="#[53]">&gt;&gt;</a>&nbsp;&nbsp;&nbsp;os_idle_demon
</UL>
<BR>[Called By]<UL><LI><a href="#[53]">&gt;&gt;</a>&nbsp;&nbsp;&nbsp;os_idle_demon
</UL>
<BR>[Address Reference Count : 1]<UL><LI> rt_task.o(i.rt_sys_init)
</UL>
<P><STRONG><a name="[ab]"></a>os_error</STRONG> (Thumb, 2 bytes, Stack size 0 bytes, rtx_conf_cm.o(.text))
<BR><BR>[Calls]<UL><LI><a href="#[ab]">&gt;&gt;</a>&nbsp;&nbsp;&nbsp;os_error
</UL>
<BR>[Called By]<UL><LI><a href="#[ab]">&gt;&gt;</a>&nbsp;&nbsp;&nbsp;os_error
<LI><a href="#[3d9]">&gt;&gt;</a>&nbsp;&nbsp;&nbsp;rt_psq_enq
<LI><a href="#[3fa]">&gt;&gt;</a>&nbsp;&nbsp;&nbsp;rt_mbx_psh
<LI><a href="#[ca]">&gt;&gt;</a>&nbsp;&nbsp;&nbsp;rt_stk_check
</UL>

<P><STRONG><a name="[ac]"></a>__user_perthread_libspace</STRONG> (Thumb, 32 bytes, Stack size 8 bytes, rtx_conf_cm.o(.text))
<BR><BR>[Stack]<UL><LI>Max Depth = 8<LI>Call Chain = __user_perthread_libspace
</UL>
<BR>[Calls]<UL><LI><a href="#[c7]">&gt;&gt;</a>&nbsp;&nbsp;&nbsp;rt_tsk_self
</UL>
<BR>[Called By]<UL><LI><a href="#[1cc]">&gt;&gt;</a>&nbsp;&nbsp;&nbsp;__aeabi_errno_addr
</UL>

<P><STRONG><a name="[ad]"></a>_mutex_initialize</STRONG> (Thumb, 34 bytes, Stack size 8 bytes, rtx_conf_cm.o(.text))
<BR><BR>[Stack]<UL><LI>Max Depth = 8<LI>Call Chain = _mutex_initialize
</UL>
<BR>[Calls]<UL><LI><a href="#[c8]">&gt;&gt;</a>&nbsp;&nbsp;&nbsp;rt_mut_init
</UL>
<BR>[Called By]<UL><LI><a href="#[149]">&gt;&gt;</a>&nbsp;&nbsp;&nbsp;fopen
<LI><a href="#[2b4]">&gt;&gt;</a>&nbsp;&nbsp;&nbsp;__Heap_Initialize
<LI><a href="#[ba]">&gt;&gt;</a>&nbsp;&nbsp;&nbsp;_initio
</UL>

<P><STRONG><a name="[ae]"></a>_mutex_acquire</STRONG> (Thumb, 22 bytes, Stack size 0 bytes, rtx_conf_cm.o(.text))
<BR><BR>[Called By]<UL><LI><a href="#[143]">&gt;&gt;</a>&nbsp;&nbsp;&nbsp;fmkdir
<LI><a href="#[144]">&gt;&gt;</a>&nbsp;&nbsp;&nbsp;ffree
<LI><a href="#[142]">&gt;&gt;</a>&nbsp;&nbsp;&nbsp;fchdir
<LI><a href="#[1ae]">&gt;&gt;</a>&nbsp;&nbsp;&nbsp;funmount
<LI><a href="#[1a2]">&gt;&gt;</a>&nbsp;&nbsp;&nbsp;funinit
<LI><a href="#[1a1]">&gt;&gt;</a>&nbsp;&nbsp;&nbsp;fmount
<LI><a href="#[1a0]">&gt;&gt;</a>&nbsp;&nbsp;&nbsp;finit
<LI><a href="#[1a4]">&gt;&gt;</a>&nbsp;&nbsp;&nbsp;finfo
<LI><a href="#[279]">&gt;&gt;</a>&nbsp;&nbsp;&nbsp;_fdelete
<LI><a href="#[282]">&gt;&gt;</a>&nbsp;&nbsp;&nbsp;__sys_write
<LI><a href="#[287]">&gt;&gt;</a>&nbsp;&nbsp;&nbsp;__sys_seek
<LI><a href="#[284]">&gt;&gt;</a>&nbsp;&nbsp;&nbsp;__sys_read
<LI><a href="#[27e]">&gt;&gt;</a>&nbsp;&nbsp;&nbsp;__sys_open
<LI><a href="#[28b]">&gt;&gt;</a>&nbsp;&nbsp;&nbsp;__sys_flen
<LI><a href="#[289]">&gt;&gt;</a>&nbsp;&nbsp;&nbsp;__sys_ensure
<LI><a href="#[280]">&gt;&gt;</a>&nbsp;&nbsp;&nbsp;__sys_close
<LI><a href="#[149]">&gt;&gt;</a>&nbsp;&nbsp;&nbsp;fopen
<LI><a href="#[29e]">&gt;&gt;</a>&nbsp;&nbsp;&nbsp;freopen
<LI><a href="#[29d]">&gt;&gt;</a>&nbsp;&nbsp;&nbsp;_freopen_locked
<LI><a href="#[147]">&gt;&gt;</a>&nbsp;&nbsp;&nbsp;fflush
<LI><a href="#[29b]">&gt;&gt;</a>&nbsp;&nbsp;&nbsp;_do_fflush
<LI><a href="#[14b]">&gt;&gt;</a>&nbsp;&nbsp;&nbsp;fclose
<LI><a href="#[2b7]">&gt;&gt;</a>&nbsp;&nbsp;&nbsp;_flushlinebuffered
<LI><a href="#[14e]">&gt;&gt;</a>&nbsp;&nbsp;&nbsp;fwrite
<LI><a href="#[151]">&gt;&gt;</a>&nbsp;&nbsp;&nbsp;fread
<LI><a href="#[146]">&gt;&gt;</a>&nbsp;&nbsp;&nbsp;fputs
<LI><a href="#[2b0]">&gt;&gt;</a>&nbsp;&nbsp;&nbsp;setvbuf
<LI><a href="#[bc]">&gt;&gt;</a>&nbsp;&nbsp;&nbsp;_terminateio
<LI><a href="#[2a9]">&gt;&gt;</a>&nbsp;&nbsp;&nbsp;_free_internal
<LI><a href="#[2a5]">&gt;&gt;</a>&nbsp;&nbsp;&nbsp;_malloc_internal
</UL>

<P><STRONG><a name="[af]"></a>_mutex_release</STRONG> (Thumb, 18 bytes, Stack size 0 bytes, rtx_conf_cm.o(.text))
<BR><BR>[Called By]<UL><LI><a href="#[143]">&gt;&gt;</a>&nbsp;&nbsp;&nbsp;fmkdir
<LI><a href="#[144]">&gt;&gt;</a>&nbsp;&nbsp;&nbsp;ffree
<LI><a href="#[142]">&gt;&gt;</a>&nbsp;&nbsp;&nbsp;fchdir
<LI><a href="#[1ae]">&gt;&gt;</a>&nbsp;&nbsp;&nbsp;funmount
<LI><a href="#[1a2]">&gt;&gt;</a>&nbsp;&nbsp;&nbsp;funinit
<LI><a href="#[1a1]">&gt;&gt;</a>&nbsp;&nbsp;&nbsp;fmount
<LI><a href="#[1a0]">&gt;&gt;</a>&nbsp;&nbsp;&nbsp;finit
<LI><a href="#[1a4]">&gt;&gt;</a>&nbsp;&nbsp;&nbsp;finfo
<LI><a href="#[279]">&gt;&gt;</a>&nbsp;&nbsp;&nbsp;_fdelete
<LI><a href="#[282]">&gt;&gt;</a>&nbsp;&nbsp;&nbsp;__sys_write
<LI><a href="#[287]">&gt;&gt;</a>&nbsp;&nbsp;&nbsp;__sys_seek
<LI><a href="#[284]">&gt;&gt;</a>&nbsp;&nbsp;&nbsp;__sys_read
<LI><a href="#[27e]">&gt;&gt;</a>&nbsp;&nbsp;&nbsp;__sys_open
<LI><a href="#[28b]">&gt;&gt;</a>&nbsp;&nbsp;&nbsp;__sys_flen
<LI><a href="#[289]">&gt;&gt;</a>&nbsp;&nbsp;&nbsp;__sys_ensure
<LI><a href="#[280]">&gt;&gt;</a>&nbsp;&nbsp;&nbsp;__sys_close
<LI><a href="#[149]">&gt;&gt;</a>&nbsp;&nbsp;&nbsp;fopen
<LI><a href="#[29e]">&gt;&gt;</a>&nbsp;&nbsp;&nbsp;freopen
<LI><a href="#[29d]">&gt;&gt;</a>&nbsp;&nbsp;&nbsp;_freopen_locked
<LI><a href="#[147]">&gt;&gt;</a>&nbsp;&nbsp;&nbsp;fflush
<LI><a href="#[29b]">&gt;&gt;</a>&nbsp;&nbsp;&nbsp;_do_fflush
<LI><a href="#[14b]">&gt;&gt;</a>&nbsp;&nbsp;&nbsp;fclose
<LI><a href="#[2b7]">&gt;&gt;</a>&nbsp;&nbsp;&nbsp;_flushlinebuffered
<LI><a href="#[14e]">&gt;&gt;</a>&nbsp;&nbsp;&nbsp;fwrite
<LI><a href="#[151]">&gt;&gt;</a>&nbsp;&nbsp;&nbsp;fread
<LI><a href="#[146]">&gt;&gt;</a>&nbsp;&nbsp;&nbsp;fputs
<LI><a href="#[2b0]">&gt;&gt;</a>&nbsp;&nbsp;&nbsp;setvbuf
<LI><a href="#[bc]">&gt;&gt;</a>&nbsp;&nbsp;&nbsp;_terminateio
<LI><a href="#[2a9]">&gt;&gt;</a>&nbsp;&nbsp;&nbsp;_free_internal
<LI><a href="#[2a5]">&gt;&gt;</a>&nbsp;&nbsp;&nbsp;_malloc_internal
</UL>

<P><STRONG><a name="[9]"></a>Reset_Handler</STRONG> (Thumb, 8 bytes, Stack size 0 bytes, startup_lpc17xx.o(.text))
<BR>[Address Reference Count : 1]<UL><LI> startup_lpc17xx.o(RESET)
</UL>
<P><STRONG><a name="[a]"></a>NMI_Handler</STRONG> (Thumb, 2 bytes, Stack size 0 bytes, startup_lpc17xx.o(.text))
<BR><BR>[Calls]<UL><LI><a href="#[a]">&gt;&gt;</a>&nbsp;&nbsp;&nbsp;NMI_Handler
</UL>
<BR>[Called By]<UL><LI><a href="#[a]">&gt;&gt;</a>&nbsp;&nbsp;&nbsp;NMI_Handler
</UL>
<BR>[Address Reference Count : 1]<UL><LI> startup_lpc17xx.o(RESET)
</UL>
<P><STRONG><a name="[b]"></a>HardFault_Handler</STRONG> (Thumb, 2 bytes, Stack size 0 bytes, startup_lpc17xx.o(.text))
<BR><BR>[Calls]<UL><LI><a href="#[b]">&gt;&gt;</a>&nbsp;&nbsp;&nbsp;HardFault_Handler
</UL>
<BR>[Called By]<UL><LI><a href="#[b]">&gt;&gt;</a>&nbsp;&nbsp;&nbsp;HardFault_Handler
</UL>
<BR>[Address Reference Count : 1]<UL><LI> startup_lpc17xx.o(RESET)
</UL>
<P><STRONG><a name="[c]"></a>MemManage_Handler</STRONG> (Thumb, 2 bytes, Stack size 0 bytes, startup_lpc17xx.o(.text))
<BR><BR>[Calls]<UL><LI><a href="#[c]">&gt;&gt;</a>&nbsp;&nbsp;&nbsp;MemManage_Handler
</UL>
<BR>[Called By]<UL><LI><a href="#[c]">&gt;&gt;</a>&nbsp;&nbsp;&nbsp;MemManage_Handler
</UL>
<BR>[Address Reference Count : 1]<UL><LI> startup_lpc17xx.o(RESET)
</UL>
<P><STRONG><a name="[d]"></a>BusFault_Handler</STRONG> (Thumb, 2 bytes, Stack size 0 bytes, startup_lpc17xx.o(.text))
<BR><BR>[Calls]<UL><LI><a href="#[d]">&gt;&gt;</a>&nbsp;&nbsp;&nbsp;BusFault_Handler
</UL>
<BR>[Called By]<UL><LI><a href="#[d]">&gt;&gt;</a>&nbsp;&nbsp;&nbsp;BusFault_Handler
</UL>
<BR>[Address Reference Count : 1]<UL><LI> startup_lpc17xx.o(RESET)
</UL>
<P><STRONG><a name="[e]"></a>UsageFault_Handler</STRONG> (Thumb, 2 bytes, Stack size 0 bytes, startup_lpc17xx.o(.text))
<BR><BR>[Calls]<UL><LI><a href="#[e]">&gt;&gt;</a>&nbsp;&nbsp;&nbsp;UsageFault_Handler
</UL>
<BR>[Called By]<UL><LI><a href="#[e]">&gt;&gt;</a>&nbsp;&nbsp;&nbsp;UsageFault_Handler
</UL>
<BR>[Address Reference Count : 1]<UL><LI> startup_lpc17xx.o(RESET)
</UL>
<P><STRONG><a name="[10]"></a>DebugMon_Handler</STRONG> (Thumb, 2 bytes, Stack size 0 bytes, startup_lpc17xx.o(.text))
<BR><BR>[Calls]<UL><LI><a href="#[10]">&gt;&gt;</a>&nbsp;&nbsp;&nbsp;DebugMon_Handler
</UL>
<BR>[Called By]<UL><LI><a href="#[10]">&gt;&gt;</a>&nbsp;&nbsp;&nbsp;DebugMon_Handler
</UL>
<BR>[Address Reference Count : 1]<UL><LI> startup_lpc17xx.o(RESET)
</UL>
<P><STRONG><a name="[29]"></a>ADC_IRQHandler</STRONG> (Thumb, 0 bytes, Stack size 0 bytes, startup_lpc17xx.o(.text))
<BR><BR>[Calls]<UL><LI><a href="#[29]">&gt;&gt;</a>&nbsp;&nbsp;&nbsp;ADC_IRQHandler
</UL>
<BR>[Called By]<UL><LI><a href="#[29]">&gt;&gt;</a>&nbsp;&nbsp;&nbsp;ADC_IRQHandler
</UL>
<BR>[Address Reference Count : 1]<UL><LI> startup_lpc17xx.o(RESET)
</UL>
<P><STRONG><a name="[2a]"></a>BOD_IRQHandler</STRONG> (Thumb, 0 bytes, Stack size 0 bytes, startup_lpc17xx.o(.text))
<BR>[Address Reference Count : 1]<UL><LI> startup_lpc17xx.o(RESET)
</UL>
<P><STRONG><a name="[35]"></a>CANActivity_IRQHandler</STRONG> (Thumb, 0 bytes, Stack size 0 bytes, startup_lpc17xx.o(.text))
<BR>[Address Reference Count : 1]<UL><LI> startup_lpc17xx.o(RESET)
</UL>
<P><STRONG><a name="[2c]"></a>CAN_IRQHandler</STRONG> (Thumb, 0 bytes, Stack size 0 bytes, startup_lpc17xx.o(.text))
<BR>[Address Reference Count : 1]<UL><LI> startup_lpc17xx.o(RESET)
</UL>
<P><STRONG><a name="[28]"></a>EINT3_IRQHandler</STRONG> (Thumb, 0 bytes, Stack size 0 bytes, startup_lpc17xx.o(.text))
<BR>[Address Reference Count : 1]<UL><LI> startup_lpc17xx.o(RESET)
</UL>
<P><STRONG><a name="[2f]"></a>ENET_IRQHandler</STRONG> (Thumb, 0 bytes, Stack size 0 bytes, startup_lpc17xx.o(.text))
<BR>[Address Reference Count : 1]<UL><LI> startup_lpc17xx.o(RESET)
</UL>
<P><STRONG><a name="[1e]"></a>I2C1_IRQHandler</STRONG> (Thumb, 0 bytes, Stack size 0 bytes, startup_lpc17xx.o(.text))
<BR>[Address Reference Count : 1]<UL><LI> startup_lpc17xx.o(RESET)
</UL>
<P><STRONG><a name="[1f]"></a>I2C2_IRQHandler</STRONG> (Thumb, 0 bytes, Stack size 0 bytes, startup_lpc17xx.o(.text))
<BR>[Address Reference Count : 1]<UL><LI> startup_lpc17xx.o(RESET)
</UL>
<P><STRONG><a name="[2e]"></a>I2S_IRQHandler</STRONG> (Thumb, 0 bytes, Stack size 0 bytes, startup_lpc17xx.o(.text))
<BR>[Address Reference Count : 1]<UL><LI> startup_lpc17xx.o(RESET)
</UL>
<P><STRONG><a name="[31]"></a>MCPWM_IRQHandler</STRONG> (Thumb, 0 bytes, Stack size 0 bytes, startup_lpc17xx.o(.text))
<BR>[Address Reference Count : 1]<UL><LI> startup_lpc17xx.o(RESET)
</UL>
<P><STRONG><a name="[23]"></a>PLL0_IRQHandler</STRONG> (Thumb, 0 bytes, Stack size 0 bytes, startup_lpc17xx.o(.text))
<BR>[Address Reference Count : 1]<UL><LI> startup_lpc17xx.o(RESET)
</UL>
<P><STRONG><a name="[33]"></a>PLL1_IRQHandler</STRONG> (Thumb, 0 bytes, Stack size 0 bytes, startup_lpc17xx.o(.text))
<BR>[Address Reference Count : 1]<UL><LI> startup_lpc17xx.o(RESET)
</UL>
<P><STRONG><a name="[32]"></a>QEI_IRQHandler</STRONG> (Thumb, 0 bytes, Stack size 0 bytes, startup_lpc17xx.o(.text))
<BR>[Address Reference Count : 1]<UL><LI> startup_lpc17xx.o(RESET)
</UL>
<P><STRONG><a name="[30]"></a>RIT_IRQHandler</STRONG> (Thumb, 0 bytes, Stack size 0 bytes, startup_lpc17xx.o(.text))
<BR>[Address Reference Count : 1]<UL><LI> startup_lpc17xx.o(RESET)
</UL>
<P><STRONG><a name="[20]"></a>SPI_IRQHandler</STRONG> (Thumb, 0 bytes, Stack size 0 bytes, startup_lpc17xx.o(.text))
<BR>[Address Reference Count : 1]<UL><LI> startup_lpc17xx.o(RESET)
</UL>
<P><STRONG><a name="[21]"></a>SSP0_IRQHandler</STRONG> (Thumb, 0 bytes, Stack size 0 bytes, startup_lpc17xx.o(.text))
<BR>[Address Reference Count : 1]<UL><LI> startup_lpc17xx.o(RESET)
</UL>
<P><STRONG><a name="[22]"></a>SSP1_IRQHandler</STRONG> (Thumb, 0 bytes, Stack size 0 bytes, startup_lpc17xx.o(.text))
<BR>[Address Reference Count : 1]<UL><LI> startup_lpc17xx.o(RESET)
</UL>
<P><STRONG><a name="[14]"></a>TIMER0_IRQHandler</STRONG> (Thumb, 0 bytes, Stack size 0 bytes, startup_lpc17xx.o(.text))
<BR>[Address Reference Count : 1]<UL><LI> startup_lpc17xx.o(RESET)
</UL>
<P><STRONG><a name="[1b]"></a>UART3_IRQHandler</STRONG> (Thumb, 0 bytes, Stack size 0 bytes, startup_lpc17xx.o(.text))
<BR>[Address Reference Count : 1]<UL><LI> startup_lpc17xx.o(RESET)
</UL>
<P><STRONG><a name="[34]"></a>USBActivity_IRQHandler</STRONG> (Thumb, 0 bytes, Stack size 0 bytes, startup_lpc17xx.o(.text))
<BR>[Address Reference Count : 1]<UL><LI> startup_lpc17xx.o(RESET)
</UL>
<P><STRONG><a name="[13]"></a>WDT_IRQHandler</STRONG> (Thumb, 0 bytes, Stack size 0 bytes, startup_lpc17xx.o(.text))
<BR>[Address Reference Count : 1]<UL><LI> startup_lpc17xx.o(RESET)
</UL>
<P><STRONG><a name="[297]"></a>__user_initial_stackheap</STRONG> (Thumb, 0 bytes, Stack size unknown bytes, startup_lpc17xx.o(.text))
<BR><BR>[Called By]<UL><LI><a href="#[c1]">&gt;&gt;</a>&nbsp;&nbsp;&nbsp;__user_setup_stackheap
</UL>

<P><STRONG><a name="[444]"></a>__user_libspace</STRONG> (Thumb, 8 bytes, Stack size 0 bytes, libspace.o(.text), UNUSED)

<P><STRONG><a name="[296]"></a>__user_perproc_libspace</STRONG> (Thumb, 0 bytes, Stack size 0 bytes, libspace.o(.text))
<BR><BR>[Called By]<UL><LI><a href="#[c1]">&gt;&gt;</a>&nbsp;&nbsp;&nbsp;__user_setup_stackheap
<LI><a href="#[b7]">&gt;&gt;</a>&nbsp;&nbsp;&nbsp;__rt_locale
<LI><a href="#[2a8]">&gt;&gt;</a>&nbsp;&nbsp;&nbsp;__rt_heap_descriptor
</UL>

<P><STRONG><a name="[445]"></a>__I$use$semihosting</STRONG> (Thumb, 0 bytes, Stack size 0 bytes, use_no_semi.o(.text), UNUSED)

<P><STRONG><a name="[446]"></a>__use_no_semihosting_swi</STRONG> (Thumb, 2 bytes, Stack size 0 bytes, use_no_semi.o(.text), UNUSED)

<P><STRONG><a name="[c6]"></a>exit</STRONG> (Thumb, 12 bytes, Stack size 0 bytes, exit.o(.text))
<BR><BR>[Calls]<UL><LI><a href="#[c9]">&gt;&gt;</a>&nbsp;&nbsp;&nbsp;__rt_exit
</UL>
<BR>[Called By]<UL><LI><a href="#[b1]">&gt;&gt;</a>&nbsp;&nbsp;&nbsp;__rt_entry
</UL>

<P><STRONG><a name="[22a]"></a>strcat</STRONG> (Thumb, 24 bytes, Stack size 0 bytes, strcat.o(.text))
<BR><BR>[Called By]<UL><LI><a href="#[22b]">&gt;&gt;</a>&nbsp;&nbsp;&nbsp;bt_set_name
<LI><a href="#[228]">&gt;&gt;</a>&nbsp;&nbsp;&nbsp;bt_get_name
<LI><a href="#[207]">&gt;&gt;</a>&nbsp;&nbsp;&nbsp;set_bt_name
</UL>

<P><STRONG><a name="[447]"></a>__use_two_region_memory</STRONG> (Thumb, 2 bytes, Stack size 0 bytes, heapauxi.o(.text), UNUSED)

<P><STRONG><a name="[5]"></a>__rt_heap_escrow</STRONG> (Thumb, 2 bytes, Stack size 0 bytes, heapauxi.o(.text), UNUSED)

<P><STRONG><a name="[4]"></a>__rt_heap_expand</STRONG> (Thumb, 2 bytes, Stack size 0 bytes, heapauxi.o(.text), UNUSED)

<P><STRONG><a name="[448]"></a>__use_no_heap</STRONG> (Thumb, 2 bytes, Stack size 0 bytes, hguard.o(.text), UNUSED)

<P><STRONG><a name="[449]"></a>__heap$guard</STRONG> (Thumb, 2 bytes, Stack size 0 bytes, hguard.o(.text), UNUSED)

<P><STRONG><a name="[44a]"></a>rt_set_PSP</STRONG> (Thumb, 6 bytes, Stack size 0 bytes, hal_cm3.o(.emb_text), UNUSED)

<P><STRONG><a name="[40e]"></a>rt_get_PSP</STRONG> (Thumb, 6 bytes, Stack size 0 bytes, hal_cm3.o(.emb_text))
<BR><BR>[Called By]<UL><LI><a href="#[40d]">&gt;&gt;</a>&nbsp;&nbsp;&nbsp;rt_tsk_delete
</UL>

<P><STRONG><a name="[44b]"></a>os_set_env</STRONG> (Thumb, 24 bytes, Stack size 0 bytes, hal_cm3.o(.emb_text), UNUSED)

<P><STRONG><a name="[44c]"></a>_alloc_box</STRONG> (Thumb, 28 bytes, Stack size 0 bytes, hal_cm3.o(.emb_text), UNUSED)

<P><STRONG><a name="[44d]"></a>_free_box</STRONG> (Thumb, 28 bytes, Stack size 0 bytes, hal_cm3.o(.emb_text), UNUSED)

<P><STRONG><a name="[f]"></a>SVC_Handler</STRONG> (Thumb, 108 bytes, Stack size 0 bytes, hal_cm3.o(.emb_text))
<BR><BR>[Calls]<UL><LI><a href="#[ca]">&gt;&gt;</a>&nbsp;&nbsp;&nbsp;rt_stk_check
</UL>
<BR>[Address Reference Count : 1]<UL><LI> startup_lpc17xx.o(RESET)
</UL>
<P><STRONG><a name="[11]"></a>PendSV_Handler</STRONG> (Thumb, 56 bytes, Stack size 0 bytes, hal_cm3.o(.emb_text))
<BR><BR>[Stack]<UL><LI>Max Depth = 52<LI>Call Chain = PendSV_Handler &rArr; rt_pop_req &rArr; rt_mbx_psh &rArr; rt_put_prio
</UL>
<BR>[Calls]<UL><LI><a href="#[cb]">&gt;&gt;</a>&nbsp;&nbsp;&nbsp;rt_pop_req
<LI><a href="#[ca]">&gt;&gt;</a>&nbsp;&nbsp;&nbsp;rt_stk_check
</UL>
<BR>[Address Reference Count : 1]<UL><LI> startup_lpc17xx.o(RESET)
</UL>
<P><STRONG><a name="[12]"></a>SysTick_Handler</STRONG> (Thumb, 8 bytes, Stack size 0 bytes, hal_cm3.o(.emb_text))
<BR><BR>[Stack]<UL><LI>Max Depth = 72<LI>Call Chain = SysTick_Handler &rArr; rt_systick &rArr; sysTimerTick &rArr; isrMessagePut &rArr; isr_mbx_send &rArr; rt_psq_enq
</UL>
<BR>[Calls]<UL><LI><a href="#[cc]">&gt;&gt;</a>&nbsp;&nbsp;&nbsp;rt_systick
</UL>
<BR>[Address Reference Count : 1]<UL><LI> startup_lpc17xx.o(RESET)
</UL>
<P><STRONG><a name="[cd]"></a>OS_Tick_Handler</STRONG> (Thumb, 12 bytes, Stack size 0 bytes, hal_cm3.o(.emb_text), UNUSED)
<BR><BR>[Calls]<UL><LI><a href="#[ce]">&gt;&gt;</a>&nbsp;&nbsp;&nbsp;os_tick_irqack
<LI><a href="#[cc]">&gt;&gt;</a>&nbsp;&nbsp;&nbsp;rt_systick
</UL>

<P><STRONG><a name="[8]"></a>main</STRONG> (Thumb, 1360 bytes, Stack size 40 bytes, main.o(.text))
<BR><BR>[Stack]<UL><LI>Max Depth = 816<LI>Call Chain = main &rArr; runcycle &rArr; mainmenu &rArr; get_server_config &rArr; sendmail &rArr; email_messdaten &rArr; messdaten &rArr; send_vtf_file &rArr; open_vtf_file &rArr; fopen &rArr; _freopen_locked &rArr; _sys_open &rArr; __sys_open &rArr; fat_open &rArr; path_create &rArr; frec_find &rArr; entry_pos_inc &rArr; alloc_table_read &rArr; cache_fat
</UL>
<BR>[Calls]<UL><LI><a href="#[e8]">&gt;&gt;</a>&nbsp;&nbsp;&nbsp;test_gsm
<LI><a href="#[e9]">&gt;&gt;</a>&nbsp;&nbsp;&nbsp;test_gps
<LI><a href="#[e6]">&gt;&gt;</a>&nbsp;&nbsp;&nbsp;test_BT
<LI><a href="#[ec]">&gt;&gt;</a>&nbsp;&nbsp;&nbsp;show_led
<LI><a href="#[f1]">&gt;&gt;</a>&nbsp;&nbsp;&nbsp;runcycle
<LI><a href="#[d5]">&gt;&gt;</a>&nbsp;&nbsp;&nbsp;redirect_char_Out
<LI><a href="#[d9]">&gt;&gt;</a>&nbsp;&nbsp;&nbsp;putmstr
<LI><a href="#[dc]">&gt;&gt;</a>&nbsp;&nbsp;&nbsp;puterror_dtc
<LI><a href="#[e4]">&gt;&gt;</a>&nbsp;&nbsp;&nbsp;protocol
<LI><a href="#[c5]">&gt;&gt;</a>&nbsp;&nbsp;&nbsp;osKernelStart
<LI><a href="#[c3]">&gt;&gt;</a>&nbsp;&nbsp;&nbsp;osKernelInitialize
<LI><a href="#[d6]">&gt;&gt;</a>&nbsp;&nbsp;&nbsp;osDelay
<LI><a href="#[eb]">&gt;&gt;</a>&nbsp;&nbsp;&nbsp;num_to_LED
<LI><a href="#[e7]">&gt;&gt;</a>&nbsp;&nbsp;&nbsp;init_bluetooth
<LI><a href="#[e3]">&gt;&gt;</a>&nbsp;&nbsp;&nbsp;gsm_power
<LI><a href="#[ea]">&gt;&gt;</a>&nbsp;&nbsp;&nbsp;gps_power
<LI><a href="#[e0]">&gt;&gt;</a>&nbsp;&nbsp;&nbsp;get_com_status
<LI><a href="#[df]">&gt;&gt;</a>&nbsp;&nbsp;&nbsp;flash_erase
<LI><a href="#[ed]">&gt;&gt;</a>&nbsp;&nbsp;&nbsp;clean_cpy
<LI><a href="#[cf]">&gt;&gt;</a>&nbsp;&nbsp;&nbsp;SystemCoreClockUpdate
<LI><a href="#[e5]">&gt;&gt;</a>&nbsp;&nbsp;&nbsp;MQTT_fast_disconnect
<LI><a href="#[f0]">&gt;&gt;</a>&nbsp;&nbsp;&nbsp;Ledaus
<LI><a href="#[de]">&gt;&gt;</a>&nbsp;&nbsp;&nbsp;LED_188
<LI><a href="#[d2]">&gt;&gt;</a>&nbsp;&nbsp;&nbsp;Init_UART0
<LI><a href="#[d0]">&gt;&gt;</a>&nbsp;&nbsp;&nbsp;Init_Ports
<LI><a href="#[da]">&gt;&gt;</a>&nbsp;&nbsp;&nbsp;Init_Peripheral
<LI><a href="#[db]">&gt;&gt;</a>&nbsp;&nbsp;&nbsp;Init_I2C
<LI><a href="#[e2]">&gt;&gt;</a>&nbsp;&nbsp;&nbsp;Init_GSM_ch
<LI><a href="#[e1]">&gt;&gt;</a>&nbsp;&nbsp;&nbsp;Init_Ext_Intr
<LI><a href="#[ee]">&gt;&gt;</a>&nbsp;&nbsp;&nbsp;Init_BT_ch
<LI><a href="#[d4]">&gt;&gt;</a>&nbsp;&nbsp;&nbsp;InitWatchdog
<LI><a href="#[d1]">&gt;&gt;</a>&nbsp;&nbsp;&nbsp;InitTimer
<LI><a href="#[d7]">&gt;&gt;</a>&nbsp;&nbsp;&nbsp;InitSPIFlash
<LI><a href="#[d3]">&gt;&gt;</a>&nbsp;&nbsp;&nbsp;InitRTC
<LI><a href="#[d8]">&gt;&gt;</a>&nbsp;&nbsp;&nbsp;InitParameter
<LI><a href="#[dd]">&gt;&gt;</a>&nbsp;&nbsp;&nbsp;InitI2C_Devices
<LI><a href="#[ef]">&gt;&gt;</a>&nbsp;&nbsp;&nbsp;NVIC_EnableIRQ
</UL>
<BR>[Address Reference Count : 1]<UL><LI> rtx_conf_cm.o(.data)
</UL>
<P><STRONG><a name="[18]"></a>UART0_IRQHandler</STRONG> (Thumb, 68 bytes, Stack size 8 bytes, hard.o(.text))
<BR><BR>[Stack]<UL><LI>Max Depth = 8<LI>Call Chain = UART0_IRQHandler
</UL>
<BR>[Address Reference Count : 1]<UL><LI> startup_lpc17xx.o(RESET)
</UL>
<P><STRONG><a name="[19]"></a>UART1_IRQHandler</STRONG> (Thumb, 108 bytes, Stack size 8 bytes, hard.o(.text))
<BR><BR>[Stack]<UL><LI>Max Depth = 8<LI>Call Chain = UART1_IRQHandler
</UL>
<BR>[Calls]<UL><LI><a href="#[f2]">&gt;&gt;</a>&nbsp;&nbsp;&nbsp;NVIC_DisableIRQ
</UL>
<BR>[Address Reference Count : 1]<UL><LI> startup_lpc17xx.o(RESET)
</UL>
<P><STRONG><a name="[1a]"></a>UART2_IRQHandler</STRONG> (Thumb, 58 bytes, Stack size 8 bytes, hard.o(.text))
<BR><BR>[Stack]<UL><LI>Max Depth = 8<LI>Call Chain = UART2_IRQHandler
</UL>
<BR>[Address Reference Count : 1]<UL><LI> startup_lpc17xx.o(RESET)
</UL>
<P><STRONG><a name="[26]"></a>EINT1_IRQHandler</STRONG> (Thumb, 22 bytes, Stack size 0 bytes, hard.o(.text))
<BR>[Address Reference Count : 1]<UL><LI> startup_lpc17xx.o(RESET)
</UL>
<P><STRONG><a name="[27]"></a>EINT2_IRQHandler</STRONG> (Thumb, 22 bytes, Stack size 0 bytes, hard.o(.text))
<BR>[Address Reference Count : 1]<UL><LI> startup_lpc17xx.o(RESET)
</UL>
<P><STRONG><a name="[15]"></a>TIMER1_IRQHandler</STRONG> (Thumb, 64 bytes, Stack size 0 bytes, hard.o(.text))
<BR>[Address Reference Count : 1]<UL><LI> startup_lpc17xx.o(RESET)
</UL>
<P><STRONG><a name="[17]"></a>TIMER3_IRQHandler</STRONG> (Thumb, 90 bytes, Stack size 0 bytes, hard.o(.text))
<BR>[Address Reference Count : 1]<UL><LI> startup_lpc17xx.o(RESET)
</UL>
<P><STRONG><a name="[16]"></a>TIMER2_IRQHandler</STRONG> (Thumb, 84 bytes, Stack size 8 bytes, hard.o(.text))
<BR><BR>[Stack]<UL><LI>Max Depth = 8<LI>Call Chain = TIMER2_IRQHandler
</UL>
<BR>[Address Reference Count : 1]<UL><LI> startup_lpc17xx.o(RESET)
</UL>
<P><STRONG><a name="[f4]"></a>sendspi</STRONG> (Thumb, 44 bytes, Stack size 8 bytes, hard.o(.text))
<BR><BR>[Stack]<UL><LI>Max Depth = 8<LI>Call Chain = sendspi
</UL>
<BR>[Called By]<UL><LI><a href="#[ff]">&gt;&gt;</a>&nbsp;&nbsp;&nbsp;shift_to_LED
<LI><a href="#[1c]">&gt;&gt;</a>&nbsp;&nbsp;&nbsp;PWM1_IRQHandler
<LI><a href="#[eb]">&gt;&gt;</a>&nbsp;&nbsp;&nbsp;num_to_LED
<LI><a href="#[f0]">&gt;&gt;</a>&nbsp;&nbsp;&nbsp;Ledaus
</UL>

<P><STRONG><a name="[1c]"></a>PWM1_IRQHandler</STRONG> (Thumb, 108 bytes, Stack size 16 bytes, hard.o(.text))
<BR><BR>[Stack]<UL><LI>Max Depth = 24<LI>Call Chain = PWM1_IRQHandler &rArr; sendspi
</UL>
<BR>[Calls]<UL><LI><a href="#[f3]">&gt;&gt;</a>&nbsp;&nbsp;&nbsp;Init_SPI (via Veneer)
<LI><a href="#[f4]">&gt;&gt;</a>&nbsp;&nbsp;&nbsp;sendspi
</UL>
<BR>[Address Reference Count : 1]<UL><LI> startup_lpc17xx.o(RESET)
</UL>
<P><STRONG><a name="[f5]"></a>ResetWDT</STRONG> (Thumb, 16 bytes, Stack size 0 bytes, hard.o(.text))
<BR><BR>[Called By]<UL><LI><a href="#[158]">&gt;&gt;</a>&nbsp;&nbsp;&nbsp;parameter_to_progmem
<LI><a href="#[25]">&gt;&gt;</a>&nbsp;&nbsp;&nbsp;EINT0_IRQHandler
<LI><a href="#[127]">&gt;&gt;</a>&nbsp;&nbsp;&nbsp;wait_message
<LI><a href="#[110]">&gt;&gt;</a>&nbsp;&nbsp;&nbsp;getc
<LI><a href="#[139]">&gt;&gt;</a>&nbsp;&nbsp;&nbsp;getbyte
<LI><a href="#[136]">&gt;&gt;</a>&nbsp;&nbsp;&nbsp;md_simulation
<LI><a href="#[12e]">&gt;&gt;</a>&nbsp;&nbsp;&nbsp;plus_com
<LI><a href="#[120]">&gt;&gt;</a>&nbsp;&nbsp;&nbsp;modem_terminal
<LI><a href="#[103]">&gt;&gt;</a>&nbsp;&nbsp;&nbsp;DeepSleep
<LI><a href="#[e9]">&gt;&gt;</a>&nbsp;&nbsp;&nbsp;test_gps
<LI><a href="#[ec]">&gt;&gt;</a>&nbsp;&nbsp;&nbsp;show_led
<LI><a href="#[3c]">&gt;&gt;</a>&nbsp;&nbsp;&nbsp;putb
<LI><a href="#[e7]">&gt;&gt;</a>&nbsp;&nbsp;&nbsp;init_bluetooth
<LI><a href="#[d4]">&gt;&gt;</a>&nbsp;&nbsp;&nbsp;InitWatchdog
<LI><a href="#[23b]">&gt;&gt;</a>&nbsp;&nbsp;&nbsp;wait_mqtt_connect
<LI><a href="#[237]">&gt;&gt;</a>&nbsp;&nbsp;&nbsp;Download_firmware
<LI><a href="#[22b]">&gt;&gt;</a>&nbsp;&nbsp;&nbsp;bt_set_name
<LI><a href="#[219]">&gt;&gt;</a>&nbsp;&nbsp;&nbsp;sendmail
<LI><a href="#[21c]">&gt;&gt;</a>&nbsp;&nbsp;&nbsp;eval_mqtt_message
<LI><a href="#[1a9]">&gt;&gt;</a>&nbsp;&nbsp;&nbsp;USB_Client_service
<LI><a href="#[184]">&gt;&gt;</a>&nbsp;&nbsp;&nbsp;page_test
<LI><a href="#[182]">&gt;&gt;</a>&nbsp;&nbsp;&nbsp;set_dpp
<LI><a href="#[17f]">&gt;&gt;</a>&nbsp;&nbsp;&nbsp;wait_line
<LI><a href="#[17e]">&gt;&gt;</a>&nbsp;&nbsp;&nbsp;wait_message_2
<LI><a href="#[175]">&gt;&gt;</a>&nbsp;&nbsp;&nbsp;wait_return
<LI><a href="#[211]">&gt;&gt;</a>&nbsp;&nbsp;&nbsp;send_gps_raw
<LI><a href="#[18c]">&gt;&gt;</a>&nbsp;&nbsp;&nbsp;licht_test
<LI><a href="#[1f2]">&gt;&gt;</a>&nbsp;&nbsp;&nbsp;btransfer
<LI><a href="#[201]">&gt;&gt;</a>&nbsp;&nbsp;&nbsp;Con_MQTT_server
<LI><a href="#[1ac]">&gt;&gt;</a>&nbsp;&nbsp;&nbsp;send_vtf_file
</UL>

<P><STRONG><a name="[216]"></a>ResetWDTm</STRONG> (Thumb, 16 bytes, Stack size 0 bytes, hard.o(.text))
<BR><BR>[Called By]<UL><LI><a href="#[f1]">&gt;&gt;</a>&nbsp;&nbsp;&nbsp;runcycle
</UL>

<P><STRONG><a name="[d4]"></a>InitWatchdog</STRONG> (Thumb, 16 bytes, Stack size 0 bytes, hard.o(.text))
<BR><BR>[Calls]<UL><LI><a href="#[f5]">&gt;&gt;</a>&nbsp;&nbsp;&nbsp;ResetWDT
</UL>
<BR>[Called By]<UL><LI><a href="#[122]">&gt;&gt;</a>&nbsp;&nbsp;&nbsp;modem_com
<LI><a href="#[103]">&gt;&gt;</a>&nbsp;&nbsp;&nbsp;DeepSleep
<LI><a href="#[f1]">&gt;&gt;</a>&nbsp;&nbsp;&nbsp;runcycle
<LI><a href="#[8]">&gt;&gt;</a>&nbsp;&nbsp;&nbsp;main
<LI><a href="#[237]">&gt;&gt;</a>&nbsp;&nbsp;&nbsp;Download_firmware
<LI><a href="#[219]">&gt;&gt;</a>&nbsp;&nbsp;&nbsp;sendmail
<LI><a href="#[1a9]">&gt;&gt;</a>&nbsp;&nbsp;&nbsp;USB_Client_service
<LI><a href="#[201]">&gt;&gt;</a>&nbsp;&nbsp;&nbsp;Con_MQTT_server
<LI><a href="#[1fe]">&gt;&gt;</a>&nbsp;&nbsp;&nbsp;debug_n_test
<LI><a href="#[1e9]">&gt;&gt;</a>&nbsp;&nbsp;&nbsp;werkmenue
<LI><a href="#[1dc]">&gt;&gt;</a>&nbsp;&nbsp;&nbsp;Werkskonfiguration
</UL>

<P><STRONG><a name="[e1]"></a>Init_Ext_Intr</STRONG> (Thumb, 92 bytes, Stack size 8 bytes, hard.o(.text))
<BR><BR>[Stack]<UL><LI>Max Depth = 8<LI>Call Chain = Init_Ext_Intr
</UL>
<BR>[Calls]<UL><LI><a href="#[f6]">&gt;&gt;</a>&nbsp;&nbsp;&nbsp;NVIC_SetPriority
<LI><a href="#[f7]">&gt;&gt;</a>&nbsp;&nbsp;&nbsp;NVIC_ClearPendingIRQ
<LI><a href="#[f2]">&gt;&gt;</a>&nbsp;&nbsp;&nbsp;NVIC_DisableIRQ
</UL>
<BR>[Called By]<UL><LI><a href="#[8]">&gt;&gt;</a>&nbsp;&nbsp;&nbsp;main
</UL>

<P><STRONG><a name="[d1]"></a>InitTimer</STRONG> (Thumb, 158 bytes, Stack size 16 bytes, hard.o(.text))
<BR><BR>[Stack]<UL><LI>Max Depth = 16<LI>Call Chain = InitTimer
</UL>
<BR>[Calls]<UL><LI><a href="#[f6]">&gt;&gt;</a>&nbsp;&nbsp;&nbsp;NVIC_SetPriority
<LI><a href="#[f8]">&gt;&gt;</a>&nbsp;&nbsp;&nbsp;NVIC_EnableIRQ
</UL>
<BR>[Called By]<UL><LI><a href="#[8]">&gt;&gt;</a>&nbsp;&nbsp;&nbsp;main
</UL>

<P><STRONG><a name="[d2]"></a>Init_UART0</STRONG> (Thumb, 136 bytes, Stack size 8 bytes, hard.o(.text))
<BR><BR>[Stack]<UL><LI>Max Depth = 8<LI>Call Chain = Init_UART0
</UL>
<BR>[Calls]<UL><LI><a href="#[f6]">&gt;&gt;</a>&nbsp;&nbsp;&nbsp;NVIC_SetPriority
<LI><a href="#[f8]">&gt;&gt;</a>&nbsp;&nbsp;&nbsp;NVIC_EnableIRQ
</UL>
<BR>[Called By]<UL><LI><a href="#[8]">&gt;&gt;</a>&nbsp;&nbsp;&nbsp;main
</UL>

<P><STRONG><a name="[f9]"></a>Init_UART1</STRONG> (Thumb, 172 bytes, Stack size 24 bytes, hard.o(.text))
<BR><BR>[Stack]<UL><LI>Max Depth = 24<LI>Call Chain = Init_UART1
</UL>
<BR>[Calls]<UL><LI><a href="#[f6]">&gt;&gt;</a>&nbsp;&nbsp;&nbsp;NVIC_SetPriority
<LI><a href="#[f2]">&gt;&gt;</a>&nbsp;&nbsp;&nbsp;NVIC_DisableIRQ
<LI><a href="#[f8]">&gt;&gt;</a>&nbsp;&nbsp;&nbsp;NVIC_EnableIRQ
</UL>
<BR>[Called By]<UL><LI><a href="#[fb]">&gt;&gt;</a>&nbsp;&nbsp;&nbsp;uart1_release
<LI><a href="#[fa]">&gt;&gt;</a>&nbsp;&nbsp;&nbsp;uart1_request
<LI><a href="#[e7]">&gt;&gt;</a>&nbsp;&nbsp;&nbsp;init_bluetooth
<LI><a href="#[1dd]">&gt;&gt;</a>&nbsp;&nbsp;&nbsp;init_gsm
</UL>

<P><STRONG><a name="[fa]"></a>uart1_request</STRONG> (Thumb, 124 bytes, Stack size 16 bytes, hard.o(.text))
<BR><BR>[Stack]<UL><LI>Max Depth = 40<LI>Call Chain = uart1_request &rArr; Init_UART1
</UL>
<BR>[Calls]<UL><LI><a href="#[f9]">&gt;&gt;</a>&nbsp;&nbsp;&nbsp;Init_UART1
<LI><a href="#[d6]">&gt;&gt;</a>&nbsp;&nbsp;&nbsp;osDelay
</UL>
<BR>[Called By]<UL><LI><a href="#[fb]">&gt;&gt;</a>&nbsp;&nbsp;&nbsp;uart1_release
<LI><a href="#[e2]">&gt;&gt;</a>&nbsp;&nbsp;&nbsp;Init_GSM_ch
<LI><a href="#[ee]">&gt;&gt;</a>&nbsp;&nbsp;&nbsp;Init_BT_ch
<LI><a href="#[1df]">&gt;&gt;</a>&nbsp;&nbsp;&nbsp;upload_file
</UL>

<P><STRONG><a name="[fb]"></a>uart1_release</STRONG> (Thumb, 90 bytes, Stack size 8 bytes, hard.o(.text))
<BR><BR>[Stack]<UL><LI>Max Depth = 48<LI>Call Chain = uart1_release &rArr; uart1_request &rArr; Init_UART1
</UL>
<BR>[Calls]<UL><LI><a href="#[fa]">&gt;&gt;</a>&nbsp;&nbsp;&nbsp;uart1_request
<LI><a href="#[f9]">&gt;&gt;</a>&nbsp;&nbsp;&nbsp;Init_UART1
</UL>
<BR>[Called By]<UL><LI><a href="#[122]">&gt;&gt;</a>&nbsp;&nbsp;&nbsp;modem_com
<LI><a href="#[e6]">&gt;&gt;</a>&nbsp;&nbsp;&nbsp;test_BT
<LI><a href="#[f1]">&gt;&gt;</a>&nbsp;&nbsp;&nbsp;runcycle
<LI><a href="#[e7]">&gt;&gt;</a>&nbsp;&nbsp;&nbsp;init_bluetooth
<LI><a href="#[e3]">&gt;&gt;</a>&nbsp;&nbsp;&nbsp;gsm_power
<LI><a href="#[5a]">&gt;&gt;</a>&nbsp;&nbsp;&nbsp;MQTT_Connect
<LI><a href="#[206]">&gt;&gt;</a>&nbsp;&nbsp;&nbsp;set_bt_pin
<LI><a href="#[207]">&gt;&gt;</a>&nbsp;&nbsp;&nbsp;set_bt_name
<LI><a href="#[205]">&gt;&gt;</a>&nbsp;&nbsp;&nbsp;send_bt_info
<LI><a href="#[1dd]">&gt;&gt;</a>&nbsp;&nbsp;&nbsp;init_gsm
<LI><a href="#[1df]">&gt;&gt;</a>&nbsp;&nbsp;&nbsp;upload_file
</UL>

<P><STRONG><a name="[fc]"></a>Init_UART2</STRONG> (Thumb, 174 bytes, Stack size 24 bytes, hard.o(.text))
<BR><BR>[Stack]<UL><LI>Max Depth = 24<LI>Call Chain = Init_UART2
</UL>
<BR>[Calls]<UL><LI><a href="#[f6]">&gt;&gt;</a>&nbsp;&nbsp;&nbsp;NVIC_SetPriority
<LI><a href="#[f2]">&gt;&gt;</a>&nbsp;&nbsp;&nbsp;NVIC_DisableIRQ
<LI><a href="#[f8]">&gt;&gt;</a>&nbsp;&nbsp;&nbsp;NVIC_EnableIRQ
</UL>
<BR>[Called By]<UL><LI><a href="#[122]">&gt;&gt;</a>&nbsp;&nbsp;&nbsp;modem_com
<LI><a href="#[e9]">&gt;&gt;</a>&nbsp;&nbsp;&nbsp;test_gps
<LI><a href="#[ea]">&gt;&gt;</a>&nbsp;&nbsp;&nbsp;gps_power
<LI><a href="#[21b]">&gt;&gt;</a>&nbsp;&nbsp;&nbsp;get_geopos
<LI><a href="#[211]">&gt;&gt;</a>&nbsp;&nbsp;&nbsp;send_gps_raw
<LI><a href="#[210]">&gt;&gt;</a>&nbsp;&nbsp;&nbsp;send_gps_GGA
<LI><a href="#[1de]">&gt;&gt;</a>&nbsp;&nbsp;&nbsp;init_gps
</UL>

<P><STRONG><a name="[da]"></a>Init_Peripheral</STRONG> (Thumb, 60 bytes, Stack size 0 bytes, hard.o(.text))
<BR><BR>[Called By]<UL><LI><a href="#[d0]">&gt;&gt;</a>&nbsp;&nbsp;&nbsp;Init_Ports
<LI><a href="#[8]">&gt;&gt;</a>&nbsp;&nbsp;&nbsp;main
</UL>

<P><STRONG><a name="[d0]"></a>Init_Ports</STRONG> (Thumb, 194 bytes, Stack size 8 bytes, hard.o(.text))
<BR><BR>[Stack]<UL><LI>Max Depth = 8<LI>Call Chain = Init_Ports
</UL>
<BR>[Calls]<UL><LI><a href="#[da]">&gt;&gt;</a>&nbsp;&nbsp;&nbsp;Init_Peripheral
</UL>
<BR>[Called By]<UL><LI><a href="#[8]">&gt;&gt;</a>&nbsp;&nbsp;&nbsp;main
</UL>

<P><STRONG><a name="[44e]"></a>uswait</STRONG> (Thumb, 14 bytes, Stack size 0 bytes, hard.o(.text), UNUSED)

<P><STRONG><a name="[fe]"></a>get_ad</STRONG> (Thumb, 70 bytes, Stack size 8 bytes, hard.o(.text))
<BR><BR>[Stack]<UL><LI>Max Depth = 8<LI>Call Chain = get_ad
</UL>
<BR>[Called By]<UL><LI><a href="#[10d]">&gt;&gt;</a>&nbsp;&nbsp;&nbsp;test_battery
<LI><a href="#[fd]">&gt;&gt;</a>&nbsp;&nbsp;&nbsp;get_brightness
</UL>

<P><STRONG><a name="[fd]"></a>get_brightness</STRONG> (Thumb, 40 bytes, Stack size 12 bytes, hard.o(.text))
<BR><BR>[Stack]<UL><LI>Max Depth = 20<LI>Call Chain = get_brightness &rArr; get_ad
</UL>
<BR>[Calls]<UL><LI><a href="#[fe]">&gt;&gt;</a>&nbsp;&nbsp;&nbsp;get_ad
</UL>
<BR>[Called By]<UL><LI><a href="#[109]">&gt;&gt;</a>&nbsp;&nbsp;&nbsp;get_dimmung
<LI><a href="#[18c]">&gt;&gt;</a>&nbsp;&nbsp;&nbsp;licht_test
</UL>

<P><STRONG><a name="[ff]"></a>shift_to_LED</STRONG> (Thumb, 252 bytes, Stack size 40 bytes, hard.o(.text))
<BR><BR>[Stack]<UL><LI>Max Depth = 48<LI>Call Chain = shift_to_LED &rArr; sendspi
</UL>
<BR>[Calls]<UL><LI><a href="#[f3]">&gt;&gt;</a>&nbsp;&nbsp;&nbsp;Init_SPI (via Veneer)
<LI><a href="#[100]">&gt;&gt;</a>&nbsp;&nbsp;&nbsp;Clear_SPI (via Veneer)
<LI><a href="#[f4]">&gt;&gt;</a>&nbsp;&nbsp;&nbsp;sendspi
<LI><a href="#[d6]">&gt;&gt;</a>&nbsp;&nbsp;&nbsp;osDelay
</UL>
<BR>[Called By]<UL><LI><a href="#[135]">&gt;&gt;</a>&nbsp;&nbsp;&nbsp;Helligkeit
<LI><a href="#[ec]">&gt;&gt;</a>&nbsp;&nbsp;&nbsp;show_led
</UL>

<P><STRONG><a name="[f0]"></a>Ledaus</STRONG> (Thumb, 66 bytes, Stack size 16 bytes, hard.o(.text))
<BR><BR>[Stack]<UL><LI>Max Depth = 24<LI>Call Chain = Ledaus &rArr; sendspi
</UL>
<BR>[Calls]<UL><LI><a href="#[f3]">&gt;&gt;</a>&nbsp;&nbsp;&nbsp;Init_SPI (via Veneer)
<LI><a href="#[100]">&gt;&gt;</a>&nbsp;&nbsp;&nbsp;Clear_SPI (via Veneer)
<LI><a href="#[f4]">&gt;&gt;</a>&nbsp;&nbsp;&nbsp;sendspi
</UL>
<BR>[Called By]<UL><LI><a href="#[12f]">&gt;&gt;</a>&nbsp;&nbsp;&nbsp;clear_all
<LI><a href="#[13d]">&gt;&gt;</a>&nbsp;&nbsp;&nbsp;reboot
<LI><a href="#[10b]">&gt;&gt;</a>&nbsp;&nbsp;&nbsp;show_led_off
<LI><a href="#[f1]">&gt;&gt;</a>&nbsp;&nbsp;&nbsp;runcycle
<LI><a href="#[de]">&gt;&gt;</a>&nbsp;&nbsp;&nbsp;LED_188
<LI><a href="#[8]">&gt;&gt;</a>&nbsp;&nbsp;&nbsp;main
<LI><a href="#[57]">&gt;&gt;</a>&nbsp;&nbsp;&nbsp;ledtest3
<LI><a href="#[55]">&gt;&gt;</a>&nbsp;&nbsp;&nbsp;ledtest1
<LI><a href="#[193]">&gt;&gt;</a>&nbsp;&nbsp;&nbsp;transceiver_test
<LI><a href="#[18e]">&gt;&gt;</a>&nbsp;&nbsp;&nbsp;LED_font_test
<LI><a href="#[204]">&gt;&gt;</a>&nbsp;&nbsp;&nbsp;mainmenu
<LI><a href="#[1d0]">&gt;&gt;</a>&nbsp;&nbsp;&nbsp;firmware
</UL>

<P><STRONG><a name="[102]"></a>adj_hell</STRONG> (Thumb, 62 bytes, Stack size 0 bytes, hard.o(.text))
<BR><BR>[Called By]<UL><LI><a href="#[101]">&gt;&gt;</a>&nbsp;&nbsp;&nbsp;set_pwm
<LI><a href="#[57]">&gt;&gt;</a>&nbsp;&nbsp;&nbsp;ledtest3
<LI><a href="#[56]">&gt;&gt;</a>&nbsp;&nbsp;&nbsp;ledtest2
<LI><a href="#[55]">&gt;&gt;</a>&nbsp;&nbsp;&nbsp;ledtest1
</UL>

<P><STRONG><a name="[101]"></a>set_pwm</STRONG> (Thumb, 140 bytes, Stack size 12 bytes, hard.o(.text))
<BR><BR>[Stack]<UL><LI>Max Depth = 12<LI>Call Chain = set_pwm
</UL>
<BR>[Calls]<UL><LI><a href="#[102]">&gt;&gt;</a>&nbsp;&nbsp;&nbsp;adj_hell
</UL>
<BR>[Called By]<UL><LI><a href="#[135]">&gt;&gt;</a>&nbsp;&nbsp;&nbsp;Helligkeit
<LI><a href="#[ec]">&gt;&gt;</a>&nbsp;&nbsp;&nbsp;show_led
<LI><a href="#[f1]">&gt;&gt;</a>&nbsp;&nbsp;&nbsp;runcycle
<LI><a href="#[de]">&gt;&gt;</a>&nbsp;&nbsp;&nbsp;LED_188
<LI><a href="#[55]">&gt;&gt;</a>&nbsp;&nbsp;&nbsp;ledtest1
</UL>

<P><STRONG><a name="[44f]"></a>wait_uarts_empty</STRONG> (Thumb, 16 bytes, Stack size 0 bytes, hard.o(.text), UNUSED)

<P><STRONG><a name="[103]"></a>DeepSleep</STRONG> (Thumb, 136 bytes, Stack size 8 bytes, hard.o(.text))
<BR><BR>[Stack]<UL><LI>Max Depth = 72<LI>Call Chain = DeepSleep &rArr; SystemCoreClockUpdate &rArr; __aeabi_uldivmod
</UL>
<BR>[Calls]<UL><LI><a href="#[38]">&gt;&gt;</a>&nbsp;&nbsp;&nbsp;SystemInit
<LI><a href="#[f5]">&gt;&gt;</a>&nbsp;&nbsp;&nbsp;ResetWDT
<LI><a href="#[cf]">&gt;&gt;</a>&nbsp;&nbsp;&nbsp;SystemCoreClockUpdate
<LI><a href="#[d4]">&gt;&gt;</a>&nbsp;&nbsp;&nbsp;InitWatchdog
</UL>
<BR>[Called By]<UL><LI><a href="#[f1]">&gt;&gt;</a>&nbsp;&nbsp;&nbsp;runcycle
</UL>

<P><STRONG><a name="[118]"></a>isalpha</STRONG> (Thumb, 16 bytes, Stack size 0 bytes, libtool.o(.text))
<BR><BR>[Called By]<UL><LI><a href="#[116]">&gt;&gt;</a>&nbsp;&nbsp;&nbsp;make_filename
<LI><a href="#[218]">&gt;&gt;</a>&nbsp;&nbsp;&nbsp;sendsms
<LI><a href="#[219]">&gt;&gt;</a>&nbsp;&nbsp;&nbsp;sendmail
<LI><a href="#[1a8]">&gt;&gt;</a>&nbsp;&nbsp;&nbsp;infofile_eintrag
<LI><a href="#[1a6]">&gt;&gt;</a>&nbsp;&nbsp;&nbsp;find_and_open
<LI><a href="#[168]">&gt;&gt;</a>&nbsp;&nbsp;&nbsp;getstr
<LI><a href="#[165]">&gt;&gt;</a>&nbsp;&nbsp;&nbsp;putln_ifexist
<LI><a href="#[20c]">&gt;&gt;</a>&nbsp;&nbsp;&nbsp;get_server_config
<LI><a href="#[201]">&gt;&gt;</a>&nbsp;&nbsp;&nbsp;Con_MQTT_server
<LI><a href="#[1d9]">&gt;&gt;</a>&nbsp;&nbsp;&nbsp;werkeinstellung
<LI><a href="#[1d7]">&gt;&gt;</a>&nbsp;&nbsp;&nbsp;infomenu
</UL>

<P><STRONG><a name="[105]"></a>isdigit</STRONG> (Thumb, 16 bytes, Stack size 0 bytes, libtool.o(.text))
<BR><BR>[Called By]<UL><LI><a href="#[124]">&gt;&gt;</a>&nbsp;&nbsp;&nbsp;putmenu
<LI><a href="#[104]">&gt;&gt;</a>&nbsp;&nbsp;&nbsp;atoi
<LI><a href="#[e7]">&gt;&gt;</a>&nbsp;&nbsp;&nbsp;init_bluetooth
<LI><a href="#[218]">&gt;&gt;</a>&nbsp;&nbsp;&nbsp;sendsms
<LI><a href="#[168]">&gt;&gt;</a>&nbsp;&nbsp;&nbsp;getstr
<LI><a href="#[172]">&gt;&gt;</a>&nbsp;&nbsp;&nbsp;list_selection
<LI><a href="#[204]">&gt;&gt;</a>&nbsp;&nbsp;&nbsp;mainmenu
</UL>

<P><STRONG><a name="[450]"></a>to_upper</STRONG> (Thumb, 14 bytes, Stack size 0 bytes, libtool.o(.text), UNUSED)

<P><STRONG><a name="[104]"></a>atoi</STRONG> (Thumb, 38 bytes, Stack size 4 bytes, libtool.o(.text))
<BR><BR>[Stack]<UL><LI>Max Depth = 4<LI>Call Chain = atoi
</UL>
<BR>[Calls]<UL><LI><a href="#[105]">&gt;&gt;</a>&nbsp;&nbsp;&nbsp;isdigit
</UL>
<BR>[Called By]<UL><LI><a href="#[e7]">&gt;&gt;</a>&nbsp;&nbsp;&nbsp;init_bluetooth
<LI><a href="#[239]">&gt;&gt;</a>&nbsp;&nbsp;&nbsp;firmware_to_flash
<LI><a href="#[237]">&gt;&gt;</a>&nbsp;&nbsp;&nbsp;Download_firmware
<LI><a href="#[235]">&gt;&gt;</a>&nbsp;&nbsp;&nbsp;cert_to_uc15
<LI><a href="#[219]">&gt;&gt;</a>&nbsp;&nbsp;&nbsp;sendmail
<LI><a href="#[21b]">&gt;&gt;</a>&nbsp;&nbsp;&nbsp;get_geopos
<LI><a href="#[1b1]">&gt;&gt;</a>&nbsp;&nbsp;&nbsp;Datum_falsch
<LI><a href="#[1b0]">&gt;&gt;</a>&nbsp;&nbsp;&nbsp;Zeit_falsch
<LI><a href="#[1ff]">&gt;&gt;</a>&nbsp;&nbsp;&nbsp;test_registration
<LI><a href="#[1b5]">&gt;&gt;</a>&nbsp;&nbsp;&nbsp;set_time
<LI><a href="#[1b6]">&gt;&gt;</a>&nbsp;&nbsp;&nbsp;set_date
<LI><a href="#[206]">&gt;&gt;</a>&nbsp;&nbsp;&nbsp;set_bt_pin
<LI><a href="#[210]">&gt;&gt;</a>&nbsp;&nbsp;&nbsp;send_gps_GGA
<LI><a href="#[1ba]">&gt;&gt;</a>&nbsp;&nbsp;&nbsp;minutenwert
<LI><a href="#[16d]">&gt;&gt;</a>&nbsp;&nbsp;&nbsp;getsignedchar
<LI><a href="#[16b]">&gt;&gt;</a>&nbsp;&nbsp;&nbsp;getmnumber
<LI><a href="#[1e0]">&gt;&gt;</a>&nbsp;&nbsp;&nbsp;file_to_uc15
</UL>

<P><STRONG><a name="[157]"></a>strcopy</STRONG> (Thumb, 20 bytes, Stack size 0 bytes, libtool.o(.text))
<BR><BR>[Called By]<UL><LI><a href="#[156]">&gt;&gt;</a>&nbsp;&nbsp;&nbsp;werkparameter
<LI><a href="#[24e]">&gt;&gt;</a>&nbsp;&nbsp;&nbsp;send_debug_info
<LI><a href="#[1a6]">&gt;&gt;</a>&nbsp;&nbsp;&nbsp;find_and_open
<LI><a href="#[209]">&gt;&gt;</a>&nbsp;&nbsp;&nbsp;set_server_default
</UL>

<P><STRONG><a name="[ed]"></a>clean_cpy</STRONG> (Thumb, 34 bytes, Stack size 0 bytes, libtool.o(.text))
<BR><BR>[Called By]<UL><LI><a href="#[156]">&gt;&gt;</a>&nbsp;&nbsp;&nbsp;werkparameter
<LI><a href="#[8]">&gt;&gt;</a>&nbsp;&nbsp;&nbsp;main
<LI><a href="#[249]">&gt;&gt;</a>&nbsp;&nbsp;&nbsp;send_join
<LI><a href="#[1ff]">&gt;&gt;</a>&nbsp;&nbsp;&nbsp;test_registration
<LI><a href="#[209]">&gt;&gt;</a>&nbsp;&nbsp;&nbsp;set_server_default
</UL>

<P><STRONG><a name="[1f5]"></a>copy_to_cbuf</STRONG> (Thumb, 26 bytes, Stack size 12 bytes, libtool.o(.text))
<BR><BR>[Stack]<UL><LI>Max Depth = 12<LI>Call Chain = copy_to_cbuf
</UL>
<BR>[Called By]<UL><LI><a href="#[24e]">&gt;&gt;</a>&nbsp;&nbsp;&nbsp;send_debug_info
<LI><a href="#[246]">&gt;&gt;</a>&nbsp;&nbsp;&nbsp;mqtt_gpspos
<LI><a href="#[23f]">&gt;&gt;</a>&nbsp;&nbsp;&nbsp;topic_to_cbuf
<LI><a href="#[23c]">&gt;&gt;</a>&nbsp;&nbsp;&nbsp;send_mqtt_connect
<LI><a href="#[1f4]">&gt;&gt;</a>&nbsp;&nbsp;&nbsp;modem_send_pro
<LI><a href="#[1f3]">&gt;&gt;</a>&nbsp;&nbsp;&nbsp;modem_send_par
<LI><a href="#[1ac]">&gt;&gt;</a>&nbsp;&nbsp;&nbsp;send_vtf_file
</UL>

<P><STRONG><a name="[23e]"></a>str_to_cbuf</STRONG> (Thumb, 26 bytes, Stack size 8 bytes, libtool.o(.text))
<BR><BR>[Stack]<UL><LI>Max Depth = 8<LI>Call Chain = str_to_cbuf
</UL>
<BR>[Called By]<UL><LI><a href="#[24e]">&gt;&gt;</a>&nbsp;&nbsp;&nbsp;send_debug_info
<LI><a href="#[23f]">&gt;&gt;</a>&nbsp;&nbsp;&nbsp;topic_to_cbuf
<LI><a href="#[23c]">&gt;&gt;</a>&nbsp;&nbsp;&nbsp;send_mqtt_connect
</UL>

<P><STRONG><a name="[23d]"></a>strlen_to_cbuf</STRONG> (Thumb, 42 bytes, Stack size 8 bytes, libtool.o(.text))
<BR><BR>[Stack]<UL><LI>Max Depth = 8<LI>Call Chain = strlen_to_cbuf
</UL>
<BR>[Called By]<UL><LI><a href="#[23c]">&gt;&gt;</a>&nbsp;&nbsp;&nbsp;send_mqtt_connect
</UL>

<P><STRONG><a name="[107]"></a>crcgen</STRONG> (Thumb, 38 bytes, Stack size 12 bytes, libtool.o(.text))
<BR><BR>[Stack]<UL><LI>Max Depth = 12<LI>Call Chain = crcgen
</UL>
<BR>[Called By]<UL><LI><a href="#[106]">&gt;&gt;</a>&nbsp;&nbsp;&nbsp;crc
<LI><a href="#[249]">&gt;&gt;</a>&nbsp;&nbsp;&nbsp;send_join
<LI><a href="#[239]">&gt;&gt;</a>&nbsp;&nbsp;&nbsp;firmware_to_flash
<LI><a href="#[21c]">&gt;&gt;</a>&nbsp;&nbsp;&nbsp;eval_mqtt_message
<LI><a href="#[1df]">&gt;&gt;</a>&nbsp;&nbsp;&nbsp;upload_file
</UL>

<P><STRONG><a name="[106]"></a>crc</STRONG> (Thumb, 4 bytes, Stack size 0 bytes, libtool.o(.text))
<BR><BR>[Stack]<UL><LI>Max Depth = 12<LI>Call Chain = crc &rArr; crcgen
</UL>
<BR>[Calls]<UL><LI><a href="#[107]">&gt;&gt;</a>&nbsp;&nbsp;&nbsp;crcgen
</UL>
<BR>[Called By]<UL><LI><a href="#[133]">&gt;&gt;</a>&nbsp;&nbsp;&nbsp;plus_download
<LI><a href="#[11e]">&gt;&gt;</a>&nbsp;&nbsp;&nbsp;addcrctoblock
<LI><a href="#[249]">&gt;&gt;</a>&nbsp;&nbsp;&nbsp;send_join
<LI><a href="#[21c]">&gt;&gt;</a>&nbsp;&nbsp;&nbsp;eval_mqtt_message
<LI><a href="#[1d1]">&gt;&gt;</a>&nbsp;&nbsp;&nbsp;xmodem_receive
<LI><a href="#[1df]">&gt;&gt;</a>&nbsp;&nbsp;&nbsp;upload_file
<LI><a href="#[1d0]">&gt;&gt;</a>&nbsp;&nbsp;&nbsp;firmware
</UL>

<P><STRONG><a name="[215]"></a>DirSort</STRONG> (Thumb, 76 bytes, Stack size 20 bytes, libtool.o(.text))
<BR><BR>[Stack]<UL><LI>Max Depth = 20<LI>Call Chain = DirSort
</UL>
<BR>[Called By]<UL><LI><a href="#[212]">&gt;&gt;</a>&nbsp;&nbsp;&nbsp;measure
</UL>

<P><STRONG><a name="[171]"></a>number_exists</STRONG> (Thumb, 34 bytes, Stack size 12 bytes, libtool.o(.text))
<BR><BR>[Stack]<UL><LI>Max Depth = 12<LI>Call Chain = number_exists
</UL>
<BR>[Called By]<UL><LI><a href="#[dc]">&gt;&gt;</a>&nbsp;&nbsp;&nbsp;puterror_dtc
<LI><a href="#[1f8]">&gt;&gt;</a>&nbsp;&nbsp;&nbsp;put_protocol
</UL>

<P><STRONG><a name="[eb]"></a>num_to_LED</STRONG> (Thumb, 402 bytes, Stack size 48 bytes, libtool.o(.text))
<BR><BR>[Stack]<UL><LI>Max Depth = 56<LI>Call Chain = num_to_LED &rArr; sendspi
</UL>
<BR>[Calls]<UL><LI><a href="#[108]">&gt;&gt;</a>&nbsp;&nbsp;&nbsp;NVIC_EnableIRQ
<LI><a href="#[f3]">&gt;&gt;</a>&nbsp;&nbsp;&nbsp;Init_SPI (via Veneer)
<LI><a href="#[f4]">&gt;&gt;</a>&nbsp;&nbsp;&nbsp;sendspi
<LI><a href="#[d6]">&gt;&gt;</a>&nbsp;&nbsp;&nbsp;osDelay
</UL>
<BR>[Called By]<UL><LI><a href="#[135]">&gt;&gt;</a>&nbsp;&nbsp;&nbsp;Helligkeit
<LI><a href="#[f1]">&gt;&gt;</a>&nbsp;&nbsp;&nbsp;runcycle
<LI><a href="#[de]">&gt;&gt;</a>&nbsp;&nbsp;&nbsp;LED_188
<LI><a href="#[8]">&gt;&gt;</a>&nbsp;&nbsp;&nbsp;main
<LI><a href="#[57]">&gt;&gt;</a>&nbsp;&nbsp;&nbsp;ledtest3
<LI><a href="#[56]">&gt;&gt;</a>&nbsp;&nbsp;&nbsp;ledtest2
<LI><a href="#[55]">&gt;&gt;</a>&nbsp;&nbsp;&nbsp;ledtest1
<LI><a href="#[193]">&gt;&gt;</a>&nbsp;&nbsp;&nbsp;transceiver_test
<LI><a href="#[18e]">&gt;&gt;</a>&nbsp;&nbsp;&nbsp;LED_font_test
<LI><a href="#[18d]">&gt;&gt;</a>&nbsp;&nbsp;&nbsp;LED_check
<LI><a href="#[1e7]">&gt;&gt;</a>&nbsp;&nbsp;&nbsp;set_symbols_switches
<LI><a href="#[1e3]">&gt;&gt;</a>&nbsp;&nbsp;&nbsp;show_ledsymbols
</UL>

<P><STRONG><a name="[109]"></a>get_dimmung</STRONG> (Thumb, 110 bytes, Stack size 8 bytes, libtool.o(.text))
<BR><BR>[Stack]<UL><LI>Max Depth = 32<LI>Call Chain = get_dimmung &rArr; write_i2c_dev
</UL>
<BR>[Calls]<UL><LI><a href="#[10a]">&gt;&gt;</a>&nbsp;&nbsp;&nbsp;write_i2c_dev
<LI><a href="#[fd]">&gt;&gt;</a>&nbsp;&nbsp;&nbsp;get_brightness
</UL>
<BR>[Called By]<UL><LI><a href="#[f1]">&gt;&gt;</a>&nbsp;&nbsp;&nbsp;runcycle
<LI><a href="#[190]">&gt;&gt;</a>&nbsp;&nbsp;&nbsp;ledtest
<LI><a href="#[18e]">&gt;&gt;</a>&nbsp;&nbsp;&nbsp;LED_font_test
<LI><a href="#[1e3]">&gt;&gt;</a>&nbsp;&nbsp;&nbsp;show_ledsymbols
</UL>

<P><STRONG><a name="[ec]"></a>show_led</STRONG> (Thumb, 102 bytes, Stack size 24 bytes, libtool.o(.text))
<BR><BR>[Stack]<UL><LI>Max Depth = 72<LI>Call Chain = show_led &rArr; shift_to_LED &rArr; sendspi
</UL>
<BR>[Calls]<UL><LI><a href="#[101]">&gt;&gt;</a>&nbsp;&nbsp;&nbsp;set_pwm
<LI><a href="#[ff]">&gt;&gt;</a>&nbsp;&nbsp;&nbsp;shift_to_LED
<LI><a href="#[f5]">&gt;&gt;</a>&nbsp;&nbsp;&nbsp;ResetWDT
<LI><a href="#[d6]">&gt;&gt;</a>&nbsp;&nbsp;&nbsp;osDelay
</UL>
<BR>[Called By]<UL><LI><a href="#[135]">&gt;&gt;</a>&nbsp;&nbsp;&nbsp;Helligkeit
<LI><a href="#[10b]">&gt;&gt;</a>&nbsp;&nbsp;&nbsp;show_led_off
<LI><a href="#[f1]">&gt;&gt;</a>&nbsp;&nbsp;&nbsp;runcycle
<LI><a href="#[de]">&gt;&gt;</a>&nbsp;&nbsp;&nbsp;LED_188
<LI><a href="#[8]">&gt;&gt;</a>&nbsp;&nbsp;&nbsp;main
<LI><a href="#[57]">&gt;&gt;</a>&nbsp;&nbsp;&nbsp;ledtest3
<LI><a href="#[55]">&gt;&gt;</a>&nbsp;&nbsp;&nbsp;ledtest1
<LI><a href="#[193]">&gt;&gt;</a>&nbsp;&nbsp;&nbsp;transceiver_test
<LI><a href="#[18e]">&gt;&gt;</a>&nbsp;&nbsp;&nbsp;LED_font_test
<LI><a href="#[1e7]">&gt;&gt;</a>&nbsp;&nbsp;&nbsp;set_symbols_switches
</UL>

<P><STRONG><a name="[10b]"></a>show_led_off</STRONG> (Thumb, 16 bytes, Stack size 8 bytes, libtool.o(.text))
<BR><BR>[Stack]<UL><LI>Max Depth = 80<LI>Call Chain = show_led_off &rArr; show_led &rArr; shift_to_LED &rArr; sendspi
</UL>
<BR>[Calls]<UL><LI><a href="#[ec]">&gt;&gt;</a>&nbsp;&nbsp;&nbsp;show_led
<LI><a href="#[f0]">&gt;&gt;</a>&nbsp;&nbsp;&nbsp;Ledaus
</UL>
<BR>[Called By]<UL><LI><a href="#[56]">&gt;&gt;</a>&nbsp;&nbsp;&nbsp;ledtest2
<LI><a href="#[18d]">&gt;&gt;</a>&nbsp;&nbsp;&nbsp;LED_check
<LI><a href="#[1e3]">&gt;&gt;</a>&nbsp;&nbsp;&nbsp;show_ledsymbols
</UL>

<P><STRONG><a name="[de]"></a>LED_188</STRONG> (Thumb, 260 bytes, Stack size 32 bytes, libtool.o(.text))
<BR><BR>[Stack]<UL><LI>Max Depth = 216<LI>Call Chain = LED_188 &rArr; test_rtc &rArr; puterror_dtc &rArr; protocol &rArr; read_date_time &rArr; putnumber &rArr; putc
</UL>
<BR>[Calls]<UL><LI><a href="#[10c]">&gt;&gt;</a>&nbsp;&nbsp;&nbsp;test_rtc
<LI><a href="#[10d]">&gt;&gt;</a>&nbsp;&nbsp;&nbsp;test_battery
<LI><a href="#[101]">&gt;&gt;</a>&nbsp;&nbsp;&nbsp;set_pwm
<LI><a href="#[ec]">&gt;&gt;</a>&nbsp;&nbsp;&nbsp;show_led
<LI><a href="#[d6]">&gt;&gt;</a>&nbsp;&nbsp;&nbsp;osDelay
<LI><a href="#[eb]">&gt;&gt;</a>&nbsp;&nbsp;&nbsp;num_to_LED
<LI><a href="#[f0]">&gt;&gt;</a>&nbsp;&nbsp;&nbsp;Ledaus
</UL>
<BR>[Called By]<UL><LI><a href="#[8]">&gt;&gt;</a>&nbsp;&nbsp;&nbsp;main
</UL>

<P><STRONG><a name="[18f]"></a>ledsymbol</STRONG> (Thumb, 62 bytes, Stack size 16 bytes, libtool.o(.text))
<BR><BR>[Stack]<UL><LI>Max Depth = 16<LI>Call Chain = ledsymbol
</UL>
<BR>[Called By]<UL><LI><a href="#[f1]">&gt;&gt;</a>&nbsp;&nbsp;&nbsp;runcycle
<LI><a href="#[57]">&gt;&gt;</a>&nbsp;&nbsp;&nbsp;ledtest3
</UL>

<P><STRONG><a name="[10e]"></a>transceiver</STRONG> (Thumb, 270 bytes, Stack size 32 bytes, libtool.o(.text))
<BR><BR>[Stack]<UL><LI>Max Depth = 120<LI>Call Chain = transceiver &rArr; putparameter &rArr; putnumber &rArr; putc
</UL>
<BR>[Calls]<UL><LI><a href="#[10a]">&gt;&gt;</a>&nbsp;&nbsp;&nbsp;write_i2c_dev
<LI><a href="#[10f]">&gt;&gt;</a>&nbsp;&nbsp;&nbsp;putparameter
<LI><a href="#[111]">&gt;&gt;</a>&nbsp;&nbsp;&nbsp;getkey
<LI><a href="#[110]">&gt;&gt;</a>&nbsp;&nbsp;&nbsp;getc
</UL>
<BR>[Called By]<UL><LI><a href="#[212]">&gt;&gt;</a>&nbsp;&nbsp;&nbsp;measure
<LI><a href="#[193]">&gt;&gt;</a>&nbsp;&nbsp;&nbsp;transceiver_test
<LI><a href="#[183]">&gt;&gt;</a>&nbsp;&nbsp;&nbsp;test_i2c_device
<LI><a href="#[194]">&gt;&gt;</a>&nbsp;&nbsp;&nbsp;amplifier_adjust
</UL>

<P><STRONG><a name="[112]"></a>set_measure_constants</STRONG> (Thumb, 132 bytes, Stack size 16 bytes, libtool.o(.text))
<BR><BR>[Stack]<UL><LI>Max Depth = 48<LI>Call Chain = set_measure_constants &rArr; __aeabi_d2uiz
</UL>
<BR>[Calls]<UL><LI><a href="#[113]">&gt;&gt;</a>&nbsp;&nbsp;&nbsp;__aeabi_ui2d
<LI><a href="#[115]">&gt;&gt;</a>&nbsp;&nbsp;&nbsp;__aeabi_d2uiz
<LI><a href="#[114]">&gt;&gt;</a>&nbsp;&nbsp;&nbsp;__aeabi_ddiv
</UL>
<BR>[Called By]<UL><LI><a href="#[212]">&gt;&gt;</a>&nbsp;&nbsp;&nbsp;measure
</UL>

<P><STRONG><a name="[21f]"></a>display_mode_speed</STRONG> (Thumb, 102 bytes, Stack size 16 bytes, libtool.o(.text))
<BR><BR>[Stack]<UL><LI>Max Depth = 16<LI>Call Chain = display_mode_speed
</UL>
<BR>[Called By]<UL><LI><a href="#[f1]">&gt;&gt;</a>&nbsp;&nbsp;&nbsp;runcycle
</UL>

<P><STRONG><a name="[21e]"></a>farbe_numLED</STRONG> (Thumb, 50 bytes, Stack size 8 bytes, libtool.o(.text))
<BR><BR>[Stack]<UL><LI>Max Depth = 8<LI>Call Chain = farbe_numLED
</UL>
[...]
<BR><BR>[Stack]<UL><LI>Max Depth = 112<LI>Call Chain = frec_allocate &rArr; alloc_clus &rArr; alloc_table_write &rArr; cache_fat
</UL>
<BR>[Calls]<UL><LI><a href="#[3aa]">&gt;&gt;</a>&nbsp;&nbsp;&nbsp;elink_cmd
<LI><a href="#[3bd]">&gt;&gt;</a>&nbsp;&nbsp;&nbsp;link_clus
<LI><a href="#[3c6]">&gt;&gt;</a>&nbsp;&nbsp;&nbsp;entry_type
<LI><a href="#[39c]">&gt;&gt;</a>&nbsp;&nbsp;&nbsp;entry_read
<LI><a href="#[3a2]">&gt;&gt;</a>&nbsp;&nbsp;&nbsp;entry_pos_inc
<LI><a href="#[3c5]">&gt;&gt;</a>&nbsp;&nbsp;&nbsp;entry_pos_comp
<LI><a href="#[397]">&gt;&gt;</a>&nbsp;&nbsp;&nbsp;clear_clus
<LI><a href="#[38a]">&gt;&gt;</a>&nbsp;&nbsp;&nbsp;alloc_clus
</UL>
<BR>[Called By]<UL><LI><a href="#[3b6]">&gt;&gt;</a>&nbsp;&nbsp;&nbsp;path_create
</UL>

<P><STRONG><a name="[3b1]"></a>frec_delete</STRONG> (Thumb, 88 bytes, Stack size 40 bytes, fs_fat.o(i.frec_delete), UNUSED)
<BR><BR>[Calls]<UL><LI><a href="#[39c]">&gt;&gt;</a>&nbsp;&nbsp;&nbsp;entry_read
<LI><a href="#[3a2]">&gt;&gt;</a>&nbsp;&nbsp;&nbsp;entry_pos_inc
<LI><a href="#[3a0]">&gt;&gt;</a>&nbsp;&nbsp;&nbsp;entry_flush
</UL>
<BR>[Called By]<UL><LI><a href="#[386]">&gt;&gt;</a>&nbsp;&nbsp;&nbsp;fat_delete
</UL>

<P><STRONG><a name="[3b0]"></a>frec_delete_elink</STRONG> (Thumb, 40 bytes, Stack size 16 bytes, fs_fat.o(i.frec_delete_elink), UNUSED)
<BR><BR>[Calls]<UL><LI><a href="#[3c7]">&gt;&gt;</a>&nbsp;&nbsp;&nbsp;elink_delete
<LI><a href="#[3aa]">&gt;&gt;</a>&nbsp;&nbsp;&nbsp;elink_cmd
<LI><a href="#[3c5]">&gt;&gt;</a>&nbsp;&nbsp;&nbsp;entry_pos_comp
</UL>
<BR>[Called By]<UL><LI><a href="#[386]">&gt;&gt;</a>&nbsp;&nbsp;&nbsp;fat_delete
</UL>

<P><STRONG><a name="[3c8]"></a>frec_find</STRONG> (Thumb, 506 bytes, Stack size 128 bytes, fs_fat.o(i.frec_find))
<BR><BR>[Stack]<UL><LI>Max Depth = 192<LI>Call Chain = frec_find &rArr; entry_pos_inc &rArr; alloc_table_read &rArr; cache_fat
</UL>
<BR>[Calls]<UL><LI><a href="#[3cd]">&gt;&gt;</a>&nbsp;&nbsp;&nbsp;elink_insert
<LI><a href="#[3aa]">&gt;&gt;</a>&nbsp;&nbsp;&nbsp;elink_cmd
<LI><a href="#[2a0]">&gt;&gt;</a>&nbsp;&nbsp;&nbsp;strncasecmp
<LI><a href="#[3ca]">&gt;&gt;</a>&nbsp;&nbsp;&nbsp;sn_chksum
<LI><a href="#[3cc]">&gt;&gt;</a>&nbsp;&nbsp;&nbsp;short_ent_hash
<LI><a href="#[3cb]">&gt;&gt;</a>&nbsp;&nbsp;&nbsp;sfn_extract
<LI><a href="#[3c9]">&gt;&gt;</a>&nbsp;&nbsp;&nbsp;long_ent_hash
<LI><a href="#[3c6]">&gt;&gt;</a>&nbsp;&nbsp;&nbsp;entry_type
<LI><a href="#[39c]">&gt;&gt;</a>&nbsp;&nbsp;&nbsp;entry_read
<LI><a href="#[3a2]">&gt;&gt;</a>&nbsp;&nbsp;&nbsp;entry_pos_inc
<LI><a href="#[3c5]">&gt;&gt;</a>&nbsp;&nbsp;&nbsp;entry_pos_comp
</UL>
<BR>[Called By]<UL><LI><a href="#[3a8]">&gt;&gt;</a>&nbsp;&nbsp;&nbsp;path_open
<LI><a href="#[3b6]">&gt;&gt;</a>&nbsp;&nbsp;&nbsp;path_create
</UL>

<P><STRONG><a name="[3ce]"></a>frec_find_elink</STRONG> (Thumb, 90 bytes, Stack size 24 bytes, fs_fat.o(i.frec_find_elink))
<BR><BR>[Stack]<UL><LI>Max Depth = 88<LI>Call Chain = frec_find_elink &rArr; entry_pos_inc &rArr; alloc_table_read &rArr; cache_fat
</UL>
<BR>[Calls]<UL><LI><a href="#[3d0]">&gt;&gt;</a>&nbsp;&nbsp;&nbsp;elink_scan
<LI><a href="#[3cf]">&gt;&gt;</a>&nbsp;&nbsp;&nbsp;name_hash
<LI><a href="#[39c]">&gt;&gt;</a>&nbsp;&nbsp;&nbsp;entry_read
<LI><a href="#[3a2]">&gt;&gt;</a>&nbsp;&nbsp;&nbsp;entry_pos_inc
</UL>
<BR>[Called By]<UL><LI><a href="#[3a8]">&gt;&gt;</a>&nbsp;&nbsp;&nbsp;path_open
<LI><a href="#[3b6]">&gt;&gt;</a>&nbsp;&nbsp;&nbsp;path_create
</UL>

<P><STRONG><a name="[3ab]"></a>frec_next</STRONG> (Thumb, 360 bytes, Stack size 64 bytes, fs_fat.o(i.frec_next))
<BR><BR>[Stack]<UL><LI>Max Depth = 128<LI>Call Chain = frec_next &rArr; entry_pos_inc &rArr; alloc_table_read &rArr; cache_fat
</UL>
<BR>[Calls]<UL><LI><a href="#[3cd]">&gt;&gt;</a>&nbsp;&nbsp;&nbsp;elink_insert
<LI><a href="#[3aa]">&gt;&gt;</a>&nbsp;&nbsp;&nbsp;elink_cmd
<LI><a href="#[3ca]">&gt;&gt;</a>&nbsp;&nbsp;&nbsp;sn_chksum
<LI><a href="#[3cc]">&gt;&gt;</a>&nbsp;&nbsp;&nbsp;short_ent_hash
<LI><a href="#[3cb]">&gt;&gt;</a>&nbsp;&nbsp;&nbsp;sfn_extract
<LI><a href="#[3c9]">&gt;&gt;</a>&nbsp;&nbsp;&nbsp;long_ent_hash
<LI><a href="#[3c6]">&gt;&gt;</a>&nbsp;&nbsp;&nbsp;entry_type
<LI><a href="#[39c]">&gt;&gt;</a>&nbsp;&nbsp;&nbsp;entry_read
<LI><a href="#[3a2]">&gt;&gt;</a>&nbsp;&nbsp;&nbsp;entry_pos_inc
</UL>
<BR>[Called By]<UL><LI><a href="#[386]">&gt;&gt;</a>&nbsp;&nbsp;&nbsp;fat_delete
<LI><a href="#[3a5]">&gt;&gt;</a>&nbsp;&nbsp;&nbsp;fat_chdir
</UL>

<P><STRONG><a name="[3b9]"></a>fsinfo_read</STRONG> (Thumb, 114 bytes, Stack size 8 bytes, fs_fat.o(i.fsinfo_read))
<BR><BR>[Stack]<UL><LI>Max Depth = 24<LI>Call Chain = fsinfo_read &rArr; read_sector
</UL>
<BR>[Calls]<UL><LI><a href="#[395]">&gt;&gt;</a>&nbsp;&nbsp;&nbsp;read_sector
<LI><a href="#[391]">&gt;&gt;</a>&nbsp;&nbsp;&nbsp;get_u32
</UL>
<BR>[Called By]<UL><LI><a href="#[3b7]">&gt;&gt;</a>&nbsp;&nbsp;&nbsp;fat_mount
</UL>

<P><STRONG><a name="[3ad]"></a>fsinfo_write</STRONG> (Thumb, 90 bytes, Stack size 8 bytes, fs_fat.o(i.fsinfo_write))
<BR><BR>[Stack]<UL><LI>Max Depth = 48<LI>Call Chain = fsinfo_write &rArr; write_cache &rArr; write_sector
</UL>
<BR>[Calls]<UL><LI><a href="#[270]">&gt;&gt;</a>&nbsp;&nbsp;&nbsp;__aeabi_memclr
<LI><a href="#[399]">&gt;&gt;</a>&nbsp;&nbsp;&nbsp;write_cache
<LI><a href="#[393]">&gt;&gt;</a>&nbsp;&nbsp;&nbsp;set_u32
<LI><a href="#[392]">&gt;&gt;</a>&nbsp;&nbsp;&nbsp;set_u16
</UL>
<BR>[Called By]<UL><LI><a href="#[37d]">&gt;&gt;</a>&nbsp;&nbsp;&nbsp;fat_open
<LI><a href="#[376]">&gt;&gt;</a>&nbsp;&nbsp;&nbsp;fat_close
<LI><a href="#[3b7]">&gt;&gt;</a>&nbsp;&nbsp;&nbsp;fat_mount
<LI><a href="#[386]">&gt;&gt;</a>&nbsp;&nbsp;&nbsp;fat_delete
</UL>

<P><STRONG><a name="[38c]"></a>get_EOC</STRONG> (Thumb, 34 bytes, Stack size 0 bytes, fs_fat.o(i.get_EOC))
<BR><BR>[Called By]<UL><LI><a href="#[382]">&gt;&gt;</a>&nbsp;&nbsp;&nbsp;fat_seek
<LI><a href="#[3af]">&gt;&gt;</a>&nbsp;&nbsp;&nbsp;unlink_clus
<LI><a href="#[3a2]">&gt;&gt;</a>&nbsp;&nbsp;&nbsp;entry_pos_inc
<LI><a href="#[38a]">&gt;&gt;</a>&nbsp;&nbsp;&nbsp;alloc_clus
</UL>

<P><STRONG><a name="[38e]"></a>get_fat_sect</STRONG> (Thumb, 50 bytes, Stack size 0 bytes, fs_fat.o(i.get_fat_sect))
<BR><BR>[Called By]<UL><LI><a href="#[38d]">&gt;&gt;</a>&nbsp;&nbsp;&nbsp;alloc_table_write
<LI><a href="#[38b]">&gt;&gt;</a>&nbsp;&nbsp;&nbsp;alloc_table_read
</UL>

<P><STRONG><a name="[3a9]"></a>get_root_clus</STRONG> (Thumb, 14 bytes, Stack size 0 bytes, fs_fat.o(i.get_root_clus))
<BR><BR>[Called By]<UL><LI><a href="#[3b7]">&gt;&gt;</a>&nbsp;&nbsp;&nbsp;fat_mount
<LI><a href="#[3a5]">&gt;&gt;</a>&nbsp;&nbsp;&nbsp;fat_chdir
<LI><a href="#[3a7]">&gt;&gt;</a>&nbsp;&nbsp;&nbsp;path_init
</UL>

<P><STRONG><a name="[390]"></a>get_u16</STRONG> (Thumb, 10 bytes, Stack size 0 bytes, fs_fat.o(i.get_u16))
<BR><BR>[Called By]<UL><LI><a href="#[37d]">&gt;&gt;</a>&nbsp;&nbsp;&nbsp;fat_open
<LI><a href="#[3b7]">&gt;&gt;</a>&nbsp;&nbsp;&nbsp;fat_mount
<LI><a href="#[386]">&gt;&gt;</a>&nbsp;&nbsp;&nbsp;fat_delete
<LI><a href="#[3a5]">&gt;&gt;</a>&nbsp;&nbsp;&nbsp;fat_chdir
<LI><a href="#[3a8]">&gt;&gt;</a>&nbsp;&nbsp;&nbsp;path_open
<LI><a href="#[394]">&gt;&gt;</a>&nbsp;&nbsp;&nbsp;bs_read
<LI><a href="#[38d]">&gt;&gt;</a>&nbsp;&nbsp;&nbsp;alloc_table_write
<LI><a href="#[38b]">&gt;&gt;</a>&nbsp;&nbsp;&nbsp;alloc_table_read
</UL>

<P><STRONG><a name="[391]"></a>get_u32</STRONG> (Thumb, 22 bytes, Stack size 0 bytes, fs_fat.o(i.get_u32))
<BR><BR>[Called By]<UL><LI><a href="#[37d]">&gt;&gt;</a>&nbsp;&nbsp;&nbsp;fat_open
<LI><a href="#[3b7]">&gt;&gt;</a>&nbsp;&nbsp;&nbsp;fat_mount
<LI><a href="#[3b9]">&gt;&gt;</a>&nbsp;&nbsp;&nbsp;fsinfo_read
<LI><a href="#[394]">&gt;&gt;</a>&nbsp;&nbsp;&nbsp;bs_read
<LI><a href="#[38b]">&gt;&gt;</a>&nbsp;&nbsp;&nbsp;alloc_table_read
</UL>

<P><STRONG><a name="[3bd]"></a>link_clus</STRONG> (Thumb, 4 bytes, Stack size 0 bytes, fs_fat.o(i.link_clus))
<BR><BR>[Stack]<UL><LI>Max Depth = 48<LI>Call Chain = link_clus &rArr; alloc_table_write &rArr; cache_fat
</UL>
<BR>[Calls]<UL><LI><a href="#[38d]">&gt;&gt;</a>&nbsp;&nbsp;&nbsp;alloc_table_write
</UL>
<BR>[Called By]<UL><LI><a href="#[384]">&gt;&gt;</a>&nbsp;&nbsp;&nbsp;fat_write
<LI><a href="#[382]">&gt;&gt;</a>&nbsp;&nbsp;&nbsp;fat_seek
<LI><a href="#[3c4]">&gt;&gt;</a>&nbsp;&nbsp;&nbsp;frec_allocate
</UL>

<P><STRONG><a name="[3c9]"></a>long_ent_hash</STRONG> (Thumb, 34 bytes, Stack size 32 bytes, fs_fat.o(i.long_ent_hash))
<BR><BR>[Stack]<UL><LI>Max Depth = 44<LI>Call Chain = long_ent_hash &rArr; fat_crc32
</UL>
<BR>[Calls]<UL><LI><a href="#[3dd]">&gt;&gt;</a>&nbsp;&nbsp;&nbsp;fat_crc32
</UL>
<BR>[Called By]<UL><LI><a href="#[3ab]">&gt;&gt;</a>&nbsp;&nbsp;&nbsp;frec_next
<LI><a href="#[3c8]">&gt;&gt;</a>&nbsp;&nbsp;&nbsp;frec_find
</UL>

<P><STRONG><a name="[3de]"></a>name_analyse</STRONG> (Thumb, 172 bytes, Stack size 40 bytes, fs_fat.o(i.name_analyse))
<BR><BR>[Stack]<UL><LI>Max Depth = 40<LI>Call Chain = name_analyse
</UL>
<BR>[Calls]<UL><LI><a href="#[3df]">&gt;&gt;</a>&nbsp;&nbsp;&nbsp;char_validate
</UL>
<BR>[Called By]<UL><LI><a href="#[3a8]">&gt;&gt;</a>&nbsp;&nbsp;&nbsp;path_open
<LI><a href="#[3b6]">&gt;&gt;</a>&nbsp;&nbsp;&nbsp;path_create
</UL>

<P><STRONG><a name="[3e0]"></a>name_basis_gen</STRONG> (Thumb, 180 bytes, Stack size 40 bytes, fs_fat.o(i.name_basis_gen))
<BR><BR>[Stack]<UL><LI>Max Depth = 40<LI>Call Chain = name_basis_gen
</UL>
<BR>[Calls]<UL><LI><a href="#[3df]">&gt;&gt;</a>&nbsp;&nbsp;&nbsp;char_validate
</UL>
<BR>[Called By]<UL><LI><a href="#[3b6]">&gt;&gt;</a>&nbsp;&nbsp;&nbsp;path_create
</UL>

<P><STRONG><a name="[3cf]"></a>name_hash</STRONG> (Thumb, 8 bytes, Stack size 0 bytes, fs_fat.o(i.name_hash))
<BR><BR>[Stack]<UL><LI>Max Depth = 12<LI>Call Chain = name_hash &rArr; fat_crc32
</UL>
<BR>[Calls]<UL><LI><a href="#[3dd]">&gt;&gt;</a>&nbsp;&nbsp;&nbsp;fat_crc32
</UL>
<BR>[Called By]<UL><LI><a href="#[3b6]">&gt;&gt;</a>&nbsp;&nbsp;&nbsp;path_create
<LI><a href="#[3ce]">&gt;&gt;</a>&nbsp;&nbsp;&nbsp;frec_find_elink
</UL>

<P><STRONG><a name="[3e6]"></a>name_nt_gen</STRONG> (Thumb, 288 bytes, Stack size 24 bytes, fs_fat.o(i.name_nt_gen))
<BR><BR>[Stack]<UL><LI>Max Depth = 24<LI>Call Chain = name_nt_gen
</UL>
<BR>[Called By]<UL><LI><a href="#[3b6]">&gt;&gt;</a>&nbsp;&nbsp;&nbsp;path_create
</UL>

<P><STRONG><a name="[3e5]"></a>name_strip</STRONG> (Thumb, 82 bytes, Stack size 12 bytes, fs_fat.o(i.name_strip))
<BR><BR>[Stack]<UL><LI>Max Depth = 12<LI>Call Chain = name_strip
</UL>
<BR>[Called By]<UL><LI><a href="#[3a8]">&gt;&gt;</a>&nbsp;&nbsp;&nbsp;path_open
<LI><a href="#[3b6]">&gt;&gt;</a>&nbsp;&nbsp;&nbsp;path_create
</UL>

<P><STRONG><a name="[3b6]"></a>path_create</STRONG> (Thumb, 544 bytes, Stack size 144 bytes, fs_fat.o(i.path_create))
<BR><BR>[Stack]<UL><LI>Max Depth = 336<LI>Call Chain = path_create &rArr; frec_find &rArr; entry_pos_inc &rArr; alloc_table_read &rArr; cache_fat
</UL>
<BR>[Calls]<UL><LI><a href="#[3cd]">&gt;&gt;</a>&nbsp;&nbsp;&nbsp;elink_insert
<LI><a href="#[3aa]">&gt;&gt;</a>&nbsp;&nbsp;&nbsp;elink_cmd
<LI><a href="#[1b3]">&gt;&gt;</a>&nbsp;&nbsp;&nbsp;__aeabi_memcpy4
<LI><a href="#[159]">&gt;&gt;</a>&nbsp;&nbsp;&nbsp;__aeabi_memcpy
<LI><a href="#[3e7]">&gt;&gt;</a>&nbsp;&nbsp;&nbsp;strlen
<LI><a href="#[3ca]">&gt;&gt;</a>&nbsp;&nbsp;&nbsp;sn_chksum
<LI><a href="#[3cc]">&gt;&gt;</a>&nbsp;&nbsp;&nbsp;short_ent_hash
<LI><a href="#[3e5]">&gt;&gt;</a>&nbsp;&nbsp;&nbsp;name_strip
<LI><a href="#[3e6]">&gt;&gt;</a>&nbsp;&nbsp;&nbsp;name_nt_gen
<LI><a href="#[3cf]">&gt;&gt;</a>&nbsp;&nbsp;&nbsp;name_hash
<LI><a href="#[3e0]">&gt;&gt;</a>&nbsp;&nbsp;&nbsp;name_basis_gen
<LI><a href="#[3de]">&gt;&gt;</a>&nbsp;&nbsp;&nbsp;name_analyse
<LI><a href="#[3ce]">&gt;&gt;</a>&nbsp;&nbsp;&nbsp;frec_find_elink
<LI><a href="#[3c8]">&gt;&gt;</a>&nbsp;&nbsp;&nbsp;frec_find
<LI><a href="#[3c4]">&gt;&gt;</a>&nbsp;&nbsp;&nbsp;frec_allocate
<LI><a href="#[3a3]">&gt;&gt;</a>&nbsp;&nbsp;&nbsp;create_sfn_entry
<LI><a href="#[3a1]">&gt;&gt;</a>&nbsp;&nbsp;&nbsp;create_lfn_entry
<LI><a href="#[39b]">&gt;&gt;</a>&nbsp;&nbsp;&nbsp;create_dot_entries
<LI><a href="#[397]">&gt;&gt;</a>&nbsp;&nbsp;&nbsp;clear_clus
<LI><a href="#[38a]">&gt;&gt;</a>&nbsp;&nbsp;&nbsp;alloc_clus
</UL>
<BR>[Called By]<UL><LI><a href="#[37d]">&gt;&gt;</a>&nbsp;&nbsp;&nbsp;fat_open
<LI><a href="#[3b5]">&gt;&gt;</a>&nbsp;&nbsp;&nbsp;fat_mkdir
</UL>

<P><STRONG><a name="[3a7]"></a>path_init</STRONG> (Thumb, 52 bytes, Stack size 24 bytes, fs_fat.o(i.path_init))
<BR><BR>[Stack]<UL><LI>Max Depth = 24<LI>Call Chain = path_init
</UL>
<BR>[Calls]<UL><LI><a href="#[3e8]">&gt;&gt;</a>&nbsp;&nbsp;&nbsp;elink_init_path
<LI><a href="#[3a9]">&gt;&gt;</a>&nbsp;&nbsp;&nbsp;get_root_clus
</UL>
<BR>[Called By]<UL><LI><a href="#[37d]">&gt;&gt;</a>&nbsp;&nbsp;&nbsp;fat_open
<LI><a href="#[3b5]">&gt;&gt;</a>&nbsp;&nbsp;&nbsp;fat_mkdir
<LI><a href="#[386]">&gt;&gt;</a>&nbsp;&nbsp;&nbsp;fat_delete
<LI><a href="#[3a5]">&gt;&gt;</a>&nbsp;&nbsp;&nbsp;fat_chdir
</UL>

<P><STRONG><a name="[3a8]"></a>path_open</STRONG> (Thumb, 166 bytes, Stack size 24 bytes, fs_fat.o(i.path_open))
<BR><BR>[Stack]<UL><LI>Max Depth = 216<LI>Call Chain = path_open &rArr; frec_find &rArr; entry_pos_inc &rArr; alloc_table_read &rArr; cache_fat
</UL>
<BR>[Calls]<UL><LI><a href="#[3aa]">&gt;&gt;</a>&nbsp;&nbsp;&nbsp;elink_cmd
<LI><a href="#[3e5]">&gt;&gt;</a>&nbsp;&nbsp;&nbsp;name_strip
<LI><a href="#[3de]">&gt;&gt;</a>&nbsp;&nbsp;&nbsp;name_analyse
<LI><a href="#[390]">&gt;&gt;</a>&nbsp;&nbsp;&nbsp;get_u16
<LI><a href="#[3ce]">&gt;&gt;</a>&nbsp;&nbsp;&nbsp;frec_find_elink
<LI><a href="#[3c8]">&gt;&gt;</a>&nbsp;&nbsp;&nbsp;frec_find
</UL>
<BR>[Called By]<UL><LI><a href="#[37d]">&gt;&gt;</a>&nbsp;&nbsp;&nbsp;fat_open
<LI><a href="#[3b5]">&gt;&gt;</a>&nbsp;&nbsp;&nbsp;fat_mkdir
<LI><a href="#[386]">&gt;&gt;</a>&nbsp;&nbsp;&nbsp;fat_delete
<LI><a href="#[3a5]">&gt;&gt;</a>&nbsp;&nbsp;&nbsp;fat_chdir
</UL>

<P><STRONG><a name="[3bc]"></a>read_cache</STRONG> (Thumb, 122 bytes, Stack size 16 bytes, fs_fat.o(i.read_cache))
<BR><BR>[Stack]<UL><LI>Max Depth = 32<LI>Call Chain = read_cache &rArr; read_sector
</UL>
<BR>[Calls]<UL><LI><a href="#[159]">&gt;&gt;</a>&nbsp;&nbsp;&nbsp;__aeabi_memcpy
<LI><a href="#[395]">&gt;&gt;</a>&nbsp;&nbsp;&nbsp;read_sector
</UL>
<BR>[Called By]<UL><LI><a href="#[380]">&gt;&gt;</a>&nbsp;&nbsp;&nbsp;fat_read
</UL>

<P><STRONG><a name="[395]"></a>read_sector</STRONG> (Thumb, 82 bytes, Stack size 16 bytes, fs_fat.o(i.read_sector))
<BR><BR>[Stack]<UL><LI>Max Depth = 16<LI>Call Chain = read_sector
</UL>
<BR>[Calls]<UL><LI><a href="#[159]">&gt;&gt;</a>&nbsp;&nbsp;&nbsp;__aeabi_memcpy
</UL>
<BR>[Called By]<UL><LI><a href="#[384]">&gt;&gt;</a>&nbsp;&nbsp;&nbsp;fat_write
<LI><a href="#[382]">&gt;&gt;</a>&nbsp;&nbsp;&nbsp;fat_seek
<LI><a href="#[3b7]">&gt;&gt;</a>&nbsp;&nbsp;&nbsp;fat_mount
<LI><a href="#[3bc]">&gt;&gt;</a>&nbsp;&nbsp;&nbsp;read_cache
<LI><a href="#[3b9]">&gt;&gt;</a>&nbsp;&nbsp;&nbsp;fsinfo_read
<LI><a href="#[39c]">&gt;&gt;</a>&nbsp;&nbsp;&nbsp;entry_read
<LI><a href="#[394]">&gt;&gt;</a>&nbsp;&nbsp;&nbsp;bs_read
</UL>

<P><STRONG><a name="[392]"></a>set_u16</STRONG> (Thumb, 8 bytes, Stack size 0 bytes, fs_fat.o(i.set_u16))
<BR><BR>[Called By]<UL><LI><a href="#[37d]">&gt;&gt;</a>&nbsp;&nbsp;&nbsp;fat_open
<LI><a href="#[376]">&gt;&gt;</a>&nbsp;&nbsp;&nbsp;fat_close
<LI><a href="#[3ad]">&gt;&gt;</a>&nbsp;&nbsp;&nbsp;fsinfo_write
<LI><a href="#[3a3]">&gt;&gt;</a>&nbsp;&nbsp;&nbsp;create_sfn_entry
<LI><a href="#[39b]">&gt;&gt;</a>&nbsp;&nbsp;&nbsp;create_dot_entries
<LI><a href="#[38d]">&gt;&gt;</a>&nbsp;&nbsp;&nbsp;alloc_table_write
</UL>

<P><STRONG><a name="[393]"></a>set_u32</STRONG> (Thumb, 16 bytes, Stack size 0 bytes, fs_fat.o(i.set_u32))
<BR><BR>[Called By]<UL><LI><a href="#[376]">&gt;&gt;</a>&nbsp;&nbsp;&nbsp;fat_close
<LI><a href="#[3ad]">&gt;&gt;</a>&nbsp;&nbsp;&nbsp;fsinfo_write
<LI><a href="#[38d]">&gt;&gt;</a>&nbsp;&nbsp;&nbsp;alloc_table_write
</UL>

<P><STRONG><a name="[3cb]"></a>sfn_extract</STRONG> (Thumb, 72 bytes, Stack size 8 bytes, fs_fat.o(i.sfn_extract))
<BR><BR>[Stack]<UL><LI>Max Depth = 8<LI>Call Chain = sfn_extract
</UL>
<BR>[Called By]<UL><LI><a href="#[3cc]">&gt;&gt;</a>&nbsp;&nbsp;&nbsp;short_ent_hash
<LI><a href="#[3ab]">&gt;&gt;</a>&nbsp;&nbsp;&nbsp;frec_next
<LI><a href="#[3c8]">&gt;&gt;</a>&nbsp;&nbsp;&nbsp;frec_find
</UL>

<P><STRONG><a name="[3cc]"></a>short_ent_hash</STRONG> (Thumb, 26 bytes, Stack size 24 bytes, fs_fat.o(i.short_ent_hash))
<BR><BR>[Stack]<UL><LI>Max Depth = 36<LI>Call Chain = short_ent_hash &rArr; fat_crc32
</UL>
<BR>[Calls]<UL><LI><a href="#[3cb]">&gt;&gt;</a>&nbsp;&nbsp;&nbsp;sfn_extract
<LI><a href="#[3dd]">&gt;&gt;</a>&nbsp;&nbsp;&nbsp;fat_crc32
</UL>
<BR>[Called By]<UL><LI><a href="#[3b6]">&gt;&gt;</a>&nbsp;&nbsp;&nbsp;path_create
<LI><a href="#[3ab]">&gt;&gt;</a>&nbsp;&nbsp;&nbsp;frec_next
<LI><a href="#[3c8]">&gt;&gt;</a>&nbsp;&nbsp;&nbsp;frec_find
</UL>

<P><STRONG><a name="[3ca]"></a>sn_chksum</STRONG> (Thumb, 30 bytes, Stack size 0 bytes, fs_fat.o(i.sn_chksum))
<BR><BR>[Called By]<UL><LI><a href="#[3b6]">&gt;&gt;</a>&nbsp;&nbsp;&nbsp;path_create
<LI><a href="#[3ab]">&gt;&gt;</a>&nbsp;&nbsp;&nbsp;frec_next
<LI><a href="#[3c8]">&gt;&gt;</a>&nbsp;&nbsp;&nbsp;frec_find
</UL>

<P><STRONG><a name="[3af]"></a>unlink_clus</STRONG> (Thumb, 84 bytes, Stack size 24 bytes, fs_fat.o(i.unlink_clus))
<BR><BR>[Stack]<UL><LI>Max Depth = 72<LI>Call Chain = unlink_clus &rArr; alloc_table_write &rArr; cache_fat
</UL>
<BR>[Calls]<UL><LI><a href="#[38c]">&gt;&gt;</a>&nbsp;&nbsp;&nbsp;get_EOC
<LI><a href="#[38d]">&gt;&gt;</a>&nbsp;&nbsp;&nbsp;alloc_table_write
<LI><a href="#[38b]">&gt;&gt;</a>&nbsp;&nbsp;&nbsp;alloc_table_read
</UL>
<BR>[Called By]<UL><LI><a href="#[37d]">&gt;&gt;</a>&nbsp;&nbsp;&nbsp;fat_open
<LI><a href="#[386]">&gt;&gt;</a>&nbsp;&nbsp;&nbsp;fat_delete
</UL>

<P><STRONG><a name="[399]"></a>write_cache</STRONG> (Thumb, 174 bytes, Stack size 24 bytes, fs_fat.o(i.write_cache))
<BR><BR>[Stack]<UL><LI>Max Depth = 40<LI>Call Chain = write_cache &rArr; write_sector
</UL>
<BR>[Calls]<UL><LI><a href="#[159]">&gt;&gt;</a>&nbsp;&nbsp;&nbsp;__aeabi_memcpy
<LI><a href="#[3a4]">&gt;&gt;</a>&nbsp;&nbsp;&nbsp;write_sector
</UL>
<BR>[Called By]<UL><LI><a href="#[384]">&gt;&gt;</a>&nbsp;&nbsp;&nbsp;fat_write
<LI><a href="#[382]">&gt;&gt;</a>&nbsp;&nbsp;&nbsp;fat_seek
<LI><a href="#[376]">&gt;&gt;</a>&nbsp;&nbsp;&nbsp;fat_close
<LI><a href="#[386]">&gt;&gt;</a>&nbsp;&nbsp;&nbsp;fat_delete
<LI><a href="#[3ad]">&gt;&gt;</a>&nbsp;&nbsp;&nbsp;fsinfo_write
<LI><a href="#[397]">&gt;&gt;</a>&nbsp;&nbsp;&nbsp;clear_clus
</UL>

<P><STRONG><a name="[3a4]"></a>write_sector</STRONG> (Thumb, 48 bytes, Stack size 16 bytes, fs_fat.o(i.write_sector))
<BR><BR>[Stack]<UL><LI>Max Depth = 16<LI>Call Chain = write_sector
</UL>
<BR>[Calls]<UL><LI><a href="#[396]">&gt;&gt;</a>&nbsp;&nbsp;&nbsp;fsj_write
</UL>
<BR>[Called By]<UL><LI><a href="#[399]">&gt;&gt;</a>&nbsp;&nbsp;&nbsp;write_cache
<LI><a href="#[3a0]">&gt;&gt;</a>&nbsp;&nbsp;&nbsp;entry_flush
</UL>

<P><STRONG><a name="[29d]"></a>_freopen_locked</STRONG> (Thumb, 174 bytes, Stack size 32 bytes, fopen_locked.o(.text))
<BR><BR>[Stack]<UL><LI>Max Depth = 488<LI>Call Chain = _freopen_locked &rArr; _sys_open &rArr; __sys_open &rArr; fat_open &rArr; path_create &rArr; frec_find &rArr; entry_pos_inc &rArr; alloc_table_read &rArr; cache_fat
</UL>
<BR>[Calls]<UL><LI><a href="#[27c]">&gt;&gt;</a>&nbsp;&nbsp;&nbsp;_sys_open
<LI><a href="#[af]">&gt;&gt;</a>&nbsp;&nbsp;&nbsp;_mutex_release
<LI><a href="#[ae]">&gt;&gt;</a>&nbsp;&nbsp;&nbsp;_mutex_acquire
<LI><a href="#[1cb]">&gt;&gt;</a>&nbsp;&nbsp;&nbsp;_fclose_internal
<LI><a href="#[29c]">&gt;&gt;</a>&nbsp;&nbsp;&nbsp;_fseek
</UL>
<BR>[Called By]<UL><LI><a href="#[149]">&gt;&gt;</a>&nbsp;&nbsp;&nbsp;fopen
<LI><a href="#[29e]">&gt;&gt;</a>&nbsp;&nbsp;&nbsp;freopen
</UL>

<P><STRONG><a name="[2a6]"></a>Heap1_SizeAdjust</STRONG> (Thumb, 8 bytes, Stack size 0 bytes, h1_alloc_mt.o(.text))
<BR><BR>[Called By]<UL><LI><a href="#[2a5]">&gt;&gt;</a>&nbsp;&nbsp;&nbsp;_malloc_internal
</UL>
<P>
<H3>
Undefined Global Symbols
</H3><HR></body></html>
