Product: MDK Professional 5.28
Component: ARM Compiler 5.04 update 2 (build 82)
Tool: armlink [5040081]

==============================================================================

Section Cross References

    sictxt.o(.constdata) refers to sictxt_d-f-i.o(.constdata) for T_poweron
    sictxt.o(.constdata) refers to sictxt_d-f-i.o(.constdata) for T_winit
    sictxt.o(.constdata) refers to sictxt.o(.constdata) for T_watchdog
    sictxt.o(.constdata) refers to sictxt.o(.constdata) for T_update
    sictxt.o(.constdata) refers to sictxt_d-f-i.o(.constdata) for T_sommer
    sictxt.o(.constdata) refers to sictxt_d-f-i.o(.constdata) for T_winter
    sictxt.o(.constdata) refers to sictxt_d-f-i.o(.constdata) for T_messstart
    sictxt.o(.constdata) refers to sictxt_d-f-i.o(.constdata) for T_memfull
    sictxt.o(.constdata) refers to sictxt_d-f-i.o(.constdata) for T_defpar
    sictxt.o(.constdata) refers to sictxt_d-f-i.o(.constdata) for T_parainit
    sictxt.o(.constdata) refers to sictxt_d-f-i.o(.constdata) for T_batlow
    sictxt.o(.constdata) refers to sictxt.o(.constdata) for T_certsav
    sictxt.o(.constdata) refers to sictxt.o(.constdata) for T_mqttcon
    sictxt.o(.constdata) refers to sictxt.o(.constdata) for T_reb
    sictxt.o(.constdata) refers to sictxt.o(.conststring) for .conststring
    sictxt.o(.constdata) refers to sictxt_d-f-i.o(.constdata) for T_parainit
    sictxt.o(.constdata) refers to sictxt.o(.conststring) for .conststring
    sictxt.o(.constdata) refers to sictxt_d-f-i.o(.constdata) for T_tver
    sictxt.o(.constdata) refers to sictxt.o(.constdata) for T_version
    sictxt.o(.constdata) refers to sictxt.o(.constdata) for T_nil
    sictxt.o(.constdata) refers to sictxt.o(.conststring) for .conststring
    sictxt.o(.constdata) refers to sictxt_d-f-i.o(.constdata) for T_winit
    sictxt.o(.constdata) refers to sictxt.o(.constdata) for T_nil
    sictxt.o(.constdata) refers to sictxt.o(.conststring) for .conststring
    sictxt.o(.constdata) refers to sictxt.o(.constdata) for T_nil
    sictxt.o(.constdata) refers to sictxt.o(.conststring) for .conststring
    sictxt.o(.constdata) refers to sictxt_d-f-i.o(.constdata) for T_tver
    sictxt.o(.constdata) refers to sictxt.o(.constdata) for T_version
    sictxt.o(.constdata) refers to sictxt.o(.constdata) for T_nil
    sictxt.o(.constdata) refers to sictxt_d-f-i.o(.constdata) for T_ende
    sictxt.o(.constdata) refers to sictxt.o(.conststring) for .conststring
    sictxt.o(.constdata) refers to sictxt.o(.constdata) for T_nil
    sictxt.o(.constdata) refers to sictxt_d-f-i.o(.constdata) for T_tmen
    sictxt.o(.constdata) refers to sictxt.o(.conststring) for .conststring
    sictxt.o(.constdata) refers to sictxt.o(.constdata) for T_nil
    sictxt.o(.constdata) refers to sictxt.o(.conststring) for .conststring
    sictxt.o(.constdata) refers to sictxt.o(.constdata) for T_nil
    sictxt.o(.constdata) refers to sictxt.o(.conststring) for .conststring
    sictxt.o(.constdata) refers to sictxt.o(.constdata) for T_nil
    main.o(.text) refers to system_lpc17xx.o(.text) for SystemCoreClockUpdate
    main.o(.text) refers to rt_cmsis.o(i.osKernelInitialize) for osKernelInitialize
    main.o(.text) refers to rt_cmsis.o(i.osKernelStart) for osKernelStart
    main.o(.text) refers to hard.o(.text) for Init_Ports
    main.o(.text) refers to rtc.o(.text) for InitRTC
    main.o(.text) refers to sio.o(.text) for redirect_char_Out
    main.o(.text) refers to rt_cmsis.o(i.osDelay) for osDelay
    main.o(.text) refers to flash.o(.text) for InitSPIFlash
    main.o(.text) refers to i2cm.o(.text) for Init_I2C
    main.o(.text) refers to libtool.o(.text) for LED_188
    main.o(.text) refers to gsmio.o(.text) for Init_GSM_ch
    main.o(.text) refers to mqtt.o(.text) for MQTT_fast_disconnect
    main.o(.text) refers to btio.o(.text) for test_BT
    main.o(.text) refers to gpsio.o(.text) for test_gps
    main.o(.text) refers to hard.o(non_init) for i_reset
    main.o(.text) refers to hard.o(.ARM.__AT_0x2007E1D8) for concpy
    main.o(.text) refers to hard.o(non_init) for pset
    main.o(.text) refers to hard.o(non_init) for transferzeit
    main.o(.text) refers to hard.o(non_init) for gsmcall
    main.o(.text) refers to hard.o(non_init) for timeupdate
    main.o(.text) refers to hard.o(non_init) for mqtt_md_simu
    main.o(.text) refers to hard.o(.data) for mqtt_com
    main.o(.text) refers to hard.o(non_init) for mqtt_con_err
    main.o(.text) refers to hard.o(non_init) for thread_comchange
    main.o(.text) refers to hard.o(non_init) for simpinset
    main.o(.text) refers to hard.o(non_init) for certs
    main.o(.text) refers to sictxt.o(.constdata) for L_winit
    main.o(.text) refers to hard.o(non_init) for flashsize
    main.o(.text) refers to hard.o(non_init) for pagepk
    main.o(.text) refers to hard.o(non_init) for maxpage
    main.o(.text) refers to hard.o(non_init) for comstate
    main.o(.text) refers to hard.o(.data) for gsmbaud
[...]
    0x000194ec   0x000194ec   0x00000368   Code   RO         2483    i.USBH_Engine       USB_CM3_L.lib(usbh_core.o)
    0x00019854   0x00019854   0x00000344   Code   RO         2484    i.USBH_EnumerateDevice  USB_CM3_L.lib(usbh_core.o)
    0x00019b98   0x00019b98   0x00000034   Code   RO         2485    i.USBH_FindRecoveryDevice  USB_CM3_L.lib(usbh_core.o)
    0x00019bcc   0x00019bcc   0x00000030   Code   RO         2487    i.USBH_GetFree_PIPE_TID  USB_CM3_L.lib(usbh_core.o)
    0x00019bfc   0x00019bfc   0x00000038   Code   RO         2488    i.USBH_Get_TID_from_Pipe  USB_CM3_L.lib(usbh_core.o)
    0x00019c34   0x00019c34   0x0000019c   Code   RO         2659    i.USBH_HW_IRQ_Handler  USB_CM3_L.lib(usbh_ohci.o)
    0x00019dd0   0x00019dd0   0x0000013c   Code   RO         2660    i.USBH_HW_PipeCreate  USB_CM3_L.lib(usbh_ohci.o)
    0x00019f0c   0x00019f0c   0x0000013c   Code   RO         2661    i.USBH_HW_PipeDelete  USB_CM3_L.lib(usbh_ohci.o)
    0x0001a048   0x0001a048   0x000000a0   Code   RO         2662    i.USBH_HW_PipeTransfer  USB_CM3_L.lib(usbh_ohci.o)
    0x0001a0e8   0x0001a0e8   0x00000046   Code   RO         2663    i.USBH_HW_PipeTransferAbort  USB_CM3_L.lib(usbh_ohci.o)
    0x0001a12e   0x0001a12e   0x00000002   PAD
    0x0001a130   0x0001a130   0x0000006c   Code   RO         2664    i.USBH_HW_PortVbusOnOff  USB_CM3_L.lib(usbh_ohci.o)
    0x0001a19c   0x0001a19c   0x000001d4   Code   RO         2665    i.USBH_HW_PowerControl  USB_CM3_L.lib(usbh_ohci.o)
    0x0001a370   0x0001a370   0x0000019c   Code   RO         2489    i.USBH_Initialize   USB_CM3_L.lib(usbh_core.o)
    0x0001a50c   0x0001a50c   0x000000e8   Code   RO         2597    i.USBH_MSC_Configure  USB_CM3_L.lib(usbh_msc.o)
    0x0001a5f4   0x0001a5f4   0x0000002c   Code   RO         2598    i.USBH_MSC_GetDeviceStatus  USB_CM3_L.lib(usbh_msc.o)
    0x0001a620   0x0001a620   0x000000a8   Code   RO         2599    i.USBH_MSC_GetMaxLUN  USB_CM3_L.lib(usbh_msc.o)
    0x0001a6c8   0x0001a6c8   0x000001e0   Code   RO         2600    i.USBH_MSC_Initialize  USB_CM3_L.lib(usbh_msc.o)
    0x0001a8a8   0x0001a8a8   0x00000064   Code   RO         2601    i.USBH_MSC_Read     USB_CM3_L.lib(usbh_msc.o)
    0x0001a90c   0x0001a90c   0x00000030   Code   RO         2602    i.USBH_MSC_ReadCapacity  USB_CM3_L.lib(usbh_msc.o)
    0x0001a93c   0x0001a93c   0x000000c4   Code   RO         2603    i.USBH_MSC_Recover  USB_CM3_L.lib(usbh_msc.o)
    0x0001aa00   0x0001aa00   0x0000010c   Code   RO         2604    i.USBH_MSC_SCSI_Inquiry  USB_CM3_L.lib(usbh_msc.o)
    0x0001ab0c   0x0001ab0c   0x00000180   Code   RO         2605    i.USBH_MSC_SCSI_Read10  USB_CM3_L.lib(usbh_msc.o)
    0x0001ac8c   0x0001ac8c   0x00000114   Code   RO         2606    i.USBH_MSC_SCSI_ReadCapacity  USB_CM3_L.lib(usbh_msc.o)
    0x0001ada0   0x0001ada0   0x0000010c   Code   RO         2608    i.USBH_MSC_SCSI_RequestSense  USB_CM3_L.lib(usbh_msc.o)
    0x0001aeac   0x0001aeac   0x000000e4   Code   RO         2609    i.USBH_MSC_SCSI_TestUnitReady  USB_CM3_L.lib(usbh_msc.o)
    0x0001af90   0x0001af90   0x00000184   Code   RO         2610    i.USBH_MSC_SCSI_Write10  USB_CM3_L.lib(usbh_msc.o)
    0x0001b114   0x0001b114   0x00000054   Code   RO         2611    i.USBH_MSC_Unconfigure  USB_CM3_L.lib(usbh_msc.o)
    0x0001b168   0x0001b168   0x00000004   Code   RO         2612    i.USBH_MSC_Uninitialize  USB_CM3_L.lib(usbh_msc.o)
    0x0001b16c   0x0001b16c   0x00000064   Code   RO         2613    i.USBH_MSC_Write    USB_CM3_L.lib(usbh_msc.o)
    0x0001b1d0   0x0001b1d0   0x0000002a   Code   RO         2490    i.USBH_MemoryAllocate  USB_CM3_L.lib(usbh_core.o)
    0x0001b1fa   0x0001b1fa   0x00000002   PAD
    0x0001b1fc   0x0001b1fc   0x00000044   Code   RO         3656    i.USBH_MemoryAllocateLib  USB_CM3_L.lib(usbh_mem.o)
    0x0001b240   0x0001b240   0x00000026   Code   RO         2491    i.USBH_MemoryFree   USB_CM3_L.lib(usbh_core.o)
    0x0001b266   0x0001b266   0x00000002   PAD
    0x0001b268   0x0001b268   0x0000003c   Code   RO         3657    i.USBH_MemoryFreeLib  USB_CM3_L.lib(usbh_mem.o)
    0x0001b2a4   0x0001b2a4   0x0000001c   Code   RO         2492    i.USBH_MemoryInitialize  USB_CM3_L.lib(usbh_core.o)
    0x0001b2c0   0x0001b2c0   0x00000040   Code   RO         3658    i.USBH_MemoryInitializeLib  USB_CM3_L.lib(usbh_mem.o)
    0x0001b300   0x0001b300   0x00000020   Code   RO         2666    i.USBH_OHCI_ED_Clear  USB_CM3_L.lib(usbh_ohci.o)
    0x0001b320   0x0001b320   0x0000006c   Code   RO         2667    i.USBH_OHCI_ED_ClearIntEntries  USB_CM3_L.lib(usbh_ohci.o)
    0x0001b38c   0x0001b38c   0x00000010   Code   RO         2668    i.USBH_OHCI_ED_GetLast  USB_CM3_L.lib(usbh_ohci.o)
    0x0001b39c   0x0001b39c   0x000000d0   Code   RO         2669    i.USBH_OHCI_ED_StartStop  USB_CM3_L.lib(usbh_ohci.o)
    0x0001b46c   0x0001b46c   0x0000008c   Code   RO         2670    i.USBH_OHCI_GetIntEntries  USB_CM3_L.lib(usbh_ohci.o)
    0x0001b4f8   0x0001b4f8   0x00000012   Code   RO         2671    i.USBH_OHCI_TD_Clear  USB_CM3_L.lib(usbh_ohci.o)
    0x0001b50a   0x0001b50a   0x00000002   PAD
    0x0001b50c   0x0001b50c   0x00000054   Code   RO         2672    i.USBH_OHCI_TD_Dequeue  USB_CM3_L.lib(usbh_ohci.o)
    0x0001b560   0x0001b560   0x0000009c   Code   RO         2673    i.USBH_OHCI_TD_Enqueue  USB_CM3_L.lib(usbh_ohci.o)
    0x0001b5fc   0x0001b5fc   0x00000024   Code   RO         2674    i.USBH_OHCI_TI_ClearAll  USB_CM3_L.lib(usbh_ohci.o)
    0x0001b620   0x0001b620   0x00000028   Code   RO         2675    i.USBH_OHCI_TI_Find_ED  USB_CM3_L.lib(usbh_ohci.o)
    0x0001b648   0x0001b648   0x00000094   Code   RO         2495    i.USBH_PipeCreate   USB_CM3_L.lib(usbh_core.o)
    0x0001b6dc   0x0001b6dc   0x00000026   Code   RO         2496    i.USBH_PipeDelete   USB_CM3_L.lib(usbh_core.o)
    0x0001b702   0x0001b702   0x00000002   PAD
    0x0001b704   0x0001b704   0x00000114   Code   RO         2497    i.USBH_PipeDoPing   USB_CM3_L.lib(usbh_core.o)
    0x0001b818   0x0001b818   0x00000042   Code   RO         2498    i.USBH_PipeModify   USB_CM3_L.lib(usbh_core.o)
    0x0001b85a   0x0001b85a   0x00000002   PAD
    0x0001b85c   0x0001b85c   0x000001e8   Code   RO         2499    i.USBH_PipeReceive  USB_CM3_L.lib(usbh_core.o)
    0x0001ba44   0x0001ba44   0x0000001c   Code   RO         2501    i.USBH_PipeReset    USB_CM3_L.lib(usbh_core.o)
    0x0001ba60   0x0001ba60   0x00000218   Code   RO         2502    i.USBH_PipeSend     USB_CM3_L.lib(usbh_core.o)
    0x0001bc78   0x0001bc78   0x000000e4   Code   RO         2504    i.USBH_PipeSendSetup  USB_CM3_L.lib(usbh_core.o)
    0x0001bd5c   0x0001bd5c   0x000000a4   Code   RO         2505    i.USBH_PrepareEnumerateDevice  USB_CM3_L.lib(usbh_core.o)
    0x0001be00   0x0001be00   0x00000030   Code   RO         2506    i.USBH_RecoverDevice  USB_CM3_L.lib(usbh_core.o)
    0x0001be30   0x0001be30   0x000001d8   Code   RO         2507    i.USBH_RecoveryEnumerateDevice  USB_CM3_L.lib(usbh_core.o)
    0x0001c008   0x0001c008   0x0000001c   Code   RO         2508    i.USBH_SignalPipeEvent  USB_CM3_L.lib(usbh_core.o)
    0x0001c024   0x0001c024   0x00000040   Code   RO         2509    i.USBH_SignalPortEvent  USB_CM3_L.lib(usbh_core.o)
    0x0001c064   0x0001c064   0x0000012c   Code   RO         2511    i.USBH_UninitializeDevices  USB_CM3_L.lib(usbh_core.o)
    0x0001c190   0x0001c190   0x00000050   Code   RO         2422    i.__sys_close       FS_LFN_CM3_L.lib(fs_sys.o)
    0x0001c1e0   0x0001c1e0   0x0000003c   Code   RO         2423    i.__sys_ensure      FS_LFN_CM3_L.lib(fs_sys.o)
    0x0001c21c   0x0001c21c   0x00000040   Code   RO         2424    i.__sys_flen        FS_LFN_CM3_L.lib(fs_sys.o)
    0x0001c25c   0x0001c25c   0x0000008c   Code   RO         2425    i.__sys_open        FS_LFN_CM3_L.lib(fs_sys.o)
    0x0001c2e8   0x0001c2e8   0x00000060   Code   RO         2426    i.__sys_read        FS_LFN_CM3_L.lib(fs_sys.o)
    0x0001c348   0x0001c348   0x00000048   Code   RO         2427    i.__sys_seek        FS_LFN_CM3_L.lib(fs_sys.o)
    0x0001c390   0x0001c390   0x00000058   Code   RO         2428    i.__sys_write       FS_LFN_CM3_L.lib(fs_sys.o)
    0x0001c3e8   0x0001c3e8   0x00000080   Code   RO         2369    i._fdelete          FS_LFN_CM3_L.lib(fs_mapi.o)
    0x0001c468   0x0001c468   0x00000046   Code   RO         3247    i._init_box         RTX_CM3.lib(rt_membox.o)
    0x0001c4ae   0x0001c4ae   0x0000005e   Code   RO         3458    i.alloc_clus        FS_LFN_CM3_L.lib(fs_fat.o)
    0x0001c50c   0x0001c50c   0x00000098   Code   RO         3459    i.alloc_table_read  FS_LFN_CM3_L.lib(fs_fat.o)
    0x0001c5a4   0x0001c5a4   0x000000d8   Code   RO         3460    i.alloc_table_write  FS_LFN_CM3_L.lib(fs_fat.o)
    0x0001c67c   0x0001c67c   0x000000b0   Code   RO         3461    i.bs_read           FS_LFN_CM3_L.lib(fs_fat.o)
    0x0001c72c   0x0001c72c   0x00000092   Code   RO         3463    i.cache_fat         FS_LFN_CM3_L.lib(fs_fat.o)
    0x0001c7be   0x0001c7be   0x00000060   Code   RO         3464    i.char_validate     FS_LFN_CM3_L.lib(fs_fat.o)
    0x0001c81e   0x0001c81e   0x00000042   Code   RO         3465    i.clear_clus        FS_LFN_CM3_L.lib(fs_fat.o)
    0x0001c860   0x0001c860   0x00000024   Code   RO         3466    i.clus_to_sect      FS_LFN_CM3_L.lib(fs_fat.o)
    0x0001c884   0x0001c884   0x00000030   Code   RO         3467    i.count_free_clus   FS_LFN_CM3_L.lib(fs_fat.o)
    0x0001c8b4   0x0001c8b4   0x000000d4   Code   RO         3468    i.create_dot_entries  FS_LFN_CM3_L.lib(fs_fat.o)
    0x0001c988   0x0001c988   0x000000e4   Code   RO         3469    i.create_lfn_entry  FS_LFN_CM3_L.lib(fs_fat.o)
    0x0001ca6c   0x0001ca6c   0x0000008a   Code   RO         3470    i.create_sfn_entry  FS_LFN_CM3_L.lib(fs_fat.o)
    0x0001caf6   0x0001caf6   0x00000002   PAD
    0x0001caf8   0x0001caf8   0x00000030   Code   RO         3300    i.dbg_init          RTX_CM3.lib(hal_cm.o)
    0x0001cb28   0x0001cb28   0x00000020   Code   RO         3301    i.dbg_task_notify   RTX_CM3.lib(hal_cm.o)
    0x0001cb48   0x0001cb48   0x00000010   Code   RO         3302    i.dbg_task_switch   RTX_CM3.lib(hal_cm.o)
    0x0001cb58   0x0001cb58   0x00000030   Code   RO         3471    i.entry_flush       FS_LFN_CM3_L.lib(fs_fat.o)
    0x0001cb88   0x0001cb88   0x0000001c   Code   RO         3472    i.entry_pos_comp    FS_LFN_CM3_L.lib(fs_fat.o)
    0x0001cba4   0x0001cba4   0x0000005e   Code   RO         3473    i.entry_pos_inc     FS_LFN_CM3_L.lib(fs_fat.o)
    0x0001cc02   0x0001cc02   0x0000003c   Code   RO         3474    i.entry_read        FS_LFN_CM3_L.lib(fs_fat.o)
    0x0001cc3e   0x0001cc3e   0x0000002e   Code   RO         3475    i.entry_type        FS_LFN_CM3_L.lib(fs_fat.o)
    0x0001cc6c   0x0001cc6c   0x000000ba   Code   RO         3477    i.fat_chdir         FS_LFN_CM3_L.lib(fs_fat.o)
    0x0001cd26   0x0001cd26   0x00000002   PAD
    0x0001cd28   0x0001cd28   0x000000f4   Code   RO         3478    i.fat_close         FS_LFN_CM3_L.lib(fs_fat.o)
    0x0001ce1c   0x0001ce1c   0x00000030   Code   RO         3479    i.fat_crc32         FS_LFN_CM3_L.lib(fs_fat.o)
    0x0001ce4c   0x0001ce4c   0x000001b0   Code   RO         3480    i.fat_delete        FS_LFN_CM3_L.lib(fs_fat.o)
    0x0001cffc   0x0001cffc   0x00000020   Code   RO         3483    i.fat_flen          FS_LFN_CM3_L.lib(fs_fat.o)
    0x0001d01c   0x0001d01c   0x00000030   Code   RO         3485    i.fat_free          FS_LFN_CM3_L.lib(fs_fat.o)
    0x0001d04c   0x0001d04c   0x00000038   Code   RO         3486    i.fat_handle_get    FS_LFN_CM3_L.lib(fs_fat.o)
    0x0001d084   0x0001d084   0x00000056   Code   RO         3487    i.fat_init          FS_LFN_CM3_L.lib(fs_fat.o)
    0x0001d0da   0x0001d0da   0x0000006e   Code   RO         3490    i.fat_mkdir         FS_LFN_CM3_L.lib(fs_fat.o)
    0x0001d148   0x0001d148   0x0000019e   Code   RO         3491    i.fat_mount         FS_LFN_CM3_L.lib(fs_fat.o)
    0x0001d2e6   0x0001d2e6   0x00000002   PAD
    0x0001d2e8   0x0001d2e8   0x000001a0   Code   RO         3492    i.fat_open          FS_LFN_CM3_L.lib(fs_fat.o)
    0x0001d488   0x0001d488   0x0000010c   Code   RO         3494    i.fat_read          FS_LFN_CM3_L.lib(fs_fat.o)
    0x0001d594   0x0001d594   0x000001f4   Code   RO         3499    i.fat_seek          FS_LFN_CM3_L.lib(fs_fat.o)
    0x0001d788   0x0001d788   0x00000018   Code   RO         3500    i.fat_uninit        FS_LFN_CM3_L.lib(fs_fat.o)
    0x0001d7a0   0x0001d7a0   0x00000050   Code   RO         3501    i.fat_unmount       FS_LFN_CM3_L.lib(fs_fat.o)
    0x0001d7f0   0x0001d7f0   0x0000006e   Code   RO         3502    i.fat_vol_chk       FS_LFN_CM3_L.lib(fs_fat.o)
    0x0001d85e   0x0001d85e   0x00000002   PAD
    0x0001d860   0x0001d860   0x00000164   Code   RO         3503    i.fat_write         FS_LFN_CM3_L.lib(fs_fat.o)
    0x0001d9c4   0x0001d9c4   0x00000050   Code   RO         2373    i.fchdir            FS_LFN_CM3_L.lib(fs_mapi.o)
    0x0001da14   0x0001da14   0x00000054   Code   RO         2379    i.ffree             FS_LFN_CM3_L.lib(fs_mapi.o)
    0x0001da68   0x0001da68   0x00000048   Code   RO         3504    i.file_locked       FS_LFN_CM3_L.lib(fs_fat.o)
    0x0001dab0   0x0001dab0   0x00000050   Code   RO         3505    i.find_param        FS_LFN_CM3_L.lib(fs_fat.o)
    0x0001db00   0x0001db00   0x00000088   Code   RO         2380    i.finfo             FS_LFN_CM3_L.lib(fs_mapi.o)
    0x0001db88   0x0001db88   0x00000058   Code   RO         2381    i.finit             FS_LFN_CM3_L.lib(fs_mapi.o)
    0x0001dbe0   0x0001dbe0   0x00000050   Code   RO         2383    i.fmkdir            FS_LFN_CM3_L.lib(fs_mapi.o)
    0x0001dc30   0x0001dc30   0x00000050   Code   RO         2384    i.fmount            FS_LFN_CM3_L.lib(fs_mapi.o)
    0x0001dc80   0x0001dc80   0x0000002c   Code   RO         3506    i.format_date       FS_LFN_CM3_L.lib(fs_fat.o)
    0x0001dcac   0x0001dcac   0x0000002e   Code   RO         3507    i.format_time       FS_LFN_CM3_L.lib(fs_fat.o)
    0x0001dcda   0x0001dcda   0x0000001a   Code   RO         3817    i.fputc             c_w.l(fputc.o)
    0x0001dcf4   0x0001dcf4   0x000000ae   Code   RO         3508    i.frec_allocate     FS_LFN_CM3_L.lib(fs_fat.o)
    0x0001dda2   0x0001dda2   0x00000058   Code   RO         3509    i.frec_delete       FS_LFN_CM3_L.lib(fs_fat.o)
    0x0001ddfa   0x0001ddfa   0x00000028   Code   RO         3510    i.frec_delete_elink  FS_LFN_CM3_L.lib(fs_fat.o)
    0x0001de22   0x0001de22   0x00000002   PAD
    0x0001de24   0x0001de24   0x00000200   Code   RO         3511    i.frec_find         FS_LFN_CM3_L.lib(fs_fat.o)
    0x0001e024   0x0001e024   0x0000005a   Code   RO         3512    i.frec_find_elink   FS_LFN_CM3_L.lib(fs_fat.o)
    0x0001e07e   0x0001e07e   0x00000002   PAD
    0x0001e080   0x0001e080   0x0000016c   Code   RO         3513    i.frec_next         FS_LFN_CM3_L.lib(fs_fat.o)
    0x0001e1ec   0x0001e1ec   0x00000080   Code   RO         2388    i.fs_component_init  FS_LFN_CM3_L.lib(fs_mapi.o)
    0x0001e26c   0x0001e26c   0x00000094   Code   RO         3359    i.fs_drive_id       FS_LFN_CM3_L.lib(fs_common.o)
    0x0001e300   0x0001e300   0x00000020   Code   RO         3362    i.fs_set_cdrive     FS_LFN_CM3_L.lib(fs_common.o)
    0x0001e320   0x0001e320   0x00000080   Code   RO         3514    i.fsinfo_read       FS_LFN_CM3_L.lib(fs_fat.o)
    0x0001e3a0   0x0001e3a0   0x00000064   Code   RO         3515    i.fsinfo_write      FS_LFN_CM3_L.lib(fs_fat.o)
    0x0001e404   0x0001e404   0x0000005c   Code   RO         2389    i.funinit           FS_LFN_CM3_L.lib(fs_mapi.o)
    0x0001e460   0x0001e460   0x00000050   Code   RO         2390    i.funmount          FS_LFN_CM3_L.lib(fs_mapi.o)
    0x0001e4b0   0x0001e4b0   0x00000022   Code   RO         3516    i.get_EOC           FS_LFN_CM3_L.lib(fs_fat.o)
    0x0001e4d2   0x0001e4d2   0x00000032   Code   RO         3518    i.get_fat_sect      FS_LFN_CM3_L.lib(fs_fat.o)
    0x0001e504   0x0001e504   0x0000000e   Code   RO         3519    i.get_root_clus     FS_LFN_CM3_L.lib(fs_fat.o)
    0x0001e512   0x0001e512   0x0000000a   Code   RO         3520    i.get_u16           FS_LFN_CM3_L.lib(fs_fat.o)
    0x0001e51c   0x0001e51c   0x00000016   Code   RO         3521    i.get_u32           FS_LFN_CM3_L.lib(fs_fat.o)
    0x0001e532   0x0001e532   0x0000002c   Code   RO         1656    i.isrMessagePut     RTX_CM3.lib(rt_cmsis.o)
    0x0001e55e   0x0001e55e   0x00000002   PAD
    0x0001e560   0x0001e560   0x00000028   Code   RO         2984    i.isr_evt_set       RTX_CM3.lib(rt_event.o)
    0x0001e588   0x0001e588   0x00000050   Code   RO         3102    i.isr_mbx_receive   RTX_CM3.lib(rt_mailbox.o)
    0x0001e5d8   0x0001e5d8   0x0000000e   Code   RO         3103    i.isr_mbx_send      RTX_CM3.lib(rt_mailbox.o)
    0x0001e5e6   0x0001e5e6   0x00000010   Code   RO         3150    i.isr_sem_send      RTX_CM3.lib(rt_semaphore.o)
    0x0001e5f6   0x0001e5f6   0x00000004   Code   RO         3531    i.link_clus         FS_LFN_CM3_L.lib(fs_fat.o)
    0x0001e5fa   0x0001e5fa   0x00000002   PAD
    0x0001e5fc   0x0001e5fc   0x00000028   Code   RO         3532    i.long_ent_hash     FS_LFN_CM3_L.lib(fs_fat.o)
    0x0001e624   0x0001e624   0x000000ac   Code   RO         3534    i.name_analyse      FS_LFN_CM3_L.lib(fs_fat.o)
    0x0001e6d0   0x0001e6d0   0x000000b4   Code   RO         3535    i.name_basis_gen    FS_LFN_CM3_L.lib(fs_fat.o)
    0x0001e784   0x0001e784   0x00000008   Code   RO         3536    i.name_hash         FS_LFN_CM3_L.lib(fs_fat.o)
    0x0001e78c   0x0001e78c   0x00000128   Code   RO         3537    i.name_nt_gen       FS_LFN_CM3_L.lib(fs_fat.o)
    0x0001e8b4   0x0001e8b4   0x00000052   Code   RO         3538    i.name_strip        FS_LFN_CM3_L.lib(fs_fat.o)
    0x0001e906   0x0001e906   0x00000002   PAD
    0x0001e908   0x0001e908   0x00000018   Code   RO         1657    i.osDelay           RTX_CM3.lib(rt_cmsis.o)
    0x0001e920   0x0001e920   0x00000024   Code   RO         1658    i.osKernelInitialize  RTX_CM3.lib(rt_cmsis.o)
    0x0001e944   0x0001e944   0x0000006c   Code   RO         1660    i.osKernelStart     RTX_CM3.lib(rt_cmsis.o)
    0x0001e9b0   0x0001e9b0   0x00000018   Code   RO         1661    i.osKernelSysTick   RTX_CM3.lib(rt_cmsis.o)
    0x0001e9c8   0x0001e9c8   0x00000044   Code   RO         1669    i.osMessageGet      RTX_CM3.lib(rt_cmsis.o)
    0x0001ea0c   0x0001ea0c   0x00000030   Code   RO         1679    i.osSemaphoreCreate  RTX_CM3.lib(rt_cmsis.o)
    0x0001ea3c   0x0001ea3c   0x00000018   Code   RO         1680    i.osSemaphoreDelete  RTX_CM3.lib(rt_cmsis.o)
    0x0001ea54   0x0001ea54   0x0000003c   Code   RO         1681    i.osSemaphoreRelease  RTX_CM3.lib(rt_cmsis.o)
    0x0001ea90   0x0001ea90   0x00000018   Code   RO         1682    i.osSemaphoreWait   RTX_CM3.lib(rt_cmsis.o)
    0x0001eaa8   0x0001eaa8   0x00000018   Code   RO         1683    i.osSignalClear     RTX_CM3.lib(rt_cmsis.o)
    0x0001eac0   0x0001eac0   0x00000034   Code   RO         1684    i.osSignalSet       RTX_CM3.lib(rt_cmsis.o)
    0x0001eaf4   0x0001eaf4   0x00000018   Code   RO         1685    i.osSignalWait      RTX_CM3.lib(rt_cmsis.o)
    0x0001eb0c   0x0001eb0c   0x00000030   Code   RO         1686    i.osThreadCreate    RTX_CM3.lib(rt_cmsis.o)
    0x0001eb3c   0x0001eb3c   0x00000018   Code   RO         1687    i.osThreadExit      RTX_CM3.lib(rt_cmsis.o)
    0x0001eb54   0x0001eb54   0x00000018   Code   RO         1688    i.osThreadGetId     RTX_CM3.lib(rt_cmsis.o)
    0x0001eb6c   0x0001eb6c   0x00000018   Code   RO         1691    i.osThreadTerminate  RTX_CM3.lib(rt_cmsis.o)
    0x0001eb84   0x0001eb84   0x00000018   Code   RO         1692    i.osThreadYield     RTX_CM3.lib(rt_cmsis.o)
    0x0001eb9c   0x0001eb9c   0x0000000c   Code   RO         1693    i.osTimerCall       RTX_CM3.lib(rt_cmsis.o)
    0x0001eba8   0x0001eba8   0x00000034   Code   RO         1694    i.osTimerCreate     RTX_CM3.lib(rt_cmsis.o)
    0x0001ebdc   0x0001ebdc   0x00000018   Code   RO         1695    i.osTimerDelete     RTX_CM3.lib(rt_cmsis.o)
    0x0001ebf4   0x0001ebf4   0x00000018   Code   RO         1696    i.osTimerStart      RTX_CM3.lib(rt_cmsis.o)
    0x0001ec0c   0x0001ec0c   0x0000002c   Code   RO         1698    i.osTimerThread     RTX_CM3.lib(rt_cmsis.o)
    0x0001ec38   0x0001ec38   0x00000028   Code   RO         2894    i.os_tick_init      RTX_CM3.lib(rt_system.o)
    0x0001ec60   0x0001ec60   0x00000002   Code   RO         2895    i.os_tick_irqack    RTX_CM3.lib(rt_system.o)
    0x0001ec62   0x0001ec62   0x00000002   PAD
    0x0001ec64   0x0001ec64   0x00000010   Code   RO         2896    i.os_tick_ovf       RTX_CM3.lib(rt_system.o)
    0x0001ec74   0x0001ec74   0x00000014   Code   RO         2897    i.os_tick_val       RTX_CM3.lib(rt_system.o)
    0x0001ec88   0x0001ec88   0x00000220   Code   RO         3539    i.path_create       FS_LFN_CM3_L.lib(fs_fat.o)
    0x0001eea8   0x0001eea8   0x00000034   Code   RO         3540    i.path_init         FS_LFN_CM3_L.lib(fs_fat.o)
    0x0001eedc   0x0001eedc   0x000000a6   Code   RO         3541    i.path_open         FS_LFN_CM3_L.lib(fs_fat.o)
    0x0001ef82   0x0001ef82   0x00000002   PAD
    0x0001ef84   0x0001ef84   0x0000003c   Code   RO         3542    i.path_validate     FS_LFN_CM3_L.lib(fs_fat.o)
    0x0001efc0   0x0001efc0   0x0000007a   Code   RO         3543    i.read_cache        FS_LFN_CM3_L.lib(fs_fat.o)
    0x0001f03a   0x0001f03a   0x00000052   Code   RO         3544    i.read_sector       FS_LFN_CM3_L.lib(fs_fat.o)
    0x0001f08c   0x0001f08c   0x0000001a   Code   RO         3248    i.rt_alloc_box      RTX_CM3.lib(rt_membox.o)
    0x0001f0a6   0x0001f0a6   0x0000003c   Code   RO         3276    i.rt_alloc_mem      RTX_CM3.lib(rt_memory.o)
    0x0001f0e2   0x0001f0e2   0x00000002   PAD
    0x0001f0e4   0x0001f0e4   0x00000038   Code   RO         2255    i.rt_block          RTX_CM3.lib(rt_task.o)
    0x0001f11c   0x0001f11c   0x00000048   Code   RO         3225    i.rt_chk_robin      RTX_CM3.lib(rt_robin.o)
    0x0001f164   0x0001f164   0x00000070   Code   RO         3026    i.rt_dec_dly        RTX_CM3.lib(rt_list.o)
    0x0001f1d4   0x0001f1d4   0x00000044   Code   RO         2256    i.rt_dispatch       RTX_CM3.lib(rt_task.o)
    0x0001f218   0x0001f218   0x00000006   Code   RO         3192    i.rt_dly_wait       RTX_CM3.lib(rt_time.o)
    0x0001f21e   0x0001f21e   0x00000002   PAD
    0x0001f220   0x0001f220   0x0000001c   Code   RO         2985    i.rt_evt_clr        RTX_CM3.lib(rt_event.o)
    0x0001f23c   0x0001f23c   0x00000050   Code   RO         2987    i.rt_evt_psh        RTX_CM3.lib(rt_event.o)
    0x0001f28c   0x0001f28c   0x0000005c   Code   RO         2988    i.rt_evt_set        RTX_CM3.lib(rt_event.o)
    0x0001f2e8   0x0001f2e8   0x0000003c   Code   RO         2989    i.rt_evt_wait       RTX_CM3.lib(rt_event.o)
    0x0001f324   0x0001f324   0x00000020   Code   RO         3249    i.rt_free_box       RTX_CM3.lib(rt_membox.o)
    0x0001f344   0x0001f344   0x00000028   Code   RO         3277    i.rt_free_mem       RTX_CM3.lib(rt_memory.o)
    0x0001f36c   0x0001f36c   0x00000028   Code   RO         3027    i.rt_get_first      RTX_CM3.lib(rt_list.o)
    0x0001f394   0x0001f394   0x00000024   Code   RO         3028    i.rt_get_same_rdy_prio  RTX_CM3.lib(rt_list.o)
    0x0001f3b8   0x0001f3b8   0x00000008   Code   RO         1703    i.rt_id2obj         RTX_CM3.lib(rt_cmsis.o)
    0x0001f3c0   0x0001f3c0   0x00000048   Code   RO         2257    i.rt_init_context   RTX_CM3.lib(rt_task.o)
    0x0001f408   0x0001f408   0x0000001a   Code   RO         3278    i.rt_init_mem       RTX_CM3.lib(rt_memory.o)
    0x0001f422   0x0001f422   0x00000002   PAD
    0x0001f424   0x0001f424   0x00000018   Code   RO         3226    i.rt_init_robin     RTX_CM3.lib(rt_robin.o)
    0x0001f43c   0x0001f43c   0x00000050   Code   RO         3303    i.rt_init_stack     RTX_CM3.lib(hal_cm.o)
    0x0001f48c   0x0001f48c   0x00000008   Code   RO         3104    i.rt_mbx_check      RTX_CM3.lib(rt_mailbox.o)
    0x0001f494   0x0001f494   0x0000001c   Code   RO         3105    i.rt_mbx_init       RTX_CM3.lib(rt_mailbox.o)
    0x0001f4b0   0x0001f4b0   0x000000f0   Code   RO         3106    i.rt_mbx_psh        RTX_CM3.lib(rt_mailbox.o)
    0x0001f5a0   0x0001f5a0   0x000000b0   Code   RO         3108    i.rt_mbx_wait       RTX_CM3.lib(rt_mailbox.o)
    0x0001f650   0x0001f650   0x0000003c   Code   RO         1704    i.rt_ms2tick        RTX_CM3.lib(rt_cmsis.o)
    0x0001f68c   0x0001f68c   0x00000010   Code   RO         2340    i.rt_mut_init       RTX_CM3.lib(rt_mutex.o)
    0x0001f69c   0x0001f69c   0x000000d8   Code   RO         2341    i.rt_mut_release    RTX_CM3.lib(rt_mutex.o)
    0x0001f774   0x0001f774   0x00000068   Code   RO         2342    i.rt_mut_wait       RTX_CM3.lib(rt_mutex.o)
    0x0001f7dc   0x0001f7dc   0x0000007c   Code   RO         2898    i.rt_pop_req        RTX_CM3.lib(rt_system.o)
    0x0001f858   0x0001f858   0x00000020   Code   RO         2899    i.rt_psh_req        RTX_CM3.lib(rt_system.o)
    0x0001f878   0x0001f878   0x00000058   Code   RO         3029    i.rt_psq_enq        RTX_CM3.lib(rt_list.o)
    0x0001f8d0   0x0001f8d0   0x00000048   Code   RO         3030    i.rt_put_dly        RTX_CM3.lib(rt_list.o)
    0x0001f918   0x0001f918   0x00000036   Code   RO         3031    i.rt_put_prio       RTX_CM3.lib(rt_list.o)
    0x0001f94e   0x0001f94e   0x00000002   PAD
    0x0001f950   0x0001f950   0x00000014   Code   RO         3032    i.rt_put_rdy_first  RTX_CM3.lib(rt_list.o)
    0x0001f964   0x0001f964   0x00000034   Code   RO         3033    i.rt_resort_prio    RTX_CM3.lib(rt_list.o)
    0x0001f998   0x0001f998   0x00000006   Code   RO         3304    i.rt_ret_val        RTX_CM3.lib(hal_cm.o)
    0x0001f99e   0x0001f99e   0x00000008   Code   RO         3305    i.rt_ret_val2       RTX_CM3.lib(hal_cm.o)
    0x0001f9a6   0x0001f9a6   0x00000028   Code   RO         3034    i.rt_rmv_dly        RTX_CM3.lib(rt_list.o)
    0x0001f9ce   0x0001f9ce   0x00000002   PAD
    0x0001f9d0   0x0001f9d0   0x00000030   Code   RO         3035    i.rt_rmv_list       RTX_CM3.lib(rt_list.o)
    0x0001fa00   0x0001fa00   0x0000005c   Code   RO         3151    i.rt_sem_delete     RTX_CM3.lib(rt_semaphore.o)
    0x0001fa5c   0x0001fa5c   0x0000000c   Code   RO         3152    i.rt_sem_init       RTX_CM3.lib(rt_semaphore.o)
    0x0001fa68   0x0001fa68   0x00000034   Code   RO         3153    i.rt_sem_psh        RTX_CM3.lib(rt_semaphore.o)
    0x0001fa9c   0x0001fa9c   0x0000002a   Code   RO         3154    i.rt_sem_send       RTX_CM3.lib(rt_semaphore.o)
    0x0001fac6   0x0001fac6   0x00000002   PAD
    0x0001fac8   0x0001fac8   0x00000040   Code   RO         3155    i.rt_sem_wait       RTX_CM3.lib(rt_semaphore.o)
    0x0001fb08   0x0001fb08   0x00000024   Code   RO         2901    i.rt_stk_check      RTX_CM3.lib(rt_system.o)
    0x0001fb2c   0x0001fb2c   0x00000028   Code   RO         2258    i.rt_switch_req     RTX_CM3.lib(rt_task.o)
    0x0001fb54   0x0001fb54   0x000000cc   Code   RO         2259    i.rt_sys_init       RTX_CM3.lib(rt_task.o)
    0x0001fc20   0x0001fc20   0x00000078   Code   RO         2260    i.rt_sys_start      RTX_CM3.lib(rt_task.o)
    0x0001fc98   0x0001fc98   0x00000040   Code   RO         2903    i.rt_systick        RTX_CM3.lib(rt_system.o)
    0x0001fcd8   0x0001fcd8   0x00000012   Code   RO         1705    i.rt_tid2ptcb       RTX_CM3.lib(rt_cmsis.o)
    0x0001fcea   0x0001fcea   0x00000002   PAD
    0x0001fcec   0x0001fcec   0x00000038   Code   RO         1706    i.rt_timer_insert   RTX_CM3.lib(rt_cmsis.o)
    0x0001fd24   0x0001fd24   0x0000003c   Code   RO         1707    i.rt_timer_remove   RTX_CM3.lib(rt_cmsis.o)
    0x0001fd60   0x0001fd60   0x00000084   Code   RO         2261    i.rt_tsk_create     RTX_CM3.lib(rt_task.o)
    0x0001fde4   0x0001fde4   0x00000174   Code   RO         2262    i.rt_tsk_delete     RTX_CM3.lib(rt_task.o)
    0x0001ff58   0x0001ff58   0x00000030   Code   RO         2263    i.rt_tsk_pass       RTX_CM3.lib(rt_task.o)
    0x0001ff88   0x0001ff88   0x0000007c   Code   RO         2264    i.rt_tsk_prio       RTX_CM3.lib(rt_task.o)
    0x00020004   0x00020004   0x00000010   Code   RO         2265    i.rt_tsk_self       RTX_CM3.lib(rt_task.o)
    0x00020014   0x00020014   0x00000008   Code   RO         3545    i.set_u16           FS_LFN_CM3_L.lib(fs_fat.o)
    0x0002001c   0x0002001c   0x00000010   Code   RO         3546    i.set_u32           FS_LFN_CM3_L.lib(fs_fat.o)
    0x0002002c   0x0002002c   0x00000048   Code   RO         3547    i.sfn_extract       FS_LFN_CM3_L.lib(fs_fat.o)
    0x00020074   0x00020074   0x0000001a   Code   RO         3548    i.short_ent_hash    FS_LFN_CM3_L.lib(fs_fat.o)
    0x0002008e   0x0002008e   0x0000001e   Code   RO         3549    i.sn_chksum         FS_LFN_CM3_L.lib(fs_fat.o)
    0x000200ac   0x000200ac   0x00000024   Code   RO         2416    i.stdio_getc        FS_LFN_CM3_L.lib(fs_stdio.o)
    0x000200d0   0x000200d0   0x00000028   Code   RO         2417    i.stdio_putc        FS_LFN_CM3_L.lib(fs_stdio.o)
    0x000200f8   0x000200f8   0x00000014   Code   RO         1708    i.svcDelay          RTX_CM3.lib(rt_cmsis.o)
    0x0002010c   0x0002010c   0x00000070   Code   RO         1709    i.svcKernelInitialize  RTX_CM3.lib(rt_cmsis.o)
    0x0002017c   0x0002017c   0x00000048   Code   RO         1711    i.svcKernelStart    RTX_CM3.lib(rt_cmsis.o)
    0x000201c4   0x000201c4   0x00000038   Code   RO         1712    i.svcKernelSysTick  RTX_CM3.lib(rt_cmsis.o)
    0x000201fc   0x000201fc   0x00000024   Code   RO         1714    i.svcMessageCreate  RTX_CM3.lib(rt_cmsis.o)
    0x00020220   0x00020220   0x0000003a   Code   RO         1715    i.svcMessageGet     RTX_CM3.lib(rt_cmsis.o)
    0x0002025a   0x0002025a   0x00000024   Code   RO         1722    i.svcSemaphoreCreate  RTX_CM3.lib(rt_cmsis.o)
    0x0002027e   0x0002027e   0x0000001a   Code   RO         1723    i.svcSemaphoreDelete  RTX_CM3.lib(rt_cmsis.o)
    0x00020298   0x00020298   0x00000028   Code   RO         1724    i.svcSemaphoreRelease  RTX_CM3.lib(rt_cmsis.o)
    0x000202c0   0x000202c0   0x00000032   Code   RO         1725    i.svcSemaphoreWait  RTX_CM3.lib(rt_cmsis.o)
    0x000202f2   0x000202f2   0x00000024   Code   RO         1726    i.svcSignalClear    RTX_CM3.lib(rt_cmsis.o)
    0x00020316   0x00020316   0x00000024   Code   RO         1727    i.svcSignalSet      RTX_CM3.lib(rt_cmsis.o)
    0x0002033a   0x0002033a   0x00000002   PAD
    0x0002033c   0x0002033c   0x00000054   Code   RO         1728    i.svcSignalWait     RTX_CM3.lib(rt_cmsis.o)
    0x00020390   0x00020390   0x00000070   Code   RO         1729    i.svcThreadCreate   RTX_CM3.lib(rt_cmsis.o)
    0x00020400   0x00020400   0x0000001c   Code   RO         1730    i.svcThreadGetId    RTX_CM3.lib(rt_cmsis.o)
    0x0002041c   0x0002041c   0x00000038   Code   RO         1733    i.svcThreadTerminate  RTX_CM3.lib(rt_cmsis.o)
    0x00020454   0x00020454   0x0000000a   Code   RO         1734    i.svcThreadYield    RTX_CM3.lib(rt_cmsis.o)
    0x0002045e   0x0002045e   0x00000018   Code   RO         1735    i.svcTimerCall      RTX_CM3.lib(rt_cmsis.o)
    0x00020476   0x00020476   0x00000002   PAD
    0x00020478   0x00020478   0x00000038   Code   RO         1736    i.svcTimerCreate    RTX_CM3.lib(rt_cmsis.o)
    0x000204b0   0x000204b0   0x00000028   Code   RO         1737    i.svcTimerDelete    RTX_CM3.lib(rt_cmsis.o)
    0x000204d8   0x000204d8   0x00000048   Code   RO         1738    i.svcTimerStart     RTX_CM3.lib(rt_cmsis.o)
    0x00020520   0x00020520   0x00000054   Code   RO         1744    i.sysTimerTick      RTX_CM3.lib(rt_cmsis.o)
    0x00020574   0x00020574   0x00000054   Code   RO         3551    i.unlink_clus       FS_LFN_CM3_L.lib(fs_fat.o)
    0x000205c8   0x000205c8   0x000000ae   Code   RO         3552    i.write_cache       FS_LFN_CM3_L.lib(fs_fat.o)
    0x00020676   0x00020676   0x00000030   Code   RO         3553    i.write_sector      FS_LFN_CM3_L.lib(fs_fat.o)
    0x000206a6   0x000206a6   0x00000002   PAD
    0x000206a8   0x000206a8   0x0000002c   Code   RO         4008    locale$$code        c_w.l(lc_ctype_c.o)
    0x000206d4   0x000206d4   0x000002b0   Code   RO         3729    x$fpl$ddiv          fz_ws.l(ddiv.o)
    0x00020984   0x00020984   0x0000005a   Code   RO         3732    x$fpl$dfixu         fz_ws.l(dfixu.o)
    0x000209de   0x000209de   0x00000026   Code   RO         3736    x$fpl$dfltu         fz_ws.l(dflt_clz.o)
    0x00020a04   0x00020a04   0x0000009c   Code   RO         3881    x$fpl$dnaninf       fz_ws.l(dnaninf.o)
    0x00020aa0   0x00020aa0   0x0000000c   Code   RO         3883    x$fpl$dretinf       fz_ws.l(dretinf.o)
    0x00020aac   0x00020aac   0x00000000   Code   RO         3885    x$fpl$usenofp       fz_ws.l(usenofp.o)
    0x00020aac   0x00020aac   0x00000010   Data   RO            4    .constdata          sictxt.o
    0x00020abc   0x00020abc   0x00000005   Data   RO            5    .constdata          sictxt.o
    0x00020ac1   0x00020ac1   0x00000001   Data   RO            6    .constdata          sictxt.o
    0x00020ac2   0x00020ac2   0x00000007   Data   RO            7    .constdata          sictxt.o
    0x00020ac9   0x00020ac9   0x00000008   Data   RO            8    .constdata          sictxt.o
    0x00020ad1   0x00020ad1   0x00000078   Data   RO            9    .constdata          sictxt.o
    0x00020b49   0x00020b49   0x00000020   Data   RO           10    .constdata          sictxt.o
    0x00020b69   0x00020b69   0x0000000a   Data   RO           11    .constdata          sictxt.o
    0x00020b73   0x00020b73   0x00000028   Data   RO           12    .constdata          sictxt.o
    0x00020b9b   0x00020b9b   0x00000027   Data   RO           13    .constdata          sictxt.o
    0x00020bc2   0x00020bc2   0x00000005   Data   RO           14    .constdata          sictxt.o
    0x00020bc7   0x00020bc7   0x00000003   Data   RO           15    .constdata          sictxt.o
    0x00020bca   0x00020bca   0x00000003   Data   RO           16    .constdata          sictxt.o
    0x00020bcd   0x00020bcd   0x0000000f   Data   RO           17    .constdata          sictxt.o
    0x00020bdc   0x00020bdc   0x0000001c   Data   RO           18    .constdata          sictxt.o
    0x00020bf8   0x00020bf8   0x0000000a   Data   RO           19    .constdata          sictxt.o
    0x00020c02   0x00020c02   0x00000007   Data   RO           20    .constdata          sictxt.o
    0x00020c09   0x00020c09   0x00000004   Data   RO           21    .constdata          sictxt.o
    0x00020c0d   0x00020c0d   0x00000012   Data   RO           22    .constdata          sictxt.o
    0x00020c1f   0x00020c1f   0x0000000f   Data   RO           23    .constdata          sictxt.o
    0x00020c2e   0x00020c2e   0x00000010   Data   RO           24    .constdata          sictxt.o
    0x00020c3e   0x00020c3e   0x00000013   Data   RO           25    .constdata          sictxt.o
    0x00020c51   0x00020c51   0x0000000d   Data   RO           26    .constdata          sictxt.o
    0x00020c5e   0x00020c5e   0x00000007   Data   RO           27    .constdata          sictxt.o
    0x00020c65   0x00020c65   0x00000001   PAD
    0x00020c66   0x00020c66   0x0000001e   Data   RO           28    .constdata          sictxt.o
    0x00020c84   0x00020c84   0x0000003c   Data   RO           29    .constdata          sictxt.o
    0x00020cc0   0x00020cc0   0x00000038   Data   RO           30    .constdata          sictxt.o
    0x00020cf8   0x00020cf8   0x00000070   Data   RO           31    .constdata          sictxt.o
    0x00020d68   0x00020d68   0x0000001c   Data   RO           32    .constdata          sictxt.o
    0x00020d84   0x00020d84   0x00000010   Data   RO           33    .constdata          sictxt.o
    0x00020d94   0x00020d94   0x00000010   Data   RO           34    .constdata          sictxt.o
    0x00020da4   0x00020da4   0x00000014   Data   RO           35    .constdata          sictxt.o
    0x00020db8   0x00020db8   0x00000010   Data   RO           36    .constdata          sictxt.o
    0x00020dc8   0x00020dc8   0x0000000c   Data   RO           37    .constdata          sictxt.o
    0x00020dd4   0x00020dd4   0x00000010   Data   RO           38    .constdata          sictxt.o
    0x00020de4   0x00020de4   0x00000018   Data   RO           39    .constdata          sictxt.o
    0x00020dfc   0x00020dfc   0x00000200   Data   RO          346    .constdata          libtool.o
    0x00020ffc   0x00020ffc   0x00000070   Data   RO          387    .constdata          i2cm.o
    0x0002106c   0x0002106c   0x00000011   Data   RO          547    .constdata          sio.o
    0x0002107d   0x0002107d   0x00000003   PAD
    0x00021080   0x00021080   0x0000000c   Data   RO          577    .constdata          sictst.o
    0x0002108c   0x0002108c   0x0000003c   Data   RO          632    .constdata          rtc.o
    0x000210c8   0x000210c8   0x00000030   Data   RO          665    .constdata          measure.o
    0x000210f8   0x000210f8   0x00000030   Data   RO          742    .constdata          gsmio.o
    0x00021128   0x00021128   0x0000000a   Data   RO          771    .constdata          mqtt.o
    0x00021132   0x00021132   0x00000003   Data   RO          824    .constdata          sictxt_d-f-i.o
    0x00021135   0x00021135   0x00000003   Data   RO          825    .constdata          sictxt_d-f-i.o
    0x00021138   0x00021138   0x0000001e   Data   RO          826    .constdata          sictxt_d-f-i.o
    0x00021156   0x00021156   0x00000019   Data   RO          827    .constdata          sictxt_d-f-i.o
    0x0002116f   0x0002116f   0x0000001d   Data   RO          828    .constdata          sictxt_d-f-i.o
    0x0002118c   0x0002118c   0x00000046   Data   RO          829    .constdata          sictxt_d-f-i.o
    0x000211d2   0x000211d2   0x00000193   Data   RO          830    .constdata          sictxt_d-f-i.o
    0x00021365   0x00021365   0x00000018   Data   RO          831    .constdata          sictxt_d-f-i.o
    0x0002137d   0x0002137d   0x0000003a   Data   RO          832    .constdata          sictxt_d-f-i.o
    0x000213b7   0x000213b7   0x00000150   Data   RO          833    .constdata          sictxt_d-f-i.o
    0x00021507   0x00021507   0x00000012   Data   RO          834    .constdata          sictxt_d-f-i.o
    0x00021519   0x00021519   0x0000004f   Data   RO          835    .constdata          sictxt_d-f-i.o
    0x00021568   0x00021568   0x0000001e   Data   RO          836    .constdata          sictxt_d-f-i.o
    0x00021586   0x00021586   0x0000001f   Data   RO          837    .constdata          sictxt_d-f-i.o
    0x000215a5   0x000215a5   0x00000016   Data   RO          838    .constdata          sictxt_d-f-i.o
    0x000215bb   0x000215bb   0x00000018   Data   RO          839    .constdata          sictxt_d-f-i.o
    0x000215d3   0x000215d3   0x00000004   Data   RO          840    .constdata          sictxt_d-f-i.o
    0x000215d7   0x000215d7   0x0000001f   Data   RO          841    .constdata          sictxt_d-f-i.o
    0x000215f6   0x000215f6   0x00000036   Data   RO          842    .constdata          sictxt_d-f-i.o
    0x0002162c   0x0002162c   0x00000034   Data   RO          843    .constdata          sictxt_d-f-i.o
    0x00021660   0x00021660   0x00000068   Data   RO          844    .constdata          sictxt_d-f-i.o
    0x000216c8   0x000216c8   0x00000043   Data   RO          845    .constdata          sictxt_d-f-i.o
    0x0002170b   0x0002170b   0x00000044   Data   RO          846    .constdata          sictxt_d-f-i.o
    0x0002174f   0x0002174f   0x00000045   Data   RO          847    .constdata          sictxt_d-f-i.o
    0x00021794   0x00021794   0x00000055   Data   RO          848    .constdata          sictxt_d-f-i.o
    0x000217e9   0x000217e9   0x0000002d   Data   RO          849    .constdata          sictxt_d-f-i.o
    0x00021816   0x00021816   0x0000002c   Data   RO          850    .constdata          sictxt_d-f-i.o
    0x00021842   0x00021842   0x0000003f   Data   RO          851    .constdata          sictxt_d-f-i.o
    0x00021881   0x00021881   0x00000023   Data   RO          852    .constdata          sictxt_d-f-i.o
    0x000218a4   0x000218a4   0x0000003c   Data   RO          853    .constdata          sictxt_d-f-i.o
    0x000218e0   0x000218e0   0x00000010   Data   RO          854    .constdata          sictxt_d-f-i.o
    0x000218f0   0x000218f0   0x00000011   Data   RO          855    .constdata          sictxt_d-f-i.o
    0x00021901   0x00021901   0x00000028   Data   RO          856    .constdata          sictxt_d-f-i.o
    0x00021929   0x00021929   0x00000022   Data   RO          857    .constdata          sictxt_d-f-i.o
    0x0002194b   0x0002194b   0x00000019   Data   RO          858    .constdata          sictxt_d-f-i.o
    0x00021964   0x00021964   0x00000029   Data   RO          859    .constdata          sictxt_d-f-i.o
    0x0002198d   0x0002198d   0x00000031   Data   RO          860    .constdata          sictxt_d-f-i.o
    0x000219be   0x000219be   0x00000022   Data   RO          861    .constdata          sictxt_d-f-i.o
    0x000219e0   0x000219e0   0x0000001e   Data   RO          862    .constdata          sictxt_d-f-i.o
    0x000219fe   0x000219fe   0x00000034   Data   RO          863    .constdata          sictxt_d-f-i.o
    0x00021a32   0x00021a32   0x00000044   Data   RO          864    .constdata          sictxt_d-f-i.o
    0x00021a76   0x00021a76   0x00000062   Data   RO          865    .constdata          sictxt_d-f-i.o
    0x00021ad8   0x00021ad8   0x0000003b   Data   RO          866    .constdata          sictxt_d-f-i.o
    0x00021b13   0x00021b13   0x0000003c   Data   RO          867    .constdata          sictxt_d-f-i.o
    0x00021b4f   0x00021b4f   0x00000037   Data   RO          868    .constdata          sictxt_d-f-i.o
    0x00021b86   0x00021b86   0x00000046   Data   RO          869    .constdata          sictxt_d-f-i.o
    0x00021bcc   0x00021bcc   0x0000004d   Data   RO          870    .constdata          sictxt_d-f-i.o
    0x00021c19   0x00021c19   0x00000066   Data   RO          871    .constdata          sictxt_d-f-i.o
    0x00021c7f   0x00021c7f   0x00000035   Data   RO          872    .constdata          sictxt_d-f-i.o
    0x00021cb4   0x00021cb4   0x00000057   Data   RO          873    .constdata          sictxt_d-f-i.o
    0x00021d0b   0x00021d0b   0x00000050   Data   RO          874    .constdata          sictxt_d-f-i.o
    0x00021d5b   0x00021d5b   0x00000042   Data   RO          875    .constdata          sictxt_d-f-i.o
    0x00021d9d   0x00021d9d   0x00000034   Data   RO          876    .constdata          sictxt_d-f-i.o
    0x00021dd1   0x00021dd1   0x0000003d   Data   RO          877    .constdata          sictxt_d-f-i.o
    0x00021e0e   0x00021e0e   0x00000032   Data   RO          878    .constdata          sictxt_d-f-i.o
    0x00021e40   0x00021e40   0x00000053   Data   RO          879    .constdata          sictxt_d-f-i.o
    0x00021e93   0x00021e93   0x00000070   Data   RO          880    .constdata          sictxt_d-f-i.o
    0x00021f03   0x00021f03   0x00000032   Data   RO          881    .constdata          sictxt_d-f-i.o
    0x00021f35   0x00021f35   0x000000cb   Data   RO          882    .constdata          sictxt_d-f-i.o
    0x00022000   0x00022000   0x00000038   Data   RO          883    .constdata          sictxt_d-f-i.o
    0x00022038   0x00022038   0x0000003d   Data   RO          884    .constdata          sictxt_d-f-i.o
    0x00022075   0x00022075   0x0000003a   Data   RO          885    .constdata          sictxt_d-f-i.o
    0x000220af   0x000220af   0x0000003e   Data   RO          886    .constdata          sictxt_d-f-i.o
    0x000220ed   0x000220ed   0x00000031   Data   RO          887    .constdata          sictxt_d-f-i.o
    0x0002211e   0x0002211e   0x00000025   Data   RO          888    .constdata          sictxt_d-f-i.o
    0x00022143   0x00022143   0x0000001b   Data   RO          889    .constdata          sictxt_d-f-i.o
    0x0002215e   0x0002215e   0x0000002c   Data   RO          890    .constdata          sictxt_d-f-i.o
    0x0002218a   0x0002218a   0x0000001a   Data   RO          891    .constdata          sictxt_d-f-i.o
    0x000221a4   0x000221a4   0x000000f0   Data   RO          892    .constdata          sictxt_d-f-i.o
    0x00022294   0x00022294   0x000000a0   Data   RO          893    .constdata          sictxt_d-f-i.o
    0x00022334   0x00022334   0x0000004d   Data   RO          894    .constdata          sictxt_d-f-i.o
    0x00022381   0x00022381   0x00000044   Data   RO          895    .constdata          sictxt_d-f-i.o
    0x000223c5   0x000223c5   0x0000009c   Data   RO          896    .constdata          sictxt_d-f-i.o
    0x00022461   0x00022461   0x00000047   Data   RO          897    .constdata          sictxt_d-f-i.o
    0x000224a8   0x000224a8   0x00000032   Data   RO          898    .constdata          sictxt_d-f-i.o
    0x000224da   0x000224da   0x00000052   Data   RO          899    .constdata          sictxt_d-f-i.o
    0x0002252c   0x0002252c   0x00000038   Data   RO          900    .constdata          sictxt_d-f-i.o
    0x00022564   0x00022564   0x0000009e   Data   RO          901    .constdata          sictxt_d-f-i.o
    0x00022602   0x00022602   0x00000086   Data   RO          902    .constdata          sictxt_d-f-i.o
    0x00022688   0x00022688   0x00000020   Data   RO          903    .constdata          sictxt_d-f-i.o
    0x000226a8   0x000226a8   0x00000032   Data   RO          904    .constdata          sictxt_d-f-i.o
    0x000226da   0x000226da   0x0000003b   Data   RO          905    .constdata          sictxt_d-f-i.o
    0x00022715   0x00022715   0x00000031   Data   RO          906    .constdata          sictxt_d-f-i.o
    0x00022746   0x00022746   0x0000001f   Data   RO          907    .constdata          sictxt_d-f-i.o
    0x00022765   0x00022765   0x00000059   Data   RO          908    .constdata          sictxt_d-f-i.o
    0x000227be   0x000227be   0x0000002c   Data   RO          909    .constdata          sictxt_d-f-i.o
    0x000227ea   0x000227ea   0x00000042   Data   RO          910    .constdata          sictxt_d-f-i.o
    0x0002282c   0x0002282c   0x0000003f   Data   RO          911    .constdata          sictxt_d-f-i.o
    0x0002286b   0x0002286b   0x00000036   Data   RO          912    .constdata          sictxt_d-f-i.o
    0x000228a1   0x000228a1   0x000000dc   Data   RO          913    .constdata          sictxt_d-f-i.o
    0x0002297d   0x0002297d   0x0000002d   Data   RO          914    .constdata          sictxt_d-f-i.o
    0x000229aa   0x000229aa   0x00000022   Data   RO          915    .constdata          sictxt_d-f-i.o
    0x000229cc   0x000229cc   0x00000026   Data   RO          916    .constdata          sictxt_d-f-i.o
    0x000229f2   0x000229f2   0x0000002a   Data   RO          917    .constdata          sictxt_d-f-i.o
    0x00022a1c   0x00022a1c   0x00000019   Data   RO          918    .constdata          sictxt_d-f-i.o
    0x00022a35   0x00022a35   0x00000019   Data   RO          919    .constdata          sictxt_d-f-i.o
    0x00022a4e   0x00022a4e   0x00000027   Data   RO          920    .constdata          sictxt_d-f-i.o
    0x00022a75   0x00022a75   0x00000021   Data   RO          921    .constdata          sictxt_d-f-i.o
    0x00022a96   0x00022a96   0x00000052   Data   RO          922    .constdata          sictxt_d-f-i.o
    0x00022ae8   0x00022ae8   0x00000015   Data   RO          923    .constdata          sictxt_d-f-i.o
    0x00022afd   0x00022afd   0x00000018   Data   RO          924    .constdata          sictxt_d-f-i.o
    0x00022b15   0x00022b15   0x00000026   Data   RO          925    .constdata          sictxt_d-f-i.o
    0x00022b3b   0x00022b3b   0x00000034   Data   RO          926    .constdata          sictxt_d-f-i.o
    0x00022b6f   0x00022b6f   0x0000002e   Data   RO          927    .constdata          sictxt_d-f-i.o
    0x00022b9d   0x00022b9d   0x00000024   Data   RO          928    .constdata          sictxt_d-f-i.o
    0x00022bc1   0x00022bc1   0x0000002b   Data   RO          929    .constdata          sictxt_d-f-i.o
    0x00022bec   0x00022bec   0x00000020   Data   RO          930    .constdata          sictxt_d-f-i.o
    0x00022c0c   0x00022c0c   0x00000049   Data   RO          931    .constdata          sictxt_d-f-i.o
    0x00022c55   0x00022c55   0x0000002f   Data   RO          932    .constdata          sictxt_d-f-i.o
    0x00022c84   0x00022c84   0x0000003f   Data   RO          933    .constdata          sictxt_d-f-i.o
    0x00022cc3   0x00022cc3   0x00000035   Data   RO          934    .constdata          sictxt_d-f-i.o
    0x00022cf8   0x00022cf8   0x00000055   Data   RO          935    .constdata          sictxt_d-f-i.o
    0x00022d4d   0x00022d4d   0x00000047   Data   RO          936    .constdata          sictxt_d-f-i.o
    0x00022d94   0x00022d94   0x00000059   Data   RO          937    .constdata          sictxt_d-f-i.o
    0x00022ded   0x00022ded   0x0000005c   Data   RO          938    .constdata          sictxt_d-f-i.o
    0x00022e49   0x00022e49   0x00000021   Data   RO          939    .constdata          sictxt_d-f-i.o
    0x00022e6a   0x00022e6a   0x0000011d   Data   RO          940    .constdata          sictxt_d-f-i.o
    0x00022f87   0x00022f87   0x00000043   Data   RO          941    .constdata          sictxt_d-f-i.o
    0x00022fca   0x00022fca   0x00000030   Data   RO          942    .constdata          sictxt_d-f-i.o
    0x00022ffa   0x00022ffa   0x0000004d   Data   RO          943    .constdata          sictxt_d-f-i.o
    0x00023047   0x00023047   0x00000049   Data   RO          944    .constdata          sictxt_d-f-i.o
    0x00023090   0x00023090   0x0000003d   Data   RO          945    .constdata          sictxt_d-f-i.o
    0x000230cd   0x000230cd   0x0000004e   Data   RO          946    .constdata          sictxt_d-f-i.o
    0x0002311b   0x0002311b   0x00000025   Data   RO          947    .constdata          sictxt_d-f-i.o
    0x00023140   0x00023140   0x00000053   Data   RO          948    .constdata          sictxt_d-f-i.o
    0x00023193   0x00023193   0x00000062   Data   RO          949    .constdata          sictxt_d-f-i.o
    0x000231f5   0x000231f5   0x00000038   Data   RO          950    .constdata          sictxt_d-f-i.o
    0x0002322d   0x0002322d   0x0000002d   Data   RO          953    .constdata          sictxt_d-f-i.o
    0x0002325a   0x0002325a   0x00000024   Data   RO          954    .constdata          sictxt_d-f-i.o
    0x0002327e   0x0002327e   0x00000023   Data   RO          955    .constdata          sictxt_d-f-i.o
    0x000232a1   0x000232a1   0x00000025   Data   RO          956    .constdata          sictxt_d-f-i.o
    0x000232c6   0x000232c6   0x0000002d   Data   RO          957    .constdata          sictxt_d-f-i.o
    0x000232f3   0x000232f3   0x0000002f   Data   RO          958    .constdata          sictxt_d-f-i.o
    0x00023322   0x00023322   0x0000003c   Data   RO          959    .constdata          sictxt_d-f-i.o
    0x0002335e   0x0002335e   0x00000053   Data   RO          960    .constdata          sictxt_d-f-i.o
    0x000233b1   0x000233b1   0x00000019   Data   RO          961    .constdata          sictxt_d-f-i.o
    0x000233ca   0x000233ca   0x00000002   Data   RO         1097    .constdata          rtx_conf_cm.o
    0x000233cc   0x000233cc   0x00000004   Data   RO         1098    .constdata          rtx_conf_cm.o
    0x000233d0   0x000233d0   0x00000004   Data   RO         1099    .constdata          rtx_conf_cm.o
    0x000233d4   0x000233d4   0x00000002   Data   RO         1101    .constdata          rtx_conf_cm.o
    0x000233d6   0x000233d6   0x00000002   Data   RO         1102    .constdata          rtx_conf_cm.o
    0x000233d8   0x000233d8   0x00000004   Data   RO         1103    .constdata          rtx_conf_cm.o
    0x000233dc   0x000233dc   0x00000001   Data   RO         1104    .constdata          rtx_conf_cm.o
    0x000233dd   0x000233dd   0x00000003   PAD
    0x000233e0   0x000233e0   0x00000010   Data   RO         1105    .constdata          rtx_conf_cm.o
    0x000233f0   0x000233f0   0x00000002   Data   RO         1106    .constdata          rtx_conf_cm.o
    0x000233f2   0x000233f2   0x00000002   PAD
    0x000233f4   0x000233f4   0x00000004   Data   RO         1107    .constdata          rtx_conf_cm.o
    0x000233f8   0x000233f8   0x00000004   Data   RO         1108    .constdata          rtx_conf_cm.o
    0x000233fc   0x000233fc   0x00000001   Data   RO         1109    .constdata          rtx_conf_cm.o
    0x000233fd   0x000233fd   0x00000003   PAD
    0x00023400   0x00023400   0x00000010   Data   RO         1110    .constdata          rtx_conf_cm.o
    0x00023410   0x00023410   0x00000008   Data   RO         1111    .constdata          rtx_conf_cm.o
    0x00023418   0x00023418   0x00000002   Data   RO         1112    .constdata          rtx_conf_cm.o
    0x0002341a   0x0002341a   0x00000002   PAD
    0x0002341c   0x0002341c   0x00000034   Data   RO         1147    .constdata          i2c_lpc17xx.o
    0x00023450   0x00023450   0x00000030   Data   RO         1148    .constdata          i2c_lpc17xx.o
    0x00023480   0x00023480   0x00000008   Data   RO         1236    .constdata          usbd_lpc17xx.o
    0x00023488   0x00023488   0x00000048   Data   RO         1237    .constdata          usbd_lpc17xx.o
    0x000234d0   0x000234d0   0x00000008   Data   RO         1272    .constdata          usbh_lpc17xx.o
    0x000234d8   0x000234d8   0x00000018   Data   RO         1273    .constdata          usbh_lpc17xx.o
    0x000234f0   0x000234f0   0x00000001   Data   RO         1422    .constdata          fs_config.o
    0x000234f1   0x000234f1   0x00000001   Data   RO         1423    .constdata          fs_config.o
    0x000234f2   0x000234f2   0x00000001   Data   RO         1424    .constdata          fs_config.o
    0x000234f3   0x000234f3   0x00000001   PAD
    0x000234f4   0x000234f4   0x00000018   Data   RO         1429    .constdata          fs_config.o
    0x0002350c   0x0002350c   0x00000008   Data   RO         1430    .constdata          fs_config.o
    0x00023514   0x00023514   0x00000006   Data   RO         1431    .constdata          fs_config.o
    0x0002351a   0x0002351a   0x00000007   Data   RO         1432    .constdata          fs_config.o
    0x00023521   0x00023521   0x00000007   Data   RO         1433    .constdata          fs_config.o
    0x00023528   0x00023528   0x00000010   Data   RO         1480    .constdata          usbd_config_0.o
    0x00023538   0x00023538   0x00000018   Data   RO         1481    .constdata          usbd_config_0.o
    0x00023550   0x00023550   0x00000004   Data   RO         1482    .constdata          usbd_config_0.o
    0x00023554   0x00023554   0x00000004   Data   RO         1483    .constdata          usbd_config_0.o
    0x00023558   0x00023558   0x00000001   Data   RO         1484    .constdata          usbd_config_0.o
    0x00023559   0x00023559   0x00000003   PAD
    0x0002355c   0x0002355c   0x00000004   Data   RO         1485    .constdata          usbd_config_0.o
    0x00023560   0x00023560   0x00000010   Data   RO         1486    .constdata          usbd_config_0.o
    0x00023570   0x00023570   0x00000010   Data   RO         1487    .constdata          usbd_config_0.o
    0x00023580   0x00023580   0x00000004   Data   RO         1488    .constdata          usbd_config_0.o
    0x00023584   0x00023584   0x00000004   Data   RO         1489    .constdata          usbd_config_0.o
    0x00023588   0x00023588   0x00000001   Data   RO         1490    .constdata          usbd_config_0.o
    0x00023589   0x00023589   0x00000003   PAD
    0x0002358c   0x0002358c   0x00000024   Data   RO         1491    .constdata          usbd_config_0.o
    0x000235b0   0x000235b0   0x00000004   Data   RO         1492    .constdata          usbd_config_0.o
    0x000235b4   0x000235b4   0x00000001   Data   RO         1493    .constdata          usbd_config_0.o
    0x000235b5   0x000235b5   0x00000003   PAD
    0x000235b8   0x000235b8   0x00000004   Data   RO         1494    .constdata          usbd_config_0.o
    0x000235bc   0x000235bc   0x00000004   Data   RO         1495    .constdata          usbd_config_0.o
    0x000235c0   0x000235c0   0x00000004   Data   RO         1496    .constdata          usbd_config_0.o
    0x000235c4   0x000235c4   0x00000004   Data   RO         1497    .constdata          usbd_config_0.o
    0x000235c8   0x000235c8   0x00000004   Data   RO         1498    .constdata          usbd_config_0.o
    0x000235cc   0x000235cc   0x00000004   Data   RO         1499    .constdata          usbd_config_0.o
    0x000235d0   0x000235d0   0x00000004   Data   RO         1500    .constdata          usbd_config_0.o
    0x000235d4   0x000235d4   0x00000004   Data   RO         1501    .constdata          usbd_config_0.o
    0x000235d8   0x000235d8   0x00000004   Data   RO         1502    .constdata          usbd_config_0.o
    0x000235dc   0x000235dc   0x00000004   Data   RO         1503    .constdata          usbd_config_0.o
    0x000235e0   0x000235e0   0x00000004   Data   RO         1504    .constdata          usbd_config_0.o
    0x000235e4   0x000235e4   0x00000007   Data   RO         1505    .constdata          usbd_config_0.o
    0x000235eb   0x000235eb   0x00000012   Data   RO         1506    .constdata          usbd_config_0.o
    0x000235fd   0x000235fd   0x0000004c   Data   RO         1507    .constdata          usbd_config_0.o
    0x00023649   0x00023649   0x00000001   Data   RO         1508    .constdata          usbd_config_0.o
    0x0002364a   0x0002364a   0x00000001   Data   RO         1509    .constdata          usbd_config_0.o
    0x0002364b   0x0002364b   0x00000001   Data   RO         1510    .constdata          usbd_config_0.o
    0x0002364c   0x0002364c   0x00000001   Data   RO         1511    .constdata          usbd_config_0.o
    0x0002364d   0x0002364d   0x00000001   Data   RO         1512    .constdata          usbd_config_0.o
    0x0002364e   0x0002364e   0x0000005c   Data   RO         1513    .constdata          usbd_config_0.o
    0x000236aa   0x000236aa   0x00000002   PAD
    0x000236ac   0x000236ac   0x00000004   Data   RO         1581    .constdata          usbh_config_0.o
    0x000236b0   0x000236b0   0x00000004   Data   RO         1582    .constdata          usbh_config_0.o
    0x000236b4   0x000236b4   0x00000004   Data   RO         1583    .constdata          usbh_config_0.o
    0x000236b8   0x000236b8   0x00000020   Data   RO         1584    .constdata          usbh_config_0.o
    0x000236d8   0x000236d8   0x00000001   Data   RO         1585    .constdata          usbh_config_0.o
    0x000236d9   0x000236d9   0x00000001   Data   RO         1588    .constdata          usbh_config_0.o
    0x000236da   0x000236da   0x00000001   Data   RO         1589    .constdata          usbh_config_0.o
    0x000236db   0x000236db   0x00000001   Data   RO         1590    .constdata          usbh_config_0.o
    0x000236dc   0x000236dc   0x00000001   Data   RO         1592    .constdata          usbh_config_0.o
    0x000236dd   0x000236dd   0x00000003   PAD
    0x000236e0   0x000236e0   0x00000004   Data   RO         1593    .constdata          usbh_config_0.o
    0x000236e4   0x000236e4   0x00000004   Data   RO         1594    .constdata          usbh_config_0.o
    0x000236e8   0x000236e8   0x00000004   Data   RO         1596    .constdata          usbh_config_0.o
    0x000236ec   0x000236ec   0x00000004   Data   RO         1598    .constdata          usbh_config_0.o
    0x000236f0   0x000236f0   0x00000004   Data   RO         1599    .constdata          usbh_config_0.o
    0x000236f4   0x000236f4   0x00000004   Data   RO         1600    .constdata          usbh_config_0.o
    0x000236f8   0x000236f8   0x00000004   Data   RO         1601    .constdata          usbh_config_0.o
    0x000236fc   0x000236fc   0x00000004   Data   RO         1602    .constdata          usbh_config_0.o
    0x00023700   0x00023700   0x00000004   Data   RO         1603    .constdata          usbh_config_0.o
    0x00023704   0x00023704   0x00000010   Data   RO         1604    .constdata          usbh_config_0.o
    0x00023714   0x00023714   0x00000004   Data   RO         1605    .constdata          usbh_config_0.o
    0x00023718   0x00023718   0x00000002   Data   RO         1606    .constdata          usbh_config_0.o
    0x0002371a   0x0002371a   0x00000002   PAD
    0x0002371c   0x0002371c   0x00000004   Data   RO         1607    .constdata          usbh_config_0.o
    0x00023720   0x00023720   0x00000004   Data   RO         1608    .constdata          usbh_config_0.o
    0x00023724   0x00023724   0x00000008   Data   RO         1609    .constdata          usbh_config_0.o
    0x0002372c   0x0002372c   0x00000004   Data   RO         1610    .constdata          usbh_config_0.o
    0x00023730   0x00023730   0x00000004   Data   RO         1611    .constdata          usbh_config_0.o
    0x00023734   0x00023734   0x00000004   Data   RO         1612    .constdata          usbh_config_0.o
    0x00023738   0x00023738   0x00000028   Data   RO         2676    .constdata          USB_CM3_L.lib(usbh_ohci.o)
    0x00023760   0x00023760   0x00000048   Data   RO         2677    .constdata          USB_CM3_L.lib(usbh_ohci.o)
    0x000237a8   0x000237a8   0x000004ac   Data   RO         3554    .constdata          FS_LFN_CM3_L.lib(fs_fat.o)
    0x00023c54   0x00023c54   0x000001c9   Data   RO           40    .conststring        sictxt.o
    0x00023e1d   0x00023e1d   0x00000003   PAD
    0x00023e20   0x00023e20   0x00000034   Data   RO           41    .conststring        sictxt.o
    0x00023e54   0x00023e54   0x0000001f   Data   RO           43    .conststring        sictxt.o
    0x00023e73   0x00023e73   0x00000001   PAD
    0x00023e74   0x00023e74   0x00000003   Data   RO           44    .conststring        sictxt.o
    0x00023e77   0x00023e77   0x00000001   PAD
    0x00023e78   0x00023e78   0x00000047   Data   RO           45    .conststring        sictxt.o
    0x00023ebf   0x00023ebf   0x00000001   PAD
    0x00023ec0   0x00023ec0   0x0000000d   Data   RO           46    .conststring        sictxt.o
    0x00023ecd   0x00023ecd   0x00000003   PAD
    0x00023ed0   0x00023ed0   0x0000003f   Data   RO           47    .conststring        sictxt.o
    0x00023f0f   0x00023f0f   0x00000001   PAD
    0x00023f10   0x00023f10   0x00000015   Data   RO           48    .conststring        sictxt.o
    0x00023f25   0x00023f25   0x00000003   PAD
    0x00023f28   0x00023f28   0x0000020f   Data   RO          518    .conststring        sicom.o
    0x00024137   0x00024137   0x00000001   PAD
    0x00024138   0x00024138   0x00000098   Data   RO          743    .conststring        gsmio.o
    0x000241d0   0x000241d0   0x00000075   Data   RO          773    .conststring        mqtt.o
    0x00024245   0x00024245   0x00000003   PAD
    0x00024248   0x00024248   0x00000030   Data   RO         4063    Region$$Table       anon$$obj.o
    0x00024278   0x00024278   0x00000110   Data   RO         4007    locale$$data        c_w.l(lc_ctype_c.o)


    Execution Region RW_IRAM1 (Exec base: 0x10000000, Load base: 0x00024388, Size: 0x00003430, Max: 0x00008000, ABSOLUTE, COMPRESSED[0x00000064])

    Exec Addr    Load Addr    Size         Type   Attr      Idx    E Section Name        Object

    0x10000000   0x00024388   0x00000338   Code   RO          492    .text               ramcode.o
    0x10000338   COMPRESSED   0x00000004   Data   RW          220    .data               hard.o
    0x1000033c   COMPRESSED   0x0000001c   Data   RW          221    .data               hard.o
    0x10000358   COMPRESSED   0x00000001   Data   RW          222    .data               hard.o
    0x10000359   COMPRESSED   0x00000003   PAD
    0x1000035c   COMPRESSED   0x00000004   Data   RW          223    .data               hard.o
    0x10000360   COMPRESSED   0x00000001   Data   RW          224    .data               hard.o
    0x10000361   COMPRESSED   0x00000001   Data   RW          225    .data               hard.o
    0x10000362   COMPRESSED   0x00000002   PAD
    0x10000364   COMPRESSED   0x00000004   Data   RW          226    .data               hard.o
    0x10000368   COMPRESSED   0x00000001   Data   RW          227    .data               hard.o
    0x10000369   COMPRESSED   0x00000001   Data   RW          228    .data               hard.o
    0x1000036a   COMPRESSED   0x00000001   Data   RW          229    .data               hard.o
    0x1000036b   COMPRESSED   0x00000001   PAD
    0x1000036c   COMPRESSED   0x00000004   Data   RW          230    .data               hard.o
    0x10000370   COMPRESSED   0x00000001   Data   RW          231    .data               hard.o
    0x10000371   COMPRESSED   0x00000001   PAD
    0x10000372   COMPRESSED   0x00000002   Data   RW          233    .data               hard.o
    0x10000374   COMPRESSED   0x00000002   Data   RW          235    .data               hard.o
    0x10000376   COMPRESSED   0x00000001   Data   RW          236    .data               hard.o
    0x10000377   COMPRESSED   0x00000001   Data   RW          237    .data               hard.o
    0x10000378   COMPRESSED   0x00000004   Data   RW          238    .data               hard.o
    0x1000037c   COMPRESSED   0x00000001   Data   RW          239    .data               hard.o
    0x1000037d   COMPRESSED   0x00000003   PAD
    0x10000380   COMPRESSED   0x00000004   Data   RW          240    .data               hard.o
    0x10000384   COMPRESSED   0x00000001   Data   RW          241    .data               hard.o
    0x10000385   COMPRESSED   0x00000001   Data   RW          242    .data               hard.o
    0x10000386   COMPRESSED   0x00000001   Data   RW          243    .data               hard.o
    0x10000387   COMPRESSED   0x00000001   PAD
    0x10000388   COMPRESSED   0x00000002   Data   RW          244    .data               hard.o
    0x1000038a   COMPRESSED   0x00000001   Data   RW          245    .data               hard.o
    0x1000038b   COMPRESSED   0x00000001   Data   RW          246    .data               hard.o
    0x1000038c   COMPRESSED   0x00000004   Data   RW          388    .data               i2cm.o
    0x10000390   COMPRESSED   0x0000000c   Data   RW          424    .data               fio.o
    0x1000039c   COMPRESSED   0x00000007   Data   RW          602    .data               usb_tools.o
    0x100003a3   COMPRESSED   0x00000001   PAD
    0x100003a4   COMPRESSED   0x00000004   Data   RW         1114    .data               rtx_conf_cm.o
    0x100003a8   COMPRESSED   0x00000010   Data   RW         1115    .data               rtx_conf_cm.o
    0x100003b8   COMPRESSED   0x00000004   Data   RW         1116    .data               rtx_conf_cm.o
    0x100003bc   COMPRESSED   0x00000004   Data   RW         1117    .data               rtx_conf_cm.o
    0x100003c0   COMPRESSED   0x00000004   Data   RW         1118    .data               rtx_conf_cm.o
    0x100003c4   COMPRESSED   0x00000004   Data   RW         1149    .data               i2c_lpc17xx.o
    0x100003c8   COMPRESSED   0x00000004   Data   RW         1201    .data               otg_lpc17xx.o
    0x100003cc   COMPRESSED   0x00000018   Data   RW         1238    .data               usbd_lpc17xx.o
    0x100003e4   COMPRESSED   0x00000008   Data   RW         1274    .data               usbh_lpc17xx.o
    0x100003ec   COMPRESSED   0x00000004   Data   RW         1306    .data               gpdma_lpc17xx.o
    0x100003f0   COMPRESSED   0x00000004   Data   RW         1393    .data               system_lpc17xx.o
    0x100003f4   COMPRESSED   0x00000004   Data   RW         1434    .data               fs_config.o
    0x100003f8   COMPRESSED   0x00000008   Data   RW         1514    .data               usbd_config_0.o
    0x10000400   COMPRESSED   0x0000000c   Data   RW         1515    .data               usbd_config_0.o
    0x1000040c   COMPRESSED   0x00000004   Data   RW         1516    .data               usbd_config_0.o
    0x10000410   COMPRESSED   0x00000004   Data   RW         1517    .data               usbd_config_0.o
    0x10000414   COMPRESSED   0x00000024   Data   RW         1518    .data               usbd_config_0.o
    0x10000438   COMPRESSED   0x00000004   Data   RW         1519    .data               usbd_config_0.o
    0x1000043c   COMPRESSED   0x00000002   Data   RW         1520    .data               usbd_config_0.o
    0x1000043e   COMPRESSED   0x00000002   PAD
    0x10000440   COMPRESSED   0x00000004   Data   RW         1521    .data               usbd_config_0.o
    0x10000444   COMPRESSED   0x00000004   Data   RW         1522    .data               usbd_config_0.o
    0x10000448   COMPRESSED   0x00000004   Data   RW         1523    .data               usbd_config_0.o
    0x1000044c   COMPRESSED   0x00000004   Data   RW         1524    .data               usbd_config_0.o
    0x10000450   COMPRESSED   0x00000004   Data   RW         1613    .data               usbh_config_0.o
    0x10000454   COMPRESSED   0x00000004   Data   RW         1614    .data               usbh_config_0.o
    0x10000458   COMPRESSED   0x00000004   Data   RW         1616    .data               usbh_config_0.o
    0x1000045c   COMPRESSED   0x00000008   Data   RW         1618    .data               usbh_config_0.o
    0x10000464   COMPRESSED   0x00000004   Data   RW         1619    .data               usbh_config_0.o
    0x10000468   COMPRESSED   0x00000004   Data   RW         1620    .data               usbh_config_0.o
    0x1000046c   COMPRESSED   0x00000004   Data   RW         1621    .data               usbh_config_0.o
    0x10000470   COMPRESSED   0x00000004   Data   RW         1622    .data               usbh_config_0.o
    0x10000474   COMPRESSED   0x00000004   Data   RW         1623    .data               usbh_config_0.o
    0x10000478   COMPRESSED   0x00000008   Data   RW         1747    .data               RTX_CM3.lib(rt_cmsis.o)
    0x10000480   COMPRESSED   0x00000008   Data   RW         2267    .data               RTX_CM3.lib(rt_task.o)
    0x10000488   COMPRESSED   0x00000001   Data   RW         2392    .data               FS_LFN_CM3_L.lib(fs_mapi.o)
    0x10000489   COMPRESSED   0x00000003   PAD
    0x1000048c   COMPRESSED   0x00000004   Data   RW         2418    .data               FS_LFN_CM3_L.lib(fs_stdio.o)
    0x10000490   COMPRESSED   0x00000010   Data   RW         2678    .data               USB_CM3_L.lib(usbh_ohci.o)
    0x100004a0   COMPRESSED   0x00000008   Data   RW         2906    .data               RTX_CM3.lib(rt_system.o)
    0x100004a8   COMPRESSED   0x00000004   Data   RW         3196    .data               RTX_CM3.lib(rt_time.o)
    0x100004ac   COMPRESSED   0x00000008   Data   RW         3227    .data               RTX_CM3.lib(rt_robin.o)
    0x100004b4   COMPRESSED   0x00000001   Data   RW         3306    .data               RTX_CM3.lib(hal_cm.o)
    0x100004b5   COMPRESSED   0x00000001   Data   RW         3364    .data               FS_LFN_CM3_L.lib(fs_common.o)
    0x100004b6   COMPRESSED   0x00000002   PAD
    0x100004b8   COMPRESSED   0x00000004   Data   RW         3688    .data               c_w.l(streamlock.o)
    0x100004bc   COMPRESSED   0x00000004   Data   RW         3829    .data               c_w.l(stdio_streams.o)
    0x100004c0   COMPRESSED   0x00000004   Data   RW         3830    .data               c_w.l(stdio_streams.o)
    0x100004c4   COMPRESSED   0x00000004   Data   RW         3831    .data               c_w.l(stdio_streams.o)
    0x100004c8        -       0x00000020   Zero   RW         1090    .bss                rtx_conf_cm.o
    0x100004e8        -       0x000001e0   Zero   RW         1091    .bss                rtx_conf_cm.o
    0x100006c8        -       0x00000210   Zero   RW         1092    .bss                rtx_conf_cm.o
    0x100008d8        -       0x00001118   Zero   RW         1093    .bss                rtx_conf_cm.o
    0x100019f0        -       0x00000084   Zero   RW         1094    .bss                rtx_conf_cm.o
    0x10001a74        -       0x00000024   Zero   RW         1095    .bss                rtx_conf_cm.o
    0x10001a98        -       0x000003e0   Zero   RW         1096    .bss                rtx_conf_cm.o
    0x10001e78        -       0x00000024   Zero   RW         1146    .bss                i2c_lpc17xx.o
    0x10001e9c        -       0x00000300   Zero   RW         1235    .bss                usbd_lpc17xx.o
    0x1000219c        -       0x00000020   Zero   RW         1305    .bss                gpdma_lpc17xx.o
    0x100021bc        -       0x000000a0   Zero   RW         1420    .bss                fs_config.o
    0x1000225c        -       0x0000047c   Zero   RW         1421    .bss                fs_config.o
    0x100026d8        -       0x00000010   Zero   RW         1474    .bss                usbd_config_0.o
    0x100026e8        -       0x00000038   Zero   RW         1475    .bss                usbd_config_0.o
    0x10002720        -       0x00000100   Zero   RW         1476    .bss                usbd_config_0.o
    0x10002820        -       0x00000100   Zero   RW         1477    .bss                usbd_config_0.o
    0x10002920        -       0x0000000a   Zero   RW         1478    .bss                usbd_config_0.o
    0x1000292a   COMPRESSED   0x00000002   PAD
    0x1000292c        -       0x00000030   Zero   RW         1479    .bss                usbd_config_0.o
    0x1000295c        -       0x00000034   Zero   RW         1574    .bss                usbh_config_0.o
    0x10002990        -       0x00000014   Zero   RW         1575    .bss                usbh_config_0.o
    0x100029a4        -       0x00000020   Zero   RW         1576    .bss                usbh_config_0.o
    0x100029c4        -       0x00000048   Zero   RW         1577    .bss                usbh_config_0.o
    0x10002a0c        -       0x00000018   Zero   RW         1578    .bss                usbh_config_0.o
    0x10002a24        -       0x00000038   Zero   RW         1579    .bss                usbh_config_0.o
    0x10002a5c        -       0x00000014   Zero   RW         1580    .bss                usbh_config_0.o
    0x10002a70        -       0x00000034   Zero   RW         2266    .bss                RTX_CM3.lib(rt_task.o)
    0x10002aa4        -       0x00000030   Zero   RW         3036    .bss                RTX_CM3.lib(rt_list.o)
    0x10002ad4        -       0x00000060   Zero   RW         3670    .bss                c_w.l(libspace.o)
    0x10002b34        -       0x00000054   Zero   RW         3826    .bss                c_w.l(stdio_streams.o)
    0x10002b88        -       0x00000054   Zero   RW         3827    .bss                c_w.l(stdio_streams.o)
    0x10002bdc        -       0x00000054   Zero   RW         3828    .bss                c_w.l(stdio_streams.o)
    0x10002c30        -       0x00000400   Zero   RW         1383    HEAP                startup_lpc17xx.o
    0x10003030        -       0x00000400   Zero   RW         1382    STACK               startup_lpc17xx.o


    Execution Region non_init (Exec base: 0x2007c000, Load base: 0x00024388, Size: 0x0000435c, Max: 0x00007fe0, ABSOLUTE, UNINIT)

    Exec Addr    Load Addr    Size         Type   Attr      Idx    E Section Name        Object

    0x2007c000        -       0x00000004   Zero   RW          248    non_init            hard.o
    0x2007c004        -       0x00000c5c   Zero   RW          249    non_init            hard.o
    0x2007cc60        -       0x00000d00   Zero   RW          250    non_init            hard.o
    0x2007d960        -       0x00000420   Zero   RW          251    non_init            hard.o
    0x2007dd80        -       0x00000420   Zero   RW          252    non_init            hard.o
    0x2007e1a0        -       0x00000010   Zero   RW          253    non_init            hard.o
    0x2007e1b0        -       0x00000014   Zero   RW          254    non_init            hard.o
    0x2007e1c4        -       0x00000002   Zero   RW          255    non_init            hard.o
    0x2007e1c6   0x00024388   0x00000002   PAD
    0x2007e1c8        -       0x00000004   Zero   RW          257    non_init            hard.o
    0x2007e1cc        -       0x00000004   Zero   RW          258    non_init            hard.o
    0x2007e1d0        -       0x00000004   Zero   RW          259    non_init            hard.o
    0x2007e1d4        -       0x00000001   Zero   RW          260    non_init            hard.o
    0x2007e1d5        -       0x00000001   Zero   RW          262    non_init            hard.o
    0x2007e1d6        -       0x00000001   Zero   RW          263    non_init            hard.o
    0x2007e1d7        -       0x00000001   Zero   RW          264    non_init            hard.o
    0x2007e1d8        -       0x00000001   Zero   RW          219    .ARM.__AT_0x2007E1D8  hard.o
    0x2007e1d9   0x00024388   0x00000003   PAD
    0x2007e1dc        -       0x00000004   Zero   RW          261    non_init            hard.o
    0x2007e1e0        -       0x00000001   Zero   RW          265    non_init            hard.o
    0x2007e1e1        -       0x00000001   Zero   RW          266    non_init            hard.o
    0x2007e1e2   0x00024388   0x00000002   PAD
    0x2007e1e4        -       0x00000004   Zero   RW          267    non_init            hard.o
    0x2007e1e8        -       0x00000004   Zero   RW          269    non_init            hard.o
    0x2007e1ec        -       0x00000004   Zero   RW          270    non_init            hard.o
    0x2007e1f0        -       0x00000004   Zero   RW          271    non_init            hard.o
    0x2007e1f4        -       0x00000004   Zero   RW          272    non_init            hard.o
    0x2007e1f8        -       0x00000001   Zero   RW          273    non_init            hard.o
    0x2007e1f9        -       0x00000001   Zero   RW          274    non_init            hard.o
    0x2007e1fa        -       0x00000001   Zero   RW          275    non_init            hard.o
    0x2007e1fb        -       0x00000001   Zero   RW          276    non_init            hard.o
    0x2007e1fc        -       0x00000001   Zero   RW          277    non_init            hard.o
    0x2007e1fd   0x00024388   0x00000003   PAD
    0x2007e200        -       0x00000004   Zero   RW          278    non_init            hard.o
    0x2007e204        -       0x00000002   Zero   RW          279    non_init            hard.o
    0x2007e206        -       0x00000001   Zero   RW          280    non_init            hard.o
    0x2007e207        -       0x00000001   Zero   RW          281    non_init            hard.o
    0x2007e208        -       0x00000d00   Zero   RW          282    non_init            hard.o
    0x2007ef08        -       0x00000002   Zero   RW          283    non_init            hard.o
    0x2007ef0a        -       0x00000001   Zero   RW          284    non_init            hard.o
    0x2007ef0b   0x00024388   0x00000001   PAD
    0x2007ef0c        -       0x00000040   Zero   RW          285    non_init            hard.o
    0x2007ef4c        -       0x00000001   Zero   RW          286    non_init            hard.o
    0x2007ef4d   0x00024388   0x00000001   PAD
    0x2007ef4e        -       0x00000006   Zero   RW          287    non_init            hard.o
    0x2007ef54        -       0x00000006   Zero   RW          288    non_init            hard.o
    0x2007ef5a        -       0x00000001   Zero   RW          289    non_init            hard.o
    0x2007ef5b        -       0x00000001   Zero   RW          290    non_init            hard.o
    0x2007ef5c        -       0x00000001   Zero   RW          291    non_init            hard.o
    0x2007ef5d        -       0x00000001   Zero   RW          292    non_init            hard.o
    0x2007ef5e        -       0x00000001   Zero   RW          293    non_init            hard.o
    0x2007ef5f        -       0x00000001   Zero   RW          294    non_init            hard.o
    0x2007ef60        -       0x00000001   Zero   RW          295    non_init            hard.o
    0x2007ef61        -       0x00000001   Zero   RW          296    non_init            hard.o
    0x2007ef62        -       0x00000002   Zero   RW          297    non_init            hard.o
    0x2007ef64        -       0x00000001   Zero   RW          298    non_init            hard.o
    0x2007ef65        -       0x00000001   Zero   RW          299    non_init            hard.o
    0x2007ef66        -       0x00000001   Zero   RW          300    non_init            hard.o
    0x2007ef67        -       0x00000010   Zero   RW          301    non_init            hard.o
    0x2007ef77   0x00024388   0x00000001   PAD
    0x2007ef78        -       0x00000002   Zero   RW          302    non_init            hard.o
    0x2007ef7a        -       0x00000002   Zero   RW          303    non_init            hard.o
    0x2007ef7c        -       0x00000030   Zero   RW          304    non_init            hard.o
    0x2007efac        -       0x00000017   Zero   RW          305    non_init            hard.o
    0x2007efc3        -       0x00000001   Zero   RW          306    non_init            hard.o
    0x2007efc4   0x00024388   0x0000103c   PAD
    0x20080000        -       0x00000100   Zero   RW         1570    .ARM.__AT_0x20080000  usbh_config_0.o
    0x20080100        -       0x00000030   Zero   RW         1571    .ARM.__AT_0x20080100  usbh_config_0.o
    0x20080130        -       0x00000020   Zero   RW         1572    .ARM.__AT_0x20080130  usbh_config_0.o
    0x20080150        -       0x0000020c   Zero   RW         1573    .ARM.__AT_0x20080150  usbh_config_0.o


==============================================================================

Image component sizes


      Code (inc. data)   RO Data    RW Data    ZI Data      Debug   Object Name

      4732       1156          0          0          0       6444   btio.o
       408         52          0         12          0       5893   fio.o
      2868        226          0          0          0       5441   flash.o
       624         36         55          4       1308      34508   fs_config.o
       536         20          0          4         32       7795   gpdma_lpc17xx.o
      3144        442          0          0          0       4456   gpsio.o
     10744       2314        200          0          0      14119   gsmio.o
      2844        172       4100         73      12215      42994   hard.o
      2032         60        100          4         36      51648   i2c_lpc17xx.o
      1078         40        112          4          0      28091   i2cm.o
      6256        880        512          0          0      37316   libtool.o
      1452        212          0          0          0      43733   main.o
      2592        346         48          0          0       3785   measure.o
     10636       1808        127          0          0      15449   mqtt.o
       372          6          0          4          0       2152   otg_lpc17xx.o
       152          6          0          0          0       1248   pin_lpc17xx.o
       824         58          0          0          0       2872   ramcode.o
      2072        118         60          0          0      29701   rtc.o
       176         36         72         32       6576       8629   rtx_conf_cm.o
     15176       2860        527          0          0      16423   sicom.o
      3628        514         12          0          0       7117   sictst.o
         0          0       1558          0          0      27218   sictxt.o
         0          0       8856          0          0       6396   sictxt_d-f-i.o
      3768        248         17          0          0      14815   sio.o
        64         26        204          0       2048        816   startup_lpc17xx.o
       364         36          0          4          0       1113   system_lpc17xx.o
      1812        380          0          7          0       4905   usb_tools.o
       324          4        377         86        642      21172   usbd_config_0.o
      2580        106         80         24        768      14566   usbd_lpc17xx.o
        68          0        135         40       1136      16434   usbh_config_0.o
       296         24         32          8          0       6825   usbh_lpc17xx.o
      2184         70          0          0          0       6184   xmodem.o

    ----------------------------------------------------------------------
     83868      12256      17280        320      28932     490258   Object Totals
        60          0         48          0          0          0   (incl. Generated)
         2          0         48         14       4171          0   (incl. Padding)

    ----------------------------------------------------------------------

      Code (inc. data)   RO Data    RW Data    ZI Data      Debug   Library Member Name

       180         22          0          1          0        152   fs_common.o
      9428        162       1196          0          0       5864   fs_fat.o
       976        116          0          1          0        804   fs_mapi.o
        76         14          0          4          0        136   fs_stdio.o
       600         46          0          0          0        572   fs_sys.o
       190         24          0          1          0       2404   hal_cm.o
       304         36          0          0          0        684   hal_cm3.o
      2206        254          0          8          0      40945   rt_cmsis.o
       300         24          0          0          0       2375   rt_event.o
       562         46          0          0         48       6952   rt_list.o
       546         10          0          0          0       2937   rt_mailbox.o
       128          0          0          0          0       1441   rt_membox.o
       126          0          0          0          0       1751   rt_memory.o
       336         12          0          0          0       1613   rt_mutex.o
        96         22          0          8          0        918   rt_robin.o
       278         18          0          0          0       2706   rt_semaphore.o
       334         66          0          8          0       5983   rt_system.o
      1252        186          0          8         52       8247   rt_task.o
         6          0          0          4          0        476   rt_time.o
         4          4          0          0          0        124   svc_table.o
      1804        162          0          0          0       2060   usbd_cdc.o
      4974        314          0          0          0       3632   usbd_core.o
       364         26          0          0          0        168   usbd_core_cdc.o
      7614        418          0          0          0       4076   usbh_core.o
       192         18          0          0          0        232   usbh_mem.o
      3596        160          0          0          0       1940   usbh_msc.o
      3228        186        112         16          0       2772   usbh_ohci.o
        90          0          0          0          0          0   __dczerorl2.o
         8          0          0          0          0         68   __main.o
        52          8          0          0          0          0   __scatter.o
        26          0          0          0          0          0   __scatter_copy.o
        28          0          0          0          0          0   __scatter_zi.o
        10          0          0          0          0         68   defsig_exit.o
        50          0          0          0          0         88   defsig_general.o
        80         58          0          0          0         76   defsig_rtmem_inner.o
        14          0          0          0          0         80   defsig_rtmem_outer.o
        52         38          0          0          0         76   defsig_rtred_inner.o
        14          0          0          0          0         80   defsig_rtred_outer.o
        12          0          0          0          0         72   exit.o
        76          0          0          0          0         88   fclose.o
        52          6          0          0          0         80   fclose_locked.o
       144         10          0          0          0        128   fflush_locked.o
       570          0          0          0          0        132   filbuf.o
       470          0          0          0          0         88   flsbuf.o
        92          8          0          0          0         88   flushlinebuffered_locked.o
       324          8          0          0          0        152   fopen_locked.o
        26          0          0          0          0         68   fputc.o
        54          0          0          0          0         80   fputs_locked.o
       306          0          0          0          0         96   freadfast_locked.o
       248          6          0          0          0         84   fseek.o
        66          0          0          0          0         76   ftell.o
       208          0          0          0          0         92   fwritefast_locked.o
       158          0          0          0          0        128   h1_alloc_mt.o
        62          0          0          0          0         80   h1_extend_mt.o
       118          0          0          0          0        108   h1_free_mt.o
        18          0          0          0          0         84   h1_init_mt.o
         6          0          0          0          0        152   heapauxi.o
         4          0          0          0          0        136   hguard.o
       138          0          0          0          0        168   init_alloc.o
       456         48          0          0          0        116   initio_locked.o
        44         10        272          0          0         76   lc_ctype_c.o
         2          0          0          0          0          0   libinit.o
        32          0          0          0          0          0   libinit2.o
         2          0          0          0          0          0   libshutdown.o
         6          0          0          0          0          0   libshutdown2.o
         8          4          0          0         96         68   libspace.o
        72          0          0          0          0         76   llsdiv.o
       238          0          0          0          0        100   lludivv7m.o
         0          0          0          0          0          0   maybetermalloc1.o
        16          4          0          0          0         76   rt_ctype_table.o
         4          0          0          0          0         68   rt_errno_addr_twolibspace.o
        10          0          0          0          0         76   rt_heap_descriptor_twolibspace.o
        10          0          0          0          0         76   rt_locale_twolibspace.o
        68          0          0          0          0         68   rt_memclr.o
        78          0          0          0          0         80   rt_memclr_w.o
       138          0          0          0          0         68   rt_memcpy_v6.o
       100          0          0          0          0         80   rt_memcpy_w.o
         2          0          0          0          0          0   rtexit.o
        10          0          0          0          0          0   rtexit2.o
       104          0          0          0          0         88   setvbuf_locked.o
       240          6          0          0          0        156   stdio.o
         0          0          0         12        252          0   stdio_streams.o
        24          0          0          0          0         68   strcat.o
       128          0          0          0          0         68   strcmpv7m.o
        72          0          0          0          0         80   strcpy.o
         0          0          0          4          0          0   streamlock.o
        62          0          0          0          0         76   strlen.o
        50          0          0          0          0         84   strncasecmp.o
        36          0          0          0          0         80   strstr.o
        74          0          0          0          0         80   sys_stackheap_outer.o
        26          0          0          0          0         76   tolower.o
         2          0          0          0          0         68   use_no_semi.o
       688        140          0          0          0        208   ddiv.o
        90          4          0          0          0         92   dfixu.o
        38          0          0          0          0         68   dflt_clz.o
       156          4          0          0          0         92   dnaninf.o
        12          0          0          0          0         68   dretinf.o
         0          0          0          0          0          0   usenofp.o

    ----------------------------------------------------------------------
     46456       2708       1580         80        448     107160   Library Totals
        82          0          0          5          0          0   (incl. Padding)

    ----------------------------------------------------------------------

      Code (inc. data)   RO Data    RW Data    ZI Data      Debug   Library Name

     11260        360       1196          6          0       7528   FS_LFN_CM3_L.lib
      6668        702          0         37        100      79556   RTX_CM3.lib
     21772       1284        112         16          0      14880   USB_CM3_L.lib
      5690        214        272         16        348       4668   c_w.l
       984        148          0          0          0        528   fz_ws.l

    ----------------------------------------------------------------------
     46456       2708       1580         80        448     107160   Library Totals

    ----------------------------------------------------------------------

==============================================================================


      Code (inc. data)   RO Data    RW Data    ZI Data      Debug   

    130324      14964      18860        400      29380     570962   Grand Totals
    130324      14964      18860        100      29380     570962   ELF Image Totals (compressed)
    130324      14964      18860        100          0          0   ROM Totals

==============================================================================

    Total RO  Size (Code + RO Data)               149184 ( 145.69kB)
    Total RW  Size (RW Data + ZI Data)             29780 (  29.08kB)
    Total ROM Size (Code + RO Data + RW Data)     149284 ( 145.79kB)

==============================================================================

